2024-05-21T19:09:59.0709181Z Current runner version: '2.316.1'
2024-05-21T19:09:59.0714458Z Runner name: 'bm-i-014f222431941168d-worker-07'
2024-05-21T19:09:59.0715143Z Runner group name: 'Default'
2024-05-21T19:09:59.0715877Z Machine name: '5cdb67335c65'
2024-05-21T19:09:59.0718005Z ##[group]GITHUB_TOKEN Permissions
2024-05-21T19:09:59.0719664Z Contents: read
2024-05-21T19:09:59.0720154Z Metadata: read
2024-05-21T19:09:59.0720520Z ##[endgroup]
2024-05-21T19:09:59.0722474Z Secret source: Actions
2024-05-21T19:09:59.0723122Z Prepare workflow directory
2024-05-21T19:09:59.1700742Z Prepare all required actions
2024-05-21T19:09:59.1867304Z Getting action download info
2024-05-21T19:09:59.3320866Z Download action repository 'actions/checkout@v4' (SHA:a5ac7e51b41094c92402da3b24376905380afc29)
2024-05-21T19:09:59.6050657Z Download action repository 'actions/download-artifact@v4' (SHA:65a9edc5881444af0b9093a5e628f2fe47ea3b2e)
2024-05-21T19:09:59.8887210Z Download action repository 'libbpf/ci@main' (SHA:5618ba5cc00e40916ecddccbd5f885b29b83b68e)
2024-05-21T19:10:00.1842290Z Uses: kernel-patches/bpf/.github/workflows/kernel-test.yml@refs/pull/7045/merge (667c925c3dc60eca9aef2debd09f6a1c59791d12)
2024-05-21T19:10:00.1845078Z ##[group] Inputs
2024-05-21T19:10:00.1845501Z   arch: x86_64
2024-05-21T19:10:00.1845860Z   toolchain_full: gcc
2024-05-21T19:10:00.1846277Z   runs_on: [
  "self-hosted",
  "x86_64"
]
2024-05-21T19:10:00.1846780Z   kernel: LATEST
2024-05-21T19:10:00.1847138Z   test: test_progs
2024-05-21T19:10:00.1847496Z   continue_on_error: false
2024-05-21T19:10:00.1848390Z   timeout_minutes: 360
2024-05-21T19:10:00.1848789Z ##[endgroup]
2024-05-21T19:10:00.1849657Z Complete job name: x86_64-gcc / test (test_progs, false, 360) / test_progs on x86_64 with gcc
2024-05-21T19:10:00.2560931Z ##[group]Run actions/checkout@v4
2024-05-21T19:10:00.2561433Z with:
2024-05-21T19:10:00.2561771Z   repository: kernel-patches/bpf
2024-05-21T19:10:00.2562403Z   token: ***
2024-05-21T19:10:00.2562736Z   ssh-strict: true
2024-05-21T19:10:00.2563076Z   ssh-user: git
2024-05-21T19:10:00.2563427Z   persist-credentials: true
2024-05-21T19:10:00.2563923Z   clean: true
2024-05-21T19:10:00.2564490Z   sparse-checkout-cone-mode: true
2024-05-21T19:10:00.2564950Z   fetch-depth: 1
2024-05-21T19:10:00.2565313Z   fetch-tags: false
2024-05-21T19:10:00.2565703Z   show-progress: true
2024-05-21T19:10:00.2566066Z   lfs: false
2024-05-21T19:10:00.2566407Z   submodules: false
2024-05-21T19:10:00.2566792Z   set-safe-directory: true
2024-05-21T19:10:00.2567185Z env:
2024-05-21T19:10:00.2567495Z   KERNEL: LATEST
2024-05-21T19:10:00.2567873Z   REPO_ROOT: /tmp/work/bpf/bpf
2024-05-21T19:10:00.2568296Z   REPO_PATH: 
2024-05-21T19:10:00.2568659Z   KBUILD_OUTPUT: kbuild-output/
2024-05-21T19:10:00.2569169Z   CONTINUE_ON_ERROR: false
2024-05-21T19:10:00.2569581Z ##[endgroup]
2024-05-21T19:10:00.3859042Z Syncing repository: kernel-patches/bpf
2024-05-21T19:10:00.3861279Z ##[group]Getting Git version info
2024-05-21T19:10:00.3862126Z Working directory is '/tmp/work/bpf/bpf'
2024-05-21T19:10:00.3863225Z [command]/usr/bin/git version
2024-05-21T19:10:00.3863750Z git version 2.45.1
2024-05-21T19:10:00.3865468Z ##[endgroup]
2024-05-21T19:10:00.3877254Z Copying '/root/.gitconfig' to '/tmp/work/_temp/65d4a763-dd13-4d7f-8bb2-b52b3be35d78/.gitconfig'
2024-05-21T19:10:00.3878944Z Temporarily overriding HOME='/tmp/work/_temp/65d4a763-dd13-4d7f-8bb2-b52b3be35d78' before making global git config changes
2024-05-21T19:10:00.3880405Z Adding repository directory to the temporary git global config as a safe directory
2024-05-21T19:10:00.3881626Z [command]/usr/bin/git config --global --add safe.directory /tmp/work/bpf/bpf
2024-05-21T19:10:00.3883316Z Deleting the contents of '/tmp/work/bpf/bpf'
2024-05-21T19:10:00.3884425Z ##[group]Initializing the repository
2024-05-21T19:10:00.3885016Z [command]/usr/bin/git init /tmp/work/bpf/bpf
2024-05-21T19:10:00.3892603Z hint: Using 'master' as the name for the initial branch. This default branch name
2024-05-21T19:10:00.3894104Z hint: is subject to change. To configure the initial branch name to use in all
2024-05-21T19:10:00.3895438Z hint: of your new repositories, which will suppress this warning, call:
2024-05-21T19:10:00.3896650Z hint:
2024-05-21T19:10:00.3897280Z hint: 	git config --global init.defaultBranch <name>
2024-05-21T19:10:00.3897899Z hint:
2024-05-21T19:10:00.3898630Z hint: Names commonly chosen instead of 'master' are 'main', 'trunk' and
2024-05-21T19:10:00.3899958Z hint: 'development'. The just-created branch can be renamed via this command:
2024-05-21T19:10:00.3900927Z hint:
2024-05-21T19:10:00.3901341Z hint: 	git branch -m <name>
2024-05-21T19:10:00.3901990Z Initialized empty Git repository in /tmp/work/bpf/bpf/.git/
2024-05-21T19:10:00.3903751Z [command]/usr/bin/git remote add origin https://github.com/kernel-patches/bpf
2024-05-21T19:10:00.3918917Z ##[endgroup]
2024-05-21T19:10:00.3919683Z ##[group]Disabling automatic garbage collection
2024-05-21T19:10:00.3922029Z [command]/usr/bin/git config --local gc.auto 0
2024-05-21T19:10:00.3942486Z ##[endgroup]
2024-05-21T19:10:00.3943295Z ##[group]Setting up auth
2024-05-21T19:10:00.3947162Z [command]/usr/bin/git config --local --name-only --get-regexp core\.sshCommand
2024-05-21T19:10:00.3969110Z [command]/usr/bin/git submodule foreach --recursive sh -c "git config --local --name-only --get-regexp 'core\.sshCommand' && git config --local --unset-all 'core.sshCommand' || :"
2024-05-21T19:10:00.4132178Z [command]/usr/bin/git config --local --name-only --get-regexp http\.https\:\/\/github\.com\/\.extraheader
2024-05-21T19:10:00.4158791Z [command]/usr/bin/git submodule foreach --recursive sh -c "git config --local --name-only --get-regexp 'http\.https\:\/\/github\.com\/\.extraheader' && git config --local --unset-all 'http.https://github.com/.extraheader' || :"
2024-05-21T19:10:00.4324005Z [command]/usr/bin/git config --local http.https://github.com/.extraheader AUTHORIZATION: basic ***
2024-05-21T19:10:00.4349918Z ##[endgroup]
2024-05-21T19:10:00.4350708Z ##[group]Fetching the repository
2024-05-21T19:10:00.4357992Z [command]/usr/bin/git -c protocol.version=2 fetch --no-tags --prune --no-recurse-submodules --depth=1 origin +667c925c3dc60eca9aef2debd09f6a1c59791d12:refs/remotes/pull/7045/merge
2024-05-21T19:10:43.0560398Z From https://github.com/kernel-patches/bpf
2024-05-21T19:10:43.0561360Z  * [new ref]             667c925c3dc60eca9aef2debd09f6a1c59791d12 -> pull/7045/merge
2024-05-21T19:10:43.0578832Z ##[endgroup]
2024-05-21T19:10:43.0582417Z ##[group]Determining the checkout info
2024-05-21T19:10:43.0583076Z ##[endgroup]
2024-05-21T19:10:43.0583849Z [command]/usr/bin/git sparse-checkout disable
2024-05-21T19:10:43.0615055Z [command]/usr/bin/git config --local --unset-all extensions.worktreeConfig
2024-05-21T19:10:43.0635412Z ##[group]Checking out the ref
2024-05-21T19:10:43.0637674Z [command]/usr/bin/git checkout --progress --force refs/remotes/pull/7045/merge
2024-05-21T19:10:44.1468303Z Updating files:  32% (27758/84874)
2024-05-21T19:10:44.2080389Z Updating files:  33% (28009/84874)
2024-05-21T19:10:44.2490710Z Updating files:  34% (28858/84874)
2024-05-21T19:10:44.3032827Z Updating files:  35% (29706/84874)
2024-05-21T19:10:44.3502526Z Updating files:  36% (30555/84874)
2024-05-21T19:10:44.4041956Z Updating files:  37% (31404/84874)
2024-05-21T19:10:44.4638911Z Updating files:  38% (32253/84874)
2024-05-21T19:10:44.5169341Z Updating files:  39% (33101/84874)
2024-05-21T19:10:45.1366756Z Updating files:  40% (33950/84874)
2024-05-21T19:10:45.4804939Z Updating files:  40% (34150/84874)
2024-05-21T19:10:45.5367987Z Updating files:  41% (34799/84874)
2024-05-21T19:10:45.5826010Z Updating files:  42% (35648/84874)
2024-05-21T19:10:45.6178298Z Updating files:  43% (36496/84874)
2024-05-21T19:10:45.6546464Z Updating files:  44% (37345/84874)
2024-05-21T19:10:45.7058695Z Updating files:  45% (38194/84874)
2024-05-21T19:10:45.7530263Z Updating files:  46% (39043/84874)
2024-05-21T19:10:45.8047480Z Updating files:  47% (39891/84874)
2024-05-21T19:10:45.8681181Z Updating files:  48% (40740/84874)
2024-05-21T19:10:45.9215189Z Updating files:  49% (41589/84874)
2024-05-21T19:10:45.9760069Z Updating files:  50% (42437/84874)
2024-05-21T19:10:46.0352392Z Updating files:  51% (43286/84874)
2024-05-21T19:10:46.0845035Z Updating files:  52% (44135/84874)
2024-05-21T19:10:46.1307217Z Updating files:  53% (44984/84874)
2024-05-21T19:10:46.1336706Z Updating files:  54% (45832/84874)
2024-05-21T19:10:46.1847878Z Updating files:  54% (45887/84874)
2024-05-21T19:10:46.2480566Z Updating files:  55% (46681/84874)
2024-05-21T19:10:46.3310902Z Updating files:  56% (47530/84874)
2024-05-21T19:10:46.4098326Z Updating files:  57% (48379/84874)
2024-05-21T19:10:46.4790605Z Updating files:  58% (49227/84874)
2024-05-21T19:10:46.5527128Z Updating files:  59% (50076/84874)
2024-05-21T19:10:46.6360187Z Updating files:  60% (50925/84874)
2024-05-21T19:10:46.6988322Z Updating files:  61% (51774/84874)
2024-05-21T19:10:46.7681075Z Updating files:  62% (52622/84874)
2024-05-21T19:10:46.8205731Z Updating files:  63% (53471/84874)
2024-05-21T19:10:46.8878918Z Updating files:  64% (54320/84874)
2024-05-21T19:10:46.9351697Z Updating files:  65% (55169/84874)
2024-05-21T19:10:47.0113809Z Updating files:  66% (56017/84874)
2024-05-21T19:10:47.0944205Z Updating files:  67% (56866/84874)
2024-05-21T19:10:47.1276253Z Updating files:  68% (57715/84874)
2024-05-21T19:10:47.1339017Z Updating files:  69% (58564/84874)
2024-05-21T19:10:47.1712002Z Updating files:  69% (58689/84874)
2024-05-21T19:10:47.2378149Z Updating files:  70% (59412/84874)
2024-05-21T19:10:47.3006651Z Updating files:  71% (60261/84874)
2024-05-21T19:10:47.3525904Z Updating files:  72% (61110/84874)
2024-05-21T19:10:47.4227948Z Updating files:  73% (61959/84874)
2024-05-21T19:10:47.4923045Z Updating files:  74% (62807/84874)
2024-05-21T19:10:47.5472823Z Updating files:  75% (63656/84874)
2024-05-21T19:10:47.5742455Z Updating files:  76% (64505/84874)
2024-05-21T19:10:47.6019930Z Updating files:  77% (65353/84874)
2024-05-21T19:10:47.6391216Z Updating files:  78% (66202/84874)
2024-05-21T19:10:47.6692964Z Updating files:  79% (67051/84874)
2024-05-21T19:10:47.7051450Z Updating files:  80% (67900/84874)
2024-05-21T19:10:47.7412830Z Updating files:  81% (68748/84874)
2024-05-21T19:10:47.7739315Z Updating files:  82% (69597/84874)
2024-05-21T19:10:47.8436622Z Updating files:  83% (70446/84874)
2024-05-21T19:10:47.9074433Z Updating files:  84% (71295/84874)
2024-05-21T19:10:47.9740924Z Updating files:  85% (72143/84874)
2024-05-21T19:10:48.0327467Z Updating files:  86% (72992/84874)
2024-05-21T19:10:48.0611623Z Updating files:  87% (73841/84874)
2024-05-21T19:10:48.1077787Z Updating files:  88% (74690/84874)
2024-05-21T19:10:48.1335047Z Updating files:  89% (75538/84874)
2024-05-21T19:10:48.1768507Z Updating files:  89% (75835/84874)
2024-05-21T19:10:48.2336588Z Updating files:  90% (76387/84874)
2024-05-21T19:10:48.2695750Z Updating files:  91% (77236/84874)
2024-05-21T19:10:48.3079298Z Updating files:  92% (78085/84874)
2024-05-21T19:10:48.3505073Z Updating files:  93% (78933/84874)
2024-05-21T19:10:48.3857655Z Updating files:  94% (79782/84874)
2024-05-21T19:10:48.4166006Z Updating files:  95% (80631/84874)
2024-05-21T19:10:48.4382330Z Updating files:  96% (81480/84874)
2024-05-21T19:10:48.4646136Z Updating files:  97% (82328/84874)
2024-05-21T19:10:48.4935731Z Updating files:  98% (83177/84874)
2024-05-21T19:10:48.5180765Z Updating files:  99% (84026/84874)
2024-05-21T19:10:48.5181238Z Updating files: 100% (84874/84874)
2024-05-21T19:10:48.5181667Z Updating files: 100% (84874/84874), done.
2024-05-21T19:10:48.6058769Z Note: switching to 'refs/remotes/pull/7045/merge'.
2024-05-21T19:10:48.6059202Z 
2024-05-21T19:10:48.6059707Z You are in 'detached HEAD' state. You can look around, make experimental
2024-05-21T19:10:48.6060545Z changes and commit them, and you can discard any commits you make in this
2024-05-21T19:10:48.6061321Z state without impacting any branches by switching back to a branch.
2024-05-21T19:10:48.6061768Z 
2024-05-21T19:10:48.6062089Z If you want to create a new branch to retain commits you create, you may
2024-05-21T19:10:48.6063204Z do so (now or later) by using -c with the switch command. Example:
2024-05-21T19:10:48.6063636Z 
2024-05-21T19:10:48.6063820Z   git switch -c <new-branch-name>
2024-05-21T19:10:48.6064101Z 
2024-05-21T19:10:48.6066043Z Or undo this operation with:
2024-05-21T19:10:48.6066351Z 
2024-05-21T19:10:48.6066477Z   git switch -
2024-05-21T19:10:48.6066648Z 
2024-05-21T19:10:48.6066992Z Turn off this advice by setting config variable advice.detachedHead to false
2024-05-21T19:10:48.6067520Z 
2024-05-21T19:10:48.6068069Z HEAD is now at 667c925c3 Merge f0772d5fb862f4f537944782ab4b5602834c0356 into fb42b3debe846543d4153133ee06c3e6ff5d5f7f
2024-05-21T19:10:48.6259703Z ##[endgroup]
2024-05-21T19:10:48.6295560Z [command]/usr/bin/git log -1 --format='%H'
2024-05-21T19:10:48.6317744Z '667c925c3dc60eca9aef2debd09f6a1c59791d12'
2024-05-21T19:10:48.6689661Z ##[group]Run actions/download-artifact@v4
2024-05-21T19:10:48.6690247Z with:
2024-05-21T19:10:48.6690653Z   name: vmlinux-x86_64-gcc
2024-05-21T19:10:48.6691149Z   path: .
2024-05-21T19:10:48.6691414Z   merge-multiple: false
2024-05-21T19:10:48.6691764Z   repository: kernel-patches/bpf
2024-05-21T19:10:48.6692115Z   run-id: 9179546722
2024-05-21T19:10:48.6692394Z env:
2024-05-21T19:10:48.6692660Z   KERNEL: LATEST
2024-05-21T19:10:48.6693119Z   REPO_ROOT: /tmp/work/bpf/bpf
2024-05-21T19:10:48.6693655Z   REPO_PATH: 
2024-05-21T19:10:48.6694066Z   KBUILD_OUTPUT: kbuild-output/
2024-05-21T19:10:48.6694429Z   CONTINUE_ON_ERROR: false
2024-05-21T19:10:48.6694754Z ##[endgroup]
2024-05-21T19:10:48.9058026Z Downloading single artifact
2024-05-21T19:10:49.0315389Z Preparing to download the following artifacts:
2024-05-21T19:10:49.0316048Z - vmlinux-x86_64-gcc (ID: 1524151648, Size: 86915115)
2024-05-21T19:10:49.0991383Z Redirecting to blob download url: https://productionresultssa16.blob.core.windows.net/actions-results/7db6f2e9-449f-4c7d-a5f2-fc8c4dd4f255/workflow-job-run-7677e93b-fdca-51ca-7b1e-4b4e983dd9b6/artifacts/a4c89251c031762bdc8f0a23852d88b8e8b52b17fa55b074bfc380002a7e18e4.zip
2024-05-21T19:10:49.0993367Z Starting download of artifact to: /tmp/work/bpf/bpf
2024-05-21T19:10:49.2482622Z (node:326) [DEP0005] DeprecationWarning: Buffer() is deprecated due to security and usability issues. Please use the Buffer.alloc(), Buffer.allocUnsafe(), or Buffer.from() methods instead.
2024-05-21T19:10:49.2484447Z (Use `node --trace-deprecation ...` to show where the warning was created)
2024-05-21T19:10:50.4734512Z Artifact download completed successfully.
2024-05-21T19:10:50.4735062Z Total of 1 artifact(s) downloaded
2024-05-21T19:10:50.4741732Z Download artifact has finished successfully
2024-05-21T19:10:50.4906366Z ##[group]Run zstd -d -T0  vmlinux-x86_64-gcc.tar.zst --stdout | tar -xf -
2024-05-21T19:10:50.4907211Z [36;1mzstd -d -T0  vmlinux-x86_64-gcc.tar.zst --stdout | tar -xf -[0m
2024-05-21T19:10:50.4924238Z shell: /usr/bin/bash -e {0}
2024-05-21T19:10:50.4924605Z env:
2024-05-21T19:10:50.4924846Z   KERNEL: LATEST
2024-05-21T19:10:50.4925156Z   REPO_ROOT: /tmp/work/bpf/bpf
2024-05-21T19:10:50.4925528Z   REPO_PATH: 
2024-05-21T19:10:50.4925817Z   KBUILD_OUTPUT: kbuild-output/
2024-05-21T19:10:50.4926201Z   CONTINUE_ON_ERROR: false
2024-05-21T19:10:50.4926538Z ##[endgroup]
2024-05-21T19:10:51.4570621Z ##[group]Run libbpf/ci/run-vmtest@main
2024-05-21T19:10:51.4571040Z with:
2024-05-21T19:10:51.4571334Z   arch: x86_64
2024-05-21T19:10:51.4571626Z   img: /tmp/root.img
2024-05-21T19:10:51.4571961Z   vmlinuz: /tmp/work/bpf/bpf/vmlinuz
2024-05-21T19:10:51.4572369Z   kernel-root: .
2024-05-21T19:10:51.4572664Z   max-cpu: 8
2024-05-21T19:10:51.4572943Z   kernel-test: test_progs
2024-05-21T19:10:51.4573270Z env:
2024-05-21T19:10:51.4573519Z   KERNEL: LATEST
2024-05-21T19:10:51.4573823Z   REPO_ROOT: /tmp/work/bpf/bpf
2024-05-21T19:10:51.4574189Z   REPO_PATH: 
2024-05-21T19:10:51.4574497Z   KBUILD_OUTPUT: kbuild-output/
2024-05-21T19:10:51.4574882Z   CONTINUE_ON_ERROR: false
2024-05-21T19:10:51.4575225Z ##[endgroup]
2024-05-21T19:10:51.4773527Z ##[group]Run BUILDDIR=$(realpath kbuild-output)
2024-05-21T19:10:51.4774225Z [36;1mBUILDDIR=$(realpath kbuild-output)[0m
2024-05-21T19:10:51.4774882Z [36;1mvmlinuz="$BUILDDIR/$(KBUILD_OUTPUT="${BUILDDIR}" make -C "." -s image_name)"[0m
2024-05-21T19:10:51.4775634Z [36;1mcp "$vmlinuz" /tmp/work/bpf/bpf/vmlinuz[0m
2024-05-21T19:10:51.4789540Z shell: /usr/bin/bash --noprofile --norc -e -o pipefail {0}
2024-05-21T19:10:51.4790022Z env:
2024-05-21T19:10:51.4790262Z   KERNEL: LATEST
2024-05-21T19:10:51.4790562Z   REPO_ROOT: /tmp/work/bpf/bpf
2024-05-21T19:10:51.4790891Z   REPO_PATH: 
2024-05-21T19:10:51.4791192Z   KBUILD_OUTPUT: kbuild-output/
2024-05-21T19:10:51.4791560Z   CONTINUE_ON_ERROR: false
2024-05-21T19:10:51.4791866Z ##[endgroup]
2024-05-21T19:10:51.5102063Z ##[group]Run curl -L https://github.com/chantra/danobi-vmtest/releases/download/v2.2.0/vmtest-$(uname -m) > /usr/bin/vmtest && chmod 755 /usr/bin/vmtest
2024-05-21T19:10:51.5103754Z [36;1mcurl -L https://github.com/chantra/danobi-vmtest/releases/download/v2.2.0/vmtest-$(uname -m) > /usr/bin/vmtest && chmod 755 /usr/bin/vmtest[0m
2024-05-21T19:10:51.5116312Z shell: /usr/bin/bash --noprofile --norc -e -o pipefail {0}
2024-05-21T19:10:51.5116810Z env:
2024-05-21T19:10:51.5117074Z   KERNEL: LATEST
2024-05-21T19:10:51.5117365Z   REPO_ROOT: /tmp/work/bpf/bpf
2024-05-21T19:10:51.5117717Z   REPO_PATH: 
2024-05-21T19:10:51.5118012Z   KBUILD_OUTPUT: kbuild-output/
2024-05-21T19:10:51.5118378Z   CONTINUE_ON_ERROR: false
2024-05-21T19:10:51.5118706Z ##[endgroup]
2024-05-21T19:10:51.5208215Z   % Total    % Received % Xferd  Average Speed   Time    Time     Time  Current
2024-05-21T19:10:51.5208933Z                                  Dload  Upload   Total   Spent    Left  Speed
2024-05-21T19:10:51.5209321Z 
2024-05-21T19:10:51.5599587Z   0     0    0     0    0     0      0      0 --:--:-- --:--:-- --:--:--     0
2024-05-21T19:10:51.5600321Z   0     0    0     0    0     0      0      0 --:--:-- --:--:-- --:--:--     0
2024-05-21T19:10:51.7001159Z 
2024-05-21T19:10:51.7002521Z 100 10.6M  100 10.6M    0     0  59.7M      0 --:--:-- --:--:-- --:--:-- 59.7M
2024-05-21T19:10:51.7060410Z ##[group]Run source "${GITHUB_ACTION_PATH}/../helpers.sh"
2024-05-21T19:10:51.7061132Z [36;1msource "${GITHUB_ACTION_PATH}/../helpers.sh"[0m
2024-05-21T19:10:51.7061773Z [36;1mfoldable start install_qemu "Installing QEMU tools"[0m
2024-05-21T19:10:51.7062455Z [36;1m# need gawk to support `--field-separator`[0m
2024-05-21T19:10:51.7063677Z [36;1msudo apt-get update && sudo apt-get install -y cpu-checker qemu-kvm qemu-utils qemu-system-x86 qemu-system-s390x qemu-system-arm qemu-guest-agent \[0m
2024-05-21T19:10:51.7064802Z [36;1m  ethtool keyutils iptables \[0m
2024-05-21T19:10:51.7065285Z [36;1m  gawk[0m
2024-05-21T19:10:51.7065676Z [36;1mfoldable end install_qemu[0m
2024-05-21T19:10:51.7078126Z shell: /usr/bin/bash --noprofile --norc -e -o pipefail {0}
2024-05-21T19:10:51.7078763Z env:
2024-05-21T19:10:51.7079098Z   KERNEL: LATEST
2024-05-21T19:10:51.7079449Z   REPO_ROOT: /tmp/work/bpf/bpf
2024-05-21T19:10:51.7079907Z   REPO_PATH: 
2024-05-21T19:10:51.7080287Z   KBUILD_OUTPUT: kbuild-output/
2024-05-21T19:10:51.7080693Z   CONTINUE_ON_ERROR: false
2024-05-21T19:10:51.7081132Z ##[endgroup]
2024-05-21T19:10:51.7112649Z ##[group]install_qemu - [1;33mInstalling QEMU tools[0m
2024-05-21T19:10:51.7982074Z Hit:1 https://download.docker.com/linux/ubuntu focal InRelease
2024-05-21T19:10:51.8195462Z Hit:2 https://apt.llvm.org/focal llvm-toolchain-focal InRelease
2024-05-21T19:10:51.8208615Z Hit:3 http://archive.ubuntu.com/ubuntu focal InRelease
2024-05-21T19:10:51.8254219Z Hit:4 http://security.ubuntu.com/ubuntu focal-security InRelease
2024-05-21T19:10:51.8436721Z Get:5 http://archive.ubuntu.com/ubuntu focal-updates InRelease [114 kB]
2024-05-21T19:10:51.9363426Z Hit:6 http://archive.ubuntu.com/ubuntu focal-backports InRelease
2024-05-21T19:10:51.9392269Z Hit:7 http://ppa.launchpad.net/git-core/ppa/ubuntu focal InRelease
2024-05-21T19:10:52.2445311Z Fetched 114 kB in 0s (238 kB/s)
2024-05-21T19:10:53.1890627Z Reading package lists...
2024-05-21T19:10:54.1443713Z Reading package lists...
2024-05-21T19:10:54.3375399Z Building dependency tree...
2024-05-21T19:10:54.3379653Z Reading state information...
2024-05-21T19:10:54.5091760Z cpu-checker is already the newest version (0.7-1.1).
2024-05-21T19:10:54.5092875Z ethtool is already the newest version (1:5.4-1).
2024-05-21T19:10:54.5093667Z gawk is already the newest version (1:5.0.1+dfsg-1ubuntu0.1).
2024-05-21T19:10:54.5094492Z iptables is already the newest version (1.8.4-3ubuntu2.1).
2024-05-21T19:10:54.5095332Z keyutils is already the newest version (1.6-6ubuntu1.1).
2024-05-21T19:10:54.5096306Z qemu-kvm is already the newest version (1:4.2-3ubuntu6.28).
2024-05-21T19:10:54.5097308Z qemu-system-arm is already the newest version (1:4.2-3ubuntu6.28).
2024-05-21T19:10:54.5098665Z qemu-system-s390x is already the newest version (1:4.2-3ubuntu6.28).
2024-05-21T19:10:54.5099505Z qemu-system-x86 is already the newest version (1:4.2-3ubuntu6.28).
2024-05-21T19:10:54.5100347Z qemu-utils is already the newest version (1:4.2-3ubuntu6.28).
2024-05-21T19:10:54.5101219Z qemu-guest-agent is already the newest version (1:4.2-3ubuntu6.28).
2024-05-21T19:10:54.5102016Z 0 upgraded, 0 newly installed, 0 to remove and 1 not upgraded.
2024-05-21T19:10:54.5105462Z ##[endgroup]
2024-05-21T19:10:54.5163585Z ##[group]Run ${GITHUB_ACTION_PATH}/run.sh
2024-05-21T19:10:54.5164248Z [36;1m${GITHUB_ACTION_PATH}/run.sh[0m
2024-05-21T19:10:54.5176933Z shell: /usr/bin/bash --noprofile --norc -e -o pipefail {0}
2024-05-21T19:10:54.5177476Z env:
2024-05-21T19:10:54.5177718Z   KERNEL: LATEST
2024-05-21T19:10:54.5178023Z   REPO_ROOT: /tmp/work/bpf/bpf
2024-05-21T19:10:54.5178359Z   REPO_PATH: 
2024-05-21T19:10:54.5178650Z   KBUILD_OUTPUT: kbuild-output/
2024-05-21T19:10:54.5179025Z   CONTINUE_ON_ERROR: false
2024-05-21T19:10:54.5179368Z   VMLINUZ: /tmp/work/bpf/bpf/vmlinuz
2024-05-21T19:10:54.5179750Z   IMG: /tmp/root.img
2024-05-21T19:10:54.5180040Z   KERNEL_ROOT: .
2024-05-21T19:10:54.5180301Z   MAX_CPU: 8
2024-05-21T19:10:54.5180581Z   KERNEL_TEST: test_progs
2024-05-21T19:10:54.5180896Z   OUTPUT_DIR: 
2024-05-21T19:10:54.5181168Z   PROJECT_NAME: /mnt/vmtest
2024-05-21T19:10:54.5181493Z ##[endgroup]
2024-05-21T19:10:54.5235204Z ##[group]bpftool_checks - [1;33mRunning bpftool checks...[0m
2024-05-21T19:10:54.5554213Z bpftool checks passed successfully.
2024-05-21T19:10:54.5555680Z ##[endgroup]
2024-05-21T19:10:54.5556519Z ##[group]vmtest - [1;33mStarting virtual machine...[0m
2024-05-21T19:10:54.5580057Z => vmlinuz
2024-05-21T19:10:54.5580458Z ===> Booting
2024-05-21T19:10:54.6352044Z No EFI environment detected.
2024-05-21T19:10:54.6352559Z early console in extract_kernel
2024-05-21T19:10:54.6354315Z input_data: 0x0000000003bef2c4
2024-05-21T19:10:54.6356664Z input_len: 0x0000000000bf62c0
2024-05-21T19:10:54.6358895Z output: 0x0000000001000000
2024-05-21T19:10:54.6361465Z output_len: 0x0000000002ed9450
2024-05-21T19:10:54.6364788Z kernel_total_size: 0x0000000003830000
2024-05-21T19:10:54.6367355Z needed_size: 0x0000000003a00000
2024-05-21T19:10:54.6370247Z trampoline_32bit: 0x0000000000000000
2024-05-21T19:10:54.6373429Z Physical KASLR using RDRAND RDTSC...
2024-05-21T19:10:54.6376692Z Virtual KASLR using RDRAND RDTSC...
2024-05-21T19:10:54.6376995Z 
2024-05-21T19:10:54.7928432Z Decompressing Linux... Parsing ELF... Performing relocations... done.
2024-05-21T19:10:54.7930127Z Booting the kernel (entry_offset: 0x0000000000000000).
2024-05-21T19:10:54.8042772Z [    0.000000] Linux version 6.9.0-g667c925c3dc6-dirty (root@e0cbe44a4930) (gcc (Ubuntu 9.4.0-1ubuntu1~20.04.2) 9.4.0, GNU ld (GNU Binutils for Ubuntu) 2.34) #395 SMP PREEMPT_DYNAMIC Tue May 21 18:41:55 UTC 2024
2024-05-21T19:10:54.8062596Z [    0.000000] Command line: rootfstype=9p rootflags=trans=virtio,cache=loose,msize=1048576 rw earlyprintk=serial,0,115200 printk.devkmsg=on console=0,115200 loglevel=7 raid=noautodetect init=/tmp/vmtest-initHUsOL.sh panic=-1 panic=-1 sysctl.vm.panic_on_oom=1
2024-05-21T19:10:54.8064374Z [    0.000000] BIOS-provided physical RAM map:
2024-05-21T19:10:54.8069007Z [    0.000000] BIOS-e820: [mem 0x0000000000000000-0x000000000009fbff] usable
2024-05-21T19:10:54.8075077Z [    0.000000] BIOS-e820: [mem 0x000000000009fc00-0x000000000009ffff] reserved
2024-05-21T19:10:54.8081180Z [    0.000000] BIOS-e820: [mem 0x00000000000f0000-0x00000000000fffff] reserved
2024-05-21T19:10:54.8087157Z [    0.000000] BIOS-e820: [mem 0x0000000000100000-0x00000000bffdffff] usable
2024-05-21T19:10:54.8093238Z [    0.000000] BIOS-e820: [mem 0x00000000bffe0000-0x00000000bfffffff] reserved
2024-05-21T19:10:54.8099323Z [    0.000000] BIOS-e820: [mem 0x00000000feffc000-0x00000000feffffff] reserved
2024-05-21T19:10:54.8105404Z [    0.000000] BIOS-e820: [mem 0x00000000fffc0000-0x00000000ffffffff] reserved
2024-05-21T19:10:54.8111388Z [    0.000000] BIOS-e820: [mem 0x0000000100000000-0x000000013fffffff] usable
2024-05-21T19:10:54.8116078Z [    0.000000] printk: legacy bootconsole [earlyser0] enabled
2024-05-21T19:10:54.8121071Z [    0.000000] NX (Execute Disable) protection: active
2024-05-21T19:10:54.8125466Z [    0.000000] APIC: Static calls initialized
2024-05-21T19:10:54.8129664Z [    0.000000] SMBIOS 2.8 present.
2024-05-21T19:10:54.8137318Z [    0.000000] DMI: QEMU Standard PC (i440FX + PIIX, 1996), BIOS 1.13.0-1ubuntu1.1 04/01/2014
2024-05-21T19:10:54.8260019Z [    0.000000] tsc: Fast TSC calibration using PIT
2024-05-21T19:10:54.8261714Z [    0.000000] tsc: Detected 2999.995 MHz processor
2024-05-21T19:10:54.8270344Z [    0.000379] last_pfn = 0x140000 max_arch_pfn = 0x400000000
2024-05-21T19:10:54.8278001Z [    0.000881] MTRR map: 4 entries (3 fixed + 1 variable; max 19), built from 8 variable MTRRs
2024-05-21T19:10:54.8284079Z [    0.001611] x86/PAT: Configuration [0-7]: WB  WC  UC- UC  WB  WP  UC- WT
2024-05-21T19:10:54.8286863Z Memory KASLR using RDRAND RDTSC...
2024-05-21T19:10:54.8291697Z [    0.002521] last_pfn = 0xbffe0 max_arch_pfn = 0x400000000
2024-05-21T19:10:54.8372468Z [    0.010356] found SMP MP-table at [mem 0x000f5c70-0x000f5c7f]
2024-05-21T19:10:54.8374448Z [    0.010888] Using GB pages for direct mapping
2024-05-21T19:10:54.8384907Z [    0.011814] ACPI: Early table checksum verification disabled
2024-05-21T19:10:54.8390006Z [    0.012323] ACPI: RSDP 0x00000000000F5A40 000014 (v00 BOCHS )
2024-05-21T19:10:54.8397647Z [    0.012831] ACPI: RSDT 0x00000000BFFE15A2 000030 (v01 BOCHS  BXPCRSDT 00000001 BXPC 00000001)
2024-05-21T19:10:54.8405295Z [    0.013583] ACPI: FACP 0x00000000BFFE1476 000074 (v01 BOCHS  BXPCFACP 00000001 BXPC 00000001)
2024-05-21T19:10:54.8412762Z [    0.014337] ACPI: DSDT 0x00000000BFFE0040 001436 (v01 BOCHS  BXPCDSDT 00000001 BXPC 00000001)
2024-05-21T19:10:54.8416523Z [    0.015084] ACPI: FACS 0x00000000BFFE0000 000040
2024-05-21T19:10:54.8424243Z [    0.015489] ACPI: APIC 0x00000000BFFE14EA 000080 (v01 BOCHS  BXPCAPIC 00000001 BXPC 00000001)
2024-05-21T19:10:54.8431697Z [    0.016237] ACPI: HPET 0x00000000BFFE156A 000038 (v01 BOCHS  BXPCHPET 00000001 BXPC 00000001)
2024-05-21T19:10:54.8437881Z [    0.016980] ACPI: Reserving FACP table memory at [mem 0xbffe1476-0xbffe14e9]
2024-05-21T19:10:54.8443980Z [    0.017594] ACPI: Reserving DSDT table memory at [mem 0xbffe0040-0xbffe1475]
2024-05-21T19:10:54.8450589Z [    0.018205] ACPI: Reserving FACS table memory at [mem 0xbffe0000-0xbffe003f]
2024-05-21T19:10:54.8456400Z [    0.018833] ACPI: Reserving APIC table memory at [mem 0xbffe14ea-0xbffe1569]
2024-05-21T19:10:54.8462511Z [    0.019447] ACPI: Reserving HPET table memory at [mem 0xbffe156a-0xbffe15a1]
2024-05-21T19:10:54.8468398Z [    0.020339] No NUMA configuration found
2024-05-21T19:10:54.8474505Z [    0.020677] Faking a node at [mem 0x0000000000000000-0x000000013fffffff]
2024-05-21T19:10:54.8479727Z [    0.021265] NODE_DATA(0) allocated [mem 0x13fffa000-0x13fffdfff]
2024-05-21T19:10:54.8481984Z [    0.021816] Zone ranges:
2024-05-21T19:10:54.8487672Z [    0.022039]   DMA      [mem 0x0000000000001000-0x0000000000ffffff]
2024-05-21T19:10:54.8493152Z [    0.022585]   DMA32    [mem 0x0000000001000000-0x00000000ffffffff]
2024-05-21T19:10:54.8498568Z [    0.023133]   Normal   [mem 0x0000000100000000-0x000000013fffffff]
2024-05-21T19:10:54.8502157Z [    0.023675] Movable zone start for each node
2024-05-21T19:10:54.8505258Z [    0.024050] Early memory node ranges
2024-05-21T19:10:54.8510952Z [    0.024362]   node   0: [mem 0x0000000000001000-0x000000000009efff]
2024-05-21T19:10:54.8516427Z [    0.024913]   node   0: [mem 0x0000000000100000-0x00000000bffdffff]
2024-05-21T19:10:54.8521904Z [    0.025462]   node   0: [mem 0x0000000100000000-0x000000013fffffff]
2024-05-21T19:10:54.8528237Z [    0.026011] Initmem setup node 0 [mem 0x0000000000001000-0x000000013fffffff]
2024-05-21T19:10:54.8536839Z [    0.026991] On node 0, zone DMA: 1 pages in unavailable ranges
2024-05-21T19:10:54.8542170Z [    0.027526] On node 0, zone DMA: 97 pages in unavailable ranges
2024-05-21T19:10:54.8703725Z [    0.043299] On node 0, zone Normal: 32 pages in unavailable ranges
2024-05-21T19:10:54.8707009Z [    0.044138] ACPI: PM-Timer IO Port: 0x608
2024-05-21T19:10:54.8711834Z [    0.044506] ACPI: LAPIC_NMI (acpi_id[0xff] dfl dfl lint[0x1])
2024-05-21T19:10:54.8718371Z [    0.045044] IOAPIC[0]: apic_id 0, version 17, address 0xfec00000, GSI 0-23
2024-05-21T19:10:54.8723946Z [    0.045650] ACPI: INT_SRC_OVR (bus 0 bus_irq 0 global_irq 2 dfl dfl)
2024-05-21T19:10:54.8729830Z [    0.046209] ACPI: INT_SRC_OVR (bus 0 bus_irq 5 global_irq 5 high level)
2024-05-21T19:10:54.8735529Z [    0.046793] ACPI: INT_SRC_OVR (bus 0 bus_irq 9 global_irq 9 high level)
2024-05-21T19:10:54.8741532Z [    0.047379] ACPI: INT_SRC_OVR (bus 0 bus_irq 10 global_irq 10 high level)
2024-05-21T19:10:54.8747466Z [    0.047975] ACPI: INT_SRC_OVR (bus 0 bus_irq 11 global_irq 11 high level)
2024-05-21T19:10:54.8753110Z [    0.048571] ACPI: Using ACPI (MADT) for SMP configuration information
2024-05-21T19:10:54.8757568Z [    0.049134] ACPI: HPET id: 0x8086a201 base: 0xfed00000
2024-05-21T19:10:54.8760911Z [    0.049587] TSC deadline timer available
2024-05-21T19:10:54.8765089Z [    0.049933] CPU topo: Max. logical packages:   2
2024-05-21T19:10:54.8769114Z [    0.050340] CPU topo: Max. logical dies:       2
2024-05-21T19:10:54.8773136Z [    0.050744] CPU topo: Max. dies per package:   1
2024-05-21T19:10:54.8777221Z [    0.051150] CPU topo: Max. threads per core:   1
2024-05-21T19:10:54.8781500Z [    0.051555] CPU topo: Num. cores per package:     1
2024-05-21T19:10:54.8785767Z [    0.051981] CPU topo: Num. threads per package:   1
2024-05-21T19:10:54.8791145Z [    0.052407] CPU topo: Allowing 2 present CPUs plus 0 hotplug CPUs
2024-05-21T19:10:54.8796644Z [    0.052950] [mem 0xc0000000-0xfeffbfff] available for PCI devices
2024-05-21T19:10:54.8806139Z [    0.053483] clocksource: refined-jiffies: mask: 0xffffffff max_cycles: 0xffffffff, max_idle_ns: 1910969940391419 ns
2024-05-21T19:10:54.8859358Z [    0.058890] setup_percpu: NR_CPUS:128 nr_cpumask_bits:2 nr_cpu_ids:2 nr_node_ids:1
2024-05-21T19:10:54.8869144Z [    0.060134] percpu: Embedded 60 pages/cpu s207840 r8192 d29728 u1048576
2024-05-21T19:10:54.8891444Z [    0.060747] Kernel command line: rootfstype=9p rootflags=trans=virtio,cache=loose,msize=1048576 rw earlyprintk=serial,0,115200 printk.devkmsg=on console=0,115200 loglevel=7 raid=noautodetect init=/tmp/vmtest-initHUsOL.sh panic=-1 panic=-1 sysctl.vm.panic_on_oom=1
2024-05-21T19:10:54.8898932Z [    0.062887] Unknown kernel command line parameters "raid=noautodetect", will be passed to user space.
2024-05-21T19:10:54.8901722Z [    0.063710] random: crng init done
2024-05-21T19:10:54.8920856Z [    0.064957] Dentry cache hash table entries: 524288 (order: 10, 4194304 bytes, linear)
2024-05-21T19:10:54.8930440Z [    0.066145] Inode-cache hash table entries: 262144 (order: 9, 2097152 bytes, linear)
2024-05-21T19:10:54.8934346Z [    0.066910] Fallback order for Node 0: 0
2024-05-21T19:10:54.8940284Z [    0.066914] Built 1 zonelists, mobility grouping on.  Total pages: 1031904
2024-05-21T19:10:54.8942770Z [    0.067846] Policy zone: Normal
2024-05-21T19:10:54.8948425Z [    0.068121] mem auto-init: stack:off, heap alloc:off, heap free:off
2024-05-21T19:10:54.8951639Z [    0.068661] software IO TLB: area num 2.
2024-05-21T19:10:54.9281432Z [    0.100365] Memory: 3996928K/4193784K available (16384K kernel code, 9041K rwdata, 9472K rodata, 3084K init, 14352K bss, 196596K reserved, 0K cma-reserved)
2024-05-21T19:10:54.9284420Z [    0.101674] SLUB: HWalign=64, Order=0-3, MinObjects=0, CPUs=2, Nodes=1
2024-05-21T19:10:54.9287369Z Poking KASLR using RDRAND RDTSC...
2024-05-21T19:10:54.9292250Z [    0.102583] ftrace: allocating 40546 entries in 159 pages
2024-05-21T19:10:54.9390608Z [    0.112115] ftrace: allocated 159 pages with 6 groups
2024-05-21T19:10:54.9391560Z [    0.112675] Dynamic Preempt: full
2024-05-21T19:10:54.9398518Z [    0.113387] Running RCU self tests
2024-05-21T19:10:54.9402328Z [    0.113682] Running RCU synchronous self tests
2024-05-21T19:10:54.9407477Z [    0.114065] rcu: Preemptible hierarchical RCU implementation.
2024-05-21T19:10:54.9411224Z [    0.114564] rcu: 	RCU event tracing is enabled.
2024-05-21T19:10:54.9415307Z [    0.114952] rcu: 	RCU lockdep checking is enabled.
2024-05-21T19:10:54.9421154Z [    0.115360] rcu: 	RCU restricting CPUs from NR_CPUS=128 to nr_cpu_ids=2.
2024-05-21T19:10:54.9425402Z [    0.115935] 	Trampoline variant of Tasks RCU enabled.
2024-05-21T19:10:54.9429232Z [    0.116367] 	Rude variant of Tasks RCU enabled.
2024-05-21T19:10:54.9433322Z [    0.116755] 	Tracing variant of Tasks RCU enabled.
2024-05-21T19:10:54.9440331Z [    0.117165] rcu: RCU calculated value of scheduler-enlistment delay is 100 jiffies.
2024-05-21T19:10:54.9445850Z [    0.117825] rcu: Adjusting geometry for rcu_fanout_leaf=16, nr_cpu_ids=2
2024-05-21T19:10:54.9449690Z [    0.118422] Running RCU synchronous self tests
2024-05-21T19:10:54.9455875Z [    0.118804] RCU Tasks: Setting shift to 1 and lim to 1 rcu_task_cb_adjust=1.
2024-05-21T19:10:54.9462305Z [    0.119404] RCU Tasks Rude: Setting shift to 1 and lim to 1 rcu_task_cb_adjust=1.
2024-05-21T19:10:54.9468870Z [    0.120044] RCU Tasks Trace: Setting shift to 1 and lim to 1 rcu_task_cb_adjust=1.
2024-05-21T19:10:54.9504200Z [    0.123433] NR_IRQS: 8448, nr_irqs: 440, preallocated irqs: 16
2024-05-21T19:10:54.9509876Z [    0.124200] rcu: srcu_init: Setting srcu_struct sizes based on contention.
2024-05-21T19:10:54.9515187Z [    0.125016] Console: colour *CGA 80x25
2024-05-21T19:10:54.9519824Z [    0.125387] printk: legacy console [ttyS0] enabled
2024-05-21T19:10:54.9524077Z [    0.125387] printk: legacy console [ttyS0] enabled
2024-05-21T19:10:54.9528991Z [    0.126227] printk: legacy bootconsole [earlyser0] disabled
2024-05-21T19:10:54.9533761Z [    0.126227] printk: legacy bootconsole [earlyser0] disabled
2024-05-21T19:10:54.9540782Z [    0.127215] Lock dependency validator: Copyright (c) 2006 Red Hat, Inc., Ingo Molnar
2024-05-21T19:10:54.9544157Z [    0.127887] ... MAX_LOCKDEP_SUBCLASSES:  8
2024-05-21T19:10:54.9547840Z [    0.128256] ... MAX_LOCK_DEPTH:          48
2024-05-21T19:10:54.9551676Z [    0.128623] ... MAX_LOCKDEP_KEYS:        8192
2024-05-21T19:10:54.9555480Z [    0.129006] ... CLASSHASH_SIZE:          4096
2024-05-21T19:10:54.9559385Z [    0.129388] ... MAX_LOCKDEP_ENTRIES:     32768
2024-05-21T19:10:54.9563568Z [    0.129779] ... MAX_LOCKDEP_CHAINS:      65536
2024-05-21T19:10:54.9567307Z [    0.130172] ... CHAINHASH_SIZE:          32768
2024-05-21T19:10:54.9572103Z [    0.130569]  memory used by lock dependency info: 6429 kB
2024-05-21T19:10:54.9576306Z [    0.131043]  memory used for stack traces: 4224 kB
2024-05-21T19:10:54.9581255Z [    0.131464]  per task-struct memory footprint: 1920 bytes
2024-05-21T19:10:54.9584796Z [    0.131971] ACPI: Core revision 20240322
2024-05-21T19:10:54.9594549Z [    0.132470] clocksource: hpet: mask: 0xffffffff max_cycles: 0xffffffff, max_idle_ns: 19112604467 ns
2024-05-21T19:10:54.9600195Z [    0.133411] APIC: Switch to symmetric I/O mode setup
2024-05-21T19:10:54.9615113Z [    0.134759] ..TIMER: vector=0x30 apic1=0 pin1=2 apic2=-1 pin2=-1
2024-05-21T19:10:54.9665309Z [    0.139338] clocksource: tsc-early: mask: 0xffffffffffffffff max_cycles: 0x2b3e4096592, max_idle_ns: 440795305847 ns
2024-05-21T19:10:54.9673855Z [    0.140246] Calibrating delay loop (skipped), value calculated using timer frequency.. 5999.99 BogoMIPS (lpj=2999995)
2024-05-21T19:10:54.9681655Z [    0.141320] x86/cpu: User Mode Instruction Prevention (UMIP) activated
2024-05-21T19:10:54.9687454Z [    0.142303] Last level iTLB entries: 4KB 0, 2MB 0, 4MB 0
2024-05-21T19:10:54.9692628Z [    0.143234] Last level dTLB entries: 4KB 0, 2MB 0, 4MB 0, 1GB 0
2024-05-21T19:10:54.9700478Z [    0.143758] Spectre V1 : Mitigation: usercopy/swapgs barriers and __user pointer sanitization
2024-05-21T19:10:54.9710599Z [    0.144235] Spectre V2 : WARNING: Unprivileged eBPF is enabled with eIBRS on, data leaks possible via Spectre v2 BHB attacks!
2024-05-21T19:10:54.9716267Z [    0.145236] Spectre V2 : Spectre BHI mitigation: SW BHB clearing on vm exit
2024-05-21T19:10:54.9722287Z [    0.146234] Spectre V2 : Spectre BHI mitigation: SW BHB clearing on syscall
2024-05-21T19:10:54.9727481Z [    0.146834] Spectre V2 : Mitigation: Enhanced / Automatic IBRS
2024-05-21T19:10:54.9734729Z [    0.147234] Spectre V2 : Spectre v2 / SpectreRSB mitigation: Filling RSB on context switch
2024-05-21T19:10:54.9741341Z [    0.147944] Spectre V2 : Spectre v2 / PBRSB-eIBRS: Retire a single CALL on VMEXIT
2024-05-21T19:10:54.9745037Z [    0.148234] RETBleed: Mitigation: Enhanced IBRS
2024-05-21T19:10:54.9752581Z [    0.149236] Spectre V2 : mitigation: Enabling conditional Indirect Branch Prediction Barrier
2024-05-21T19:10:54.9760002Z [    0.149959] Speculative Store Bypass: Mitigation: Speculative Store Bypass disabled via prctl
2024-05-21T19:10:54.9763287Z [    0.150241] TAA: Mitigation: TSX disabled
2024-05-21T19:10:54.9770124Z [    0.150588] MMIO Stale Data: Vulnerable: Clear CPU buffers attempted, no microcode
2024-05-21T19:10:54.9774613Z [    0.151234] GDS: Unknown: Dependent on hypervisor status
2024-05-21T19:10:54.9781769Z [    0.151722] x86/fpu: Supporting XSAVE feature 0x001: 'x87 floating point registers'
2024-05-21T19:10:54.9787315Z [    0.152234] x86/fpu: Supporting XSAVE feature 0x002: 'SSE registers'
2024-05-21T19:10:54.9792817Z [    0.153234] x86/fpu: Supporting XSAVE feature 0x004: 'AVX registers'
2024-05-21T19:10:54.9798878Z [    0.153779] x86/fpu: Supporting XSAVE feature 0x008: 'MPX bounds registers'
2024-05-21T19:10:54.9803942Z [    0.154234] x86/fpu: Supporting XSAVE feature 0x010: 'MPX CSR'
2024-05-21T19:10:54.9809633Z [    0.154740] x86/fpu: Supporting XSAVE feature 0x020: 'AVX-512 opmask'
2024-05-21T19:10:54.9815200Z [    0.155234] x86/fpu: Supporting XSAVE feature 0x040: 'AVX-512 Hi256'
2024-05-21T19:10:54.9821074Z [    0.156234] x86/fpu: Supporting XSAVE feature 0x080: 'AVX-512 ZMM_Hi256'
2024-05-21T19:10:54.9827933Z [    0.156807] x86/fpu: Supporting XSAVE feature 0x200: 'Protection Keys User registers'
2024-05-21T19:10:54.9833150Z [    0.157235] x86/fpu: xstate_offset[2]:  576, xstate_sizes[2]:  256
2024-05-21T19:10:54.9838556Z [    0.157769] x86/fpu: xstate_offset[3]:  832, xstate_sizes[3]:   64
2024-05-21T19:10:54.9844039Z [    0.158234] x86/fpu: xstate_offset[4]:  896, xstate_sizes[4]:   64
2024-05-21T19:10:54.9849729Z [    0.158770] x86/fpu: xstate_offset[5]:  960, xstate_sizes[5]:   64
2024-05-21T19:10:54.9854898Z [    0.159234] x86/fpu: xstate_offset[6]: 1024, xstate_sizes[6]:  512
2024-05-21T19:10:54.9860258Z [    0.159763] x86/fpu: xstate_offset[7]: 1536, xstate_sizes[7]: 1024
2024-05-21T19:10:54.9865618Z [    0.160234] x86/fpu: xstate_offset[9]: 2560, xstate_sizes[9]:    8
2024-05-21T19:10:54.9874153Z [    0.161234] x86/fpu: Enabled xstate features 0x2ff, context size is 2568 bytes, using 'compacted' format.
2024-05-21T19:10:55.0041600Z [    0.178196] Freeing SMP alternatives memory: 36K
2024-05-21T19:10:55.0043250Z [    0.178236] pid_max: default: 32768 minimum: 301
2024-05-21T19:10:55.0048666Z [    0.178667] LSM: initializing lsm=capability,selinux,bpf,ima
2024-05-21T19:10:55.0051672Z [    0.179239] SELinux:  Initializing.
2024-05-21T19:10:55.0055275Z [    0.179562] LSM support for eBPF active
2024-05-21T19:10:55.0066262Z [    0.180646] Mount-cache hash table entries: 8192 (order: 4, 65536 bytes, linear)
2024-05-21T19:10:55.0072966Z [    0.181238] Mountpoint-cache hash table entries: 8192 (order: 4, 65536 bytes, linear)
2024-05-21T19:10:55.0082271Z [    0.182566] Running RCU synchronous self tests
2024-05-21T19:10:55.0086375Z [    0.182961] Running RCU synchronous self tests
2024-05-21T19:10:55.0097396Z [    0.183404] smpboot: CPU0: Intel(R) Xeon(R) Platinum 8275CL CPU @ 3.00GHz (family: 0x6, model: 0x55, stepping: 0x7)
2024-05-21T19:10:55.0116391Z [    0.185385] Running RCU Tasks wait API self tests
2024-05-21T19:10:55.1129352Z [    0.286273] Running RCU Tasks Rude wait API self tests
2024-05-21T19:10:55.1132812Z [    0.286835] Running RCU Tasks Trace wait API self tests
2024-05-21T19:10:55.1140904Z [    0.287284] Performance Events: Skylake events, full-width counters, Intel PMU driver.
2024-05-21T19:10:55.1143951Z [    0.288008] ... version:                2
2024-05-21T19:10:55.1147602Z [    0.288236] ... bit width:              48
2024-05-21T19:10:55.1151077Z [    0.288598] ... generic registers:      4
2024-05-21T19:10:55.1155707Z [    0.288944] ... value mask:             0000ffffffffffff
2024-05-21T19:10:55.1160309Z [    0.289236] ... max period:             00007fffffffffff
2024-05-21T19:10:55.1163894Z [    0.289695] ... fixed-purpose events:   3
2024-05-21T19:10:55.1168455Z [    0.290040] ... event mask:             000000070000000f
2024-05-21T19:10:55.1173949Z [    0.290424] signal: max sigframe size: 3232
2024-05-21T19:10:55.1178901Z [    0.290865] rcu: Hierarchical SRCU implementation.
2024-05-21T19:10:55.1183488Z [    0.291236] rcu: 	Max phase no-delay instances is 400.
2024-05-21T19:10:55.1200504Z [    0.292355] NMI watchdog: Enabled. Permanently consumes one hw-PMU counter.
2024-05-21T19:10:55.1202954Z [    0.293064] smp: Bringing up secondary CPUs ...
2024-05-21T19:10:55.1208076Z [    0.293254] Callback from call_rcu_tasks_trace() invoked.
2024-05-21T19:10:55.1215321Z [    0.294023] smpboot: x86: Booting SMP configuration:
2024-05-21T19:10:55.1427610Z [    0.294241] .... node  #0, CPUs:      #1
2024-05-21T19:10:55.1429038Z [    0.295408] smp: Brought up 1 node, 2 CPUs
2024-05-21T19:10:55.1435268Z [    0.296238] smpboot: Total of 2 processors activated (11999.98 BogoMIPS)
2024-05-21T19:10:55.1451547Z [    0.297843] devtmpfs: initialized
2024-05-21T19:10:55.1461864Z [    0.298861] Running RCU synchronous self tests
2024-05-21T19:10:55.1465956Z [    0.299250] Running RCU synchronous self tests
2024-05-21T19:10:55.1475097Z [    0.299674] clocksource: jiffies: mask: 0xffffffff max_cycles: 0xffffffff, max_idle_ns: 1911260446275000 ns
2024-05-21T19:10:55.1480853Z [    0.300245] futex hash table entries: 512 (order: 4, 65536 bytes, linear)
2024-05-21T19:10:55.1500464Z [    0.302100] NET: Registered PF_NETLINK/PF_ROUTE protocol family
2024-05-21T19:10:55.1507529Z [    0.302591] audit: initializing netlink subsys (disabled)
2024-05-21T19:10:55.1519171Z [    0.303116] audit: type=2000 audit(1716318654.168:1): state=initialized audit_enabled=0 res=1
2024-05-21T19:10:55.1524253Z [    0.303313] thermal_sys: Registered thermal governor 'step_wise'
2024-05-21T19:10:55.1530200Z [    0.304202] thermal_sys: Registered thermal governor 'user_space'
2024-05-21T19:10:55.1533319Z [    0.304278] cpuidle: using governor ladder
2024-05-21T19:10:55.1536825Z [    0.305183] cpuidle: using governor menu
2024-05-21T19:10:55.1544194Z [    0.305456] PCI: Using configuration type 1 for base access
2024-05-21T19:10:55.1553434Z [    0.306063] kprobes: kprobe jump-optimization is enabled. All kprobes are optimized if possible.
2024-05-21T19:10:55.1600860Z [    0.310263] HugeTLB: registered 1.00 GiB page size, pre-allocated 0 pages
2024-05-21T19:10:55.1605829Z [    0.310846] HugeTLB: 16380 KiB vmemmap can be freed for a 1.00 GiB page
2024-05-21T19:10:55.1611342Z [    0.311237] HugeTLB: registered 2.00 MiB page size, pre-allocated 0 pages
2024-05-21T19:10:55.1616660Z [    0.311830] HugeTLB: 28 KiB vmemmap can be freed for a 2.00 MiB page
2024-05-21T19:10:55.1644987Z [    0.314494] Demotion targets for Node 0: null
2024-05-21T19:10:55.1686547Z [    0.318651] ACPI: Added _OSI(Module Device)
2024-05-21T19:10:55.1688908Z [    0.319040] ACPI: Added _OSI(Processor Device)
2024-05-21T19:10:55.1692976Z [    0.319237] ACPI: Added _OSI(3.0 _SCP Extensions)
2024-05-21T19:10:55.1697686Z [    0.319647] ACPI: Added _OSI(Processor Aggregator Device)
2024-05-21T19:10:55.1723096Z [    0.321943] ACPI: 1 ACPI AML tables successfully acquired and loaded
2024-05-21T19:10:55.1807047Z [    0.329291] ACPI: _OSC evaluation for CPUs failed, trying _PDC
2024-05-21T19:10:55.1811804Z [    0.330482] ACPI: Interpreter enabled
2024-05-21T19:10:55.1815618Z [    0.330840] ACPI: PM: (supports S0 S3 S5)
2024-05-21T19:10:55.1820055Z [    0.331197] ACPI: Using IOAPIC for interrupt routing
2024-05-21T19:10:55.1828591Z [    0.331257] PCI: Using host bridge windows from ACPI; if necessary, use "pci=nocrs" and report a bug
2024-05-21T19:10:55.1833495Z [    0.332043] PCI: Using E820 reservations for host bridge windows
2024-05-21T19:10:55.1839279Z [    0.332387] ACPI: Enabled 2 GPEs in block 00 to 0F
2024-05-21T19:10:55.1897283Z [    0.337956] ACPI: PCI Root Bridge [PCI0] (domain 0000 [bus 00-ff])
2024-05-21T19:10:55.1903403Z [    0.338240] acpi PNP0A03:00: _OSC: OS supports [ASPM ClockPM Segments MSI HPX-Type3]
2024-05-21T19:10:55.1911832Z [    0.338911] acpi PNP0A03:00: _OSC: not requesting OS control; OS requires [ExtendedConfig ASPM ClockPM MSI]
2024-05-21T19:10:55.1921875Z [    0.339266] acpi PNP0A03:00: fail to add MMCONFIG information, can't access extended configuration space under this bridge
2024-05-21T19:10:55.1928858Z [    0.340600] PCI host bridge to bus 0000:00
2024-05-21T19:10:55.1935026Z [    0.340967] pci_bus 0000:00: root bus resource [io  0x0000-0x0cf7 window]
2024-05-21T19:10:55.1940971Z [    0.341236] pci_bus 0000:00: root bus resource [io  0x0d00-0xffff window]
2024-05-21T19:10:55.1947486Z [    0.341829] pci_bus 0000:00: root bus resource [mem 0x000a0000-0x000bffff window]
2024-05-21T19:10:55.1954036Z [    0.342236] pci_bus 0000:00: root bus resource [mem 0xc0000000-0xfebfffff window]
2024-05-21T19:10:55.1960666Z [    0.342886] pci_bus 0000:00: root bus resource [mem 0x140000000-0x1bfffffff window]
2024-05-21T19:10:55.1965395Z [    0.343236] pci_bus 0000:00: root bus resource [bus 00-ff]
2024-05-21T19:10:55.1973362Z [    0.343795] pci 0000:00:00.0: [8086:1237] type 00 class 0x060000 conventional PCI endpoint
2024-05-21T19:10:55.1987679Z [    0.344738] pci 0000:00:01.0: [8086:7000] type 00 class 0x060100 conventional PCI endpoint
2024-05-21T19:10:55.1998451Z [    0.345723] pci 0000:00:01.1: [8086:7010] type 00 class 0x010180 conventional PCI endpoint
2024-05-21T19:10:55.2023191Z [    0.348213] pci 0000:00:01.1: BAR 4 [io  0xc100-0xc10f]
2024-05-21T19:10:55.2038422Z [    0.349049] pci 0000:00:01.1: BAR 0 [io  0x01f0-0x01f7]: legacy IDE quirk
2024-05-21T19:10:55.2042201Z [    0.349237] pci 0000:00:01.1: BAR 1 [io  0x03f6]: legacy IDE quirk
2024-05-21T19:10:55.2048199Z [    0.349778] pci 0000:00:01.1: BAR 2 [io  0x0170-0x0177]: legacy IDE quirk
2024-05-21T19:10:55.2056594Z [    0.350236] pci 0000:00:01.1: BAR 3 [io  0x0376]: legacy IDE quirk
2024-05-21T19:10:55.2065911Z [    0.351264] pci 0000:00:01.3: [8086:7113] type 00 class 0x068000 conventional PCI endpoint
2024-05-21T19:10:55.2075074Z [    0.352282] pci 0000:00:01.3: quirk: [io  0x0600-0x063f] claimed by PIIX4 ACPI
2024-05-21T19:10:55.2081314Z [    0.352913] pci 0000:00:01.3: quirk: [io  0x0700-0x070f] claimed by PIIX4 SMB
2024-05-21T19:10:55.2091927Z [    0.353563] pci 0000:00:02.0: [1af4:1003] type 00 class 0x078000 conventional PCI endpoint
2024-05-21T19:10:55.2107703Z [    0.355099] pci 0000:00:02.0: BAR 0 [io  0xc000-0xc03f]
2024-05-21T19:10:55.2118877Z [    0.355991] pci 0000:00:02.0: BAR 1 [mem 0xfebfc000-0xfebfcfff]
2024-05-21T19:10:55.2163498Z [    0.358830] pci 0000:00:02.0: BAR 4 [mem 0xfebec000-0xfebeffff 64bit pref]
2024-05-21T19:10:55.2184115Z [    0.360625] pci 0000:00:03.0: [1af4:1003] type 00 class 0x078000 conventional PCI endpoint
2024-05-21T19:10:55.2196643Z [    0.362104] pci 0000:00:03.0: BAR 0 [io  0xc040-0xc07f]
2024-05-21T19:10:55.2209276Z [    0.362978] pci 0000:00:03.0: BAR 1 [mem 0xfebfd000-0xfebfdfff]
2024-05-21T19:10:55.2240262Z [    0.365238] pci 0000:00:03.0: BAR 4 [mem 0xfebf0000-0xfebf3fff 64bit pref]
2024-05-21T19:10:55.2271998Z [    0.367384] pci 0000:00:04.0: [1af4:1009] type 00 class 0x000200 conventional PCI endpoint
2024-05-21T19:10:55.2282206Z [    0.368951] pci 0000:00:04.0: BAR 0 [io  0xc080-0xc0bf]
2024-05-21T19:10:55.2294430Z [    0.369868] pci 0000:00:04.0: BAR 1 [mem 0xfebfe000-0xfebfefff]
2024-05-21T19:10:55.2321032Z [    0.371891] pci 0000:00:04.0: BAR 4 [mem 0xfebf4000-0xfebf7fff 64bit pref]
2024-05-21T19:10:55.2339360Z [    0.373357] pci 0000:00:05.0: [1af4:1009] type 00 class 0x000200 conventional PCI endpoint
2024-05-21T19:10:55.2348613Z [    0.374529] pci 0000:00:05.0: BAR 0 [io  0xc0c0-0xc0ff]
2024-05-21T19:10:55.2365810Z [    0.375785] pci 0000:00:05.0: BAR 1 [mem 0xfebff000-0xfebfffff]
2024-05-21T19:10:55.2399576Z [    0.378551] pci 0000:00:05.0: BAR 4 [mem 0xfebf8000-0xfebfbfff 64bit pref]
2024-05-21T19:10:55.2424401Z [    0.380804] ACPI: PCI: Interrupt link LNKA configured for IRQ 10
2024-05-21T19:10:55.2428796Z [    0.381336] ACPI: PCI: Interrupt link LNKB configured for IRQ 10
2024-05-21T19:10:55.2435057Z [    0.381957] ACPI: PCI: Interrupt link LNKC configured for IRQ 11
2024-05-21T19:10:55.2441257Z [    0.382327] ACPI: PCI: Interrupt link LNKD configured for IRQ 11
2024-05-21T19:10:55.2447014Z [    0.382902] ACPI: PCI: Interrupt link LNKS configured for IRQ 9
2024-05-21T19:10:55.2455736Z [    0.383649] iommu: Default domain type: Translated
2024-05-21T19:10:55.2461035Z [    0.383673] iommu: DMA domain TLB invalidation policy: lazy mode
2024-05-21T19:10:55.2467370Z [    0.384432] pps_core: LinuxPPS API ver. 1 registered
2024-05-21T19:10:55.2475791Z [    0.384871] pps_core: Software ver. 5.3.6 - Copyright 2005-2007 Rodolfo Giometti <giometti@linux.it>
2024-05-21T19:10:55.2482674Z [    0.385242] PTP clock support registered
2024-05-21T19:10:55.2490694Z [    0.386452] NetLabel: Initializing
2024-05-21T19:10:55.2494574Z [    0.386762] NetLabel:  domain hash size = 128
2024-05-21T19:10:55.2499647Z [    0.387150] NetLabel:  protocols = UNLABELED CIPSOv4 CALIPSO
2024-05-21T19:10:55.2504900Z [    0.387263] NetLabel:  unlabeled traffic allowed by default
2024-05-21T19:10:55.2508563Z [    0.387758] PCI: Using ACPI for IRQ routing
2024-05-21T19:10:55.2514823Z [    0.388371] vgaarb: loaded
2024-05-21T19:10:55.2519709Z [    0.388557] hpet0: at MMIO 0xfed00000, IRQs 2, 8, 0
2024-05-21T19:10:55.2525246Z [    0.388995] hpet0: 3 comparators, 64-bit 100.000000 MHz counter
2024-05-21T19:10:55.2541965Z [    0.390318] Callback from call_rcu_tasks_rude() invoked.
2024-05-21T19:10:55.2579536Z [    0.393370] clocksource: Switched to clocksource tsc-early
2024-05-21T19:10:55.2586743Z [    0.394256] pnp: PnP ACPI init
2024-05-21T19:10:55.2596783Z [    0.395106] pnp: PnP ACPI: found 5 devices
2024-05-21T19:10:55.2699322Z [    0.404911] clocksource: acpi_pm: mask: 0xffffff max_cycles: 0xffffff, max_idle_ns: 2085701024 ns
2024-05-21T19:10:55.2703600Z [    0.405776] NET: Registered PF_INET protocol family
2024-05-21T19:10:55.2715485Z [    0.406675] IP idents hash table entries: 65536 (order: 7, 524288 bytes, linear)
2024-05-21T19:10:55.2814412Z [    0.416391] tcp_listen_portaddr_hash hash table entries: 2048 (order: 5, 147456 bytes, linear)
2024-05-21T19:10:55.2823971Z [    0.417581] Table-perturb hash table entries: 65536 (order: 6, 262144 bytes, linear)
2024-05-21T19:10:55.2830677Z [    0.418261] TCP established hash table entries: 32768 (order: 6, 262144 bytes, linear)
2024-05-21T19:10:55.2838377Z [    0.418983] TCP bind hash table entries: 32768 (order: 10, 4718592 bytes, vmalloc hugepage)
2024-05-21T19:10:55.2863422Z [    0.421619] TCP: Hash tables configured (established 32768 bind 32768)
2024-05-21T19:10:55.2876566Z [    0.422702] MPTCP token hash table entries: 4096 (order: 6, 360448 bytes, linear)
2024-05-21T19:10:55.2881417Z [    0.423436] UDP hash table entries: 2048 (order: 6, 327680 bytes, linear)
2024-05-21T19:10:55.2888640Z [    0.424091] UDP-Lite hash table entries: 2048 (order: 6, 327680 bytes, linear)
2024-05-21T19:10:55.2894616Z [    0.424852] NET: Registered PF_UNIX/PF_LOCAL protocol family
2024-05-21T19:10:55.2898949Z [    0.425372] NET: Registered PF_XDP protocol family
2024-05-21T19:10:55.2904598Z [    0.425797] pci_bus 0000:00: resource 4 [io  0x0000-0x0cf7 window]
2024-05-21T19:10:55.2909950Z [    0.426341] pci_bus 0000:00: resource 5 [io  0x0d00-0xffff window]
2024-05-21T19:10:55.2915978Z [    0.426875] pci_bus 0000:00: resource 6 [mem 0x000a0000-0x000bffff window]
2024-05-21T19:10:55.2921940Z [    0.427476] pci_bus 0000:00: resource 7 [mem 0xc0000000-0xfebfffff window]
2024-05-21T19:10:55.2928127Z [    0.428069] pci_bus 0000:00: resource 8 [mem 0x140000000-0x1bfffffff window]
2024-05-21T19:10:55.2933731Z [    0.428763] pci 0000:00:01.0: PIIX3: Enabling Passive Release
2024-05-21T19:10:55.2938960Z [    0.429275] pci 0000:00:00.0: Limiting direct PCI/PCI transfers
2024-05-21T19:10:55.2942832Z [    0.429840] PCI: CLS 0 bytes, default 64
2024-05-21T19:10:55.2951006Z [    0.430412] PCI-DMA: Using software bounce buffering for IO (SWIOTLB)
2024-05-21T19:10:55.2957991Z [    0.430973] software IO TLB: mapped [mem 0x00000000bbfe0000-0x00000000bffe0000] (64MB)
2024-05-21T19:10:55.2966293Z [    0.431762] RAPL PMU: API unit is 2^-32 Joules, 0 fixed counters, 10737418240 ms ovfl timer
2024-05-21T19:10:55.2982680Z [    0.433663] Initialise system trusted keyrings
2024-05-21T19:10:55.2988472Z [    0.434165] workingset: timestamp_bits=40 max_order=20 bucket_order=0
2024-05-21T19:10:55.2996490Z [    0.435051] 9p: Installing v9fs 9p2000 file system support
2024-05-21T19:10:55.3095849Z [    0.444952] NET: Registered PF_ALG protocol family
2024-05-21T19:10:55.3099052Z [    0.445399] Key type asymmetric registered
2024-05-21T19:10:55.3103305Z [    0.445771] Asymmetric key parser 'x509' registered
2024-05-21T19:10:55.3109822Z [    0.446221] Block layer SCSI generic (bsg) driver version 0.4 loaded (major 250)
2024-05-21T19:10:55.3114724Z [    0.446959] io scheduler mq-deadline registered
2024-05-21T19:10:55.3118172Z [    0.447363] io scheduler kyber registered
2024-05-21T19:10:55.3128101Z [    0.448032] input: Power Button as /devices/LNXSYSTM:00/LNXPWRBN:00/input/input0
2024-05-21T19:10:55.3170143Z [    0.452355] ACPI: button: Power Button [PWRF]
2024-05-21T19:10:55.3600887Z [    0.495282] Callback from call_rcu_tasks() invoked.
2024-05-21T19:10:55.3690503Z [    0.504290] ACPI: \_SB_.LNKB: Enabled at IRQ 10
2024-05-21T19:10:55.4215638Z [    0.556937] ACPI: \_SB_.LNKC: Enabled at IRQ 11
2024-05-21T19:10:55.4740055Z [    0.609267] ACPI: \_SB_.LNKD: Enabled at IRQ 11
2024-05-21T19:10:55.5263622Z [    0.661694] ACPI: \_SB_.LNKA: Enabled at IRQ 10
2024-05-21T19:10:55.5484010Z [    0.683625] Serial: 8250/16550 driver, 4 ports, IRQ sharing enabled
2024-05-21T19:10:55.5492845Z [    0.684519] 00:04: ttyS0 at I/O 0x3f8 (irq = 4, base_baud = 115200) is a 16550A
2024-05-21T19:10:55.6034987Z [    0.738840] Linux agpgart interface v0.103
2024-05-21T19:10:55.6087355Z [    0.744112] brd: module loaded
2024-05-21T19:10:55.6134227Z [    0.748839] loop: module loaded
2024-05-21T19:10:55.6156847Z [    0.750716] tun: Universal TUN/TAP device driver, 1.6
2024-05-21T19:10:55.6170660Z [    0.751751] i8042: PNP: PS/2 Controller [PNP0303:KBD,PNP0f13:MOU] at 0x60,0x64 irq 1,12
2024-05-21T19:10:55.6184706Z [    0.753776] serio: i8042 KBD port at 0x60,0x64 irq 1
2024-05-21T19:10:55.6190909Z [    0.754522] serio: i8042 AUX port at 0x60,0x64 irq 12
2024-05-21T19:10:55.6206164Z [    0.755599] input: AT Translated Set 2 keyboard as /devices/platform/i8042/serio0/input/input1
2024-05-21T19:10:55.6210182Z [    0.756527] Registered IR keymap rc-empty
2024-05-21T19:10:55.6216463Z [    0.756936] rc rc0: rc-core loopback device as /devices/virtual/rc/rc0
2024-05-21T19:10:55.6236741Z [    0.758269] rc rc0: lirc_dev: driver rc-loopback registered at minor = 0, raw IR receiver, raw IR transmitter
2024-05-21T19:10:55.6242514Z [    0.759493] input: rc-core loopback device as /devices/virtual/rc/rc0/input2
2024-05-21T19:10:55.6248471Z [    0.760250] intel_powerclamp: CPU does not support MWAIT
2024-05-21T19:10:55.6252549Z [    0.760726] intel_pstate: CPU model not supported
2024-05-21T19:10:55.6266443Z [    0.761940] ipip: IPv4 and MPLS over IPv4 tunneling driver
2024-05-21T19:10:55.6276272Z [    0.763069] gre: GRE over IPv4 demultiplexor driver
2024-05-21T19:10:55.6280459Z [    0.763513] ip_gre: GRE over IPv4 tunneling driver
2024-05-21T19:10:55.6290089Z [    0.764512] Initializing XFRM netlink socket
2024-05-21T19:10:55.6293320Z [    0.764910] IPsec XFRM device driver
2024-05-21T19:10:55.6298457Z [    0.765295] NET: Registered PF_INET6 protocol family
2024-05-21T19:10:55.6306655Z [    0.766223] Segment Routing with IPv6
2024-05-21T19:10:55.6310402Z [    0.766574] In-situ OAM (IOAM) with IPv6
2024-05-21T19:10:55.6313165Z [    0.766947] mip6: Mobile IPv6
2024-05-21T19:10:55.6318595Z [    0.767218] sit: IPv6, IPv4 and MPLS over IPv4 tunneling driver
2024-05-21T19:10:55.6327078Z [    0.768147] ip6_gre: GRE over IPv6 tunneling driver
2024-05-21T19:10:55.6333488Z [    0.768785] NET: Registered PF_PACKET protocol family
2024-05-21T19:10:55.6337700Z [    0.769291] 8021q: 802.1Q VLAN Support v1.8
2024-05-21T19:10:55.6341728Z [    0.769687] 9pnet: Installing 9P2000 support
2024-05-21T19:10:55.6360241Z [    0.771527] Key type dns_resolver registered
2024-05-21T19:10:55.6365637Z [    0.772000] NET: Registered PF_VSOCK protocol family
2024-05-21T19:10:55.6369128Z [    0.772473] mpls_gso: MPLS GSO support
2024-05-21T19:10:55.6377388Z [    0.773247] IPI shorthand broadcast: enabled
2024-05-21T19:10:55.6414708Z [    0.776631] sched_clock: Marking stable (766849074, 9385982)->(814171821, -37936765)
2024-05-21T19:10:55.6423493Z [    0.777503] Timer migration: 1 hierarchy levels; 8 children per group; 1 crossnode level
2024-05-21T19:10:55.6428138Z [    0.778340] registered taskstats version 1
2024-05-21T19:10:55.6514804Z [    0.786746] Loading compiled-in X.509 certificates
2024-05-21T19:10:55.6532932Z [    0.788245] Loaded X.509 cert 'Build time autogenerated kernel key: 76fc638a6459d0bd801f3504048470bb67df2a36'
2024-05-21T19:10:55.6608028Z [    0.796071] ima: No TPM chip found, activating TPM-bypass!
2024-05-21T19:10:55.6611001Z [    0.796578] ima: Allocated hash algorithm: sha1
2024-05-21T19:10:55.6615083Z [    0.796997] ima: No architecture policies found
2024-05-21T19:10:56.2005031Z [    1.335460] input: ImExPS/2 Generic Explorer Mouse as /devices/platform/i8042/serio1/input/input4
2024-05-21T19:10:56.2012979Z [    1.336527] 9pnet_virtio: no channels available for device
2024-05-21T19:10:56.2016253Z [    1.336916] 9pnet: Limiting 'msize' to 512000 as this is the maximum supported by transport virtio
2024-05-21T19:10:56.2029514Z [    1.338299] VFS: Mounted root (9p filesystem) on device 0:21.
2024-05-21T19:10:56.2034582Z [    1.339098] devtmpfs: mounted
2024-05-21T19:10:56.2061204Z [    1.341415] Freeing unused kernel image (initmem) memory: 3084K
2024-05-21T19:10:56.2062979Z [    1.341789] Write protecting the kernel read-only data: 26624k
2024-05-21T19:10:56.2073938Z [    1.342611] Freeing unused kernel image (rodata/data gap) memory: 768K
2024-05-21T19:10:56.2232478Z [    1.358550] Run /tmp/vmtest-initHUsOL.sh as init process
2024-05-21T19:10:56.2628654Z [    1.398266] vmtest: Mounting tmpfs at /dev/shm
2024-05-21T19:10:56.2755823Z [    1.411059] vmtest: Mounting tmpfs at /tmp
2024-05-21T19:10:56.2822312Z [    1.417706] vmtest: Mounting tmpfs at /run
2024-05-21T19:10:56.2923889Z [    1.427848] vmtest: Mounting sysfs at /sys
2024-05-21T19:10:56.2993678Z [    1.434766] vmtest: Mounting debugfs at /sys/kernel/debug
2024-05-21T19:10:56.3059959Z [    1.441336] vmtest: Mounting tracefs at /sys/kernel/debug/tracing
2024-05-21T19:10:56.3112593Z [    1.446567] tsc: Refined TSC clocksource calibration: 2999.968 MHz
2024-05-21T19:10:56.3118142Z [    1.446990] clocksource: tsc: mask: 0xffffffffffffffff max_cycles: 0x2b3e2705815, max_idle_ns: 440795226061 ns
2024-05-21T19:10:56.3123068Z [    1.447766] clocksource: Switched to clocksource tsc
2024-05-21T19:10:56.3133174Z [    1.448870] vmtest: Mounting cgroup2 at /sys/fs/cgroup
2024-05-21T19:10:56.3199057Z [    1.455357] vmtest: Mounting tmpfs at /mnt
2024-05-21T19:10:56.3268282Z [    1.462253] vmtest: Symlink /dev/fd to /proc/self/fd
2024-05-21T19:10:56.3295772Z [    1.465201] vmtest: Init done
2024-05-21T19:10:56.3408629Z [    1.476161] vmtest: Located qemu-guest-agent virtio port: /dev/vport0p1
2024-05-21T19:10:56.3409750Z [    1.476636] vmtest: Spawning qemu-ga
2024-05-21T19:10:56.3561946Z ===> Setting up VM
2024-05-21T19:10:56.5661654Z [    1.701235] 9pnet: Limiting 'msize' to 512000 as this is the maximum supported by transport virtio
2024-05-21T19:10:56.7623915Z ===> Running command
2024-05-21T19:10:56.8502965Z ##[endgroup]
2024-05-21T19:10:56.8503792Z ##[group]kernel_config - Kconfig
2024-05-21T19:10:56.8569828Z #
2024-05-21T19:10:56.8570201Z # Automatically generated file; DO NOT EDIT.
2024-05-21T19:10:56.8570685Z # Linux/x86 6.9.0 Kernel Configuration
2024-05-21T19:10:56.8571076Z #
2024-05-21T19:10:56.8571631Z CONFIG_CC_VERSION_TEXT="gcc (Ubuntu 9.4.0-1ubuntu1~20.04.2) 9.4.0"
2024-05-21T19:10:56.8572174Z CONFIG_CC_IS_GCC=y
2024-05-21T19:10:56.8572459Z CONFIG_GCC_VERSION=90400
2024-05-21T19:10:56.8572786Z CONFIG_CLANG_VERSION=0
2024-05-21T19:10:56.8573101Z CONFIG_AS_IS_GNU=y
2024-05-21T19:10:56.8573380Z CONFIG_AS_VERSION=23400
2024-05-21T19:10:56.8573695Z CONFIG_LD_IS_BFD=y
2024-05-21T19:10:56.8573990Z CONFIG_LD_VERSION=23400
2024-05-21T19:10:56.8574303Z CONFIG_LLD_VERSION=0
2024-05-21T19:10:56.8574608Z CONFIG_CC_CAN_LINK=y
2024-05-21T19:10:56.8574903Z CONFIG_CC_CAN_LINK_STATIC=y
2024-05-21T19:10:56.8575249Z CONFIG_CC_HAS_ASM_INLINE=y
2024-05-21T19:10:56.8575601Z CONFIG_CC_HAS_NO_PROFILE_FN_ATTR=y
2024-05-21T19:10:56.8575968Z CONFIG_PAHOLE_VERSION=126
2024-05-21T19:10:56.8576293Z CONFIG_IRQ_WORK=y
2024-05-21T19:10:56.8576683Z CONFIG_BUILDTIME_TABLE_SORT=y
2024-05-21T19:10:56.8577044Z CONFIG_THREAD_INFO_IN_TASK=y
2024-05-21T19:10:56.8577276Z 
2024-05-21T19:10:56.8577377Z #
2024-05-21T19:10:56.8577599Z # General setup
2024-05-21T19:10:56.8577875Z #
2024-05-21T19:10:56.8578126Z CONFIG_INIT_ENV_ARG_LIMIT=32
2024-05-21T19:10:56.8578473Z # CONFIG_COMPILE_TEST is not set
2024-05-21T19:10:56.8578849Z # CONFIG_WERROR is not set
2024-05-21T19:10:56.8579192Z CONFIG_LOCALVERSION=""
2024-05-21T19:10:56.8579501Z CONFIG_LOCALVERSION_AUTO=y
2024-05-21T19:10:56.8579831Z CONFIG_BUILD_SALT=""
2024-05-21T19:10:56.8580143Z CONFIG_HAVE_KERNEL_GZIP=y
2024-05-21T19:10:56.8580465Z CONFIG_HAVE_KERNEL_BZIP2=y
2024-05-21T19:10:56.8580802Z CONFIG_HAVE_KERNEL_LZMA=y
2024-05-21T19:10:56.8581132Z CONFIG_HAVE_KERNEL_XZ=y
2024-05-21T19:10:56.8581441Z CONFIG_HAVE_KERNEL_LZO=y
2024-05-21T19:10:56.8581769Z CONFIG_HAVE_KERNEL_LZ4=y
2024-05-21T19:10:56.8582098Z CONFIG_HAVE_KERNEL_ZSTD=y
2024-05-21T19:10:56.8582411Z CONFIG_KERNEL_GZIP=y
2024-05-21T19:10:56.8582741Z # CONFIG_KERNEL_BZIP2 is not set
2024-05-21T19:10:56.8583126Z # CONFIG_KERNEL_LZMA is not set
2024-05-21T19:10:56.8583487Z # CONFIG_KERNEL_XZ is not set
2024-05-21T19:10:56.8584096Z # CONFIG_KERNEL_LZO is not set
2024-05-21T19:10:56.8584474Z # CONFIG_KERNEL_LZ4 is not set
2024-05-21T19:10:56.8584819Z # CONFIG_KERNEL_ZSTD is not set
2024-05-21T19:10:56.8585188Z CONFIG_DEFAULT_INIT=""
2024-05-21T19:10:56.8585520Z CONFIG_DEFAULT_HOSTNAME="(none)"
2024-05-21T19:10:56.8585866Z CONFIG_SYSVIPC=y
2024-05-21T19:10:56.8586230Z CONFIG_SYSVIPC_SYSCTL=y
2024-05-21T19:10:56.8586554Z CONFIG_POSIX_MQUEUE=y
2024-05-21T19:10:56.8586859Z CONFIG_POSIX_MQUEUE_SYSCTL=y
2024-05-21T19:10:56.8587220Z # CONFIG_WATCH_QUEUE is not set
2024-05-21T19:10:56.8587596Z CONFIG_CROSS_MEMORY_ATTACH=y
2024-05-21T19:10:56.8587932Z # CONFIG_USELIB is not set
2024-05-21T19:10:56.8588261Z CONFIG_AUDIT=y
2024-05-21T19:10:56.8588560Z CONFIG_HAVE_ARCH_AUDITSYSCALL=y
2024-05-21T19:10:56.8588911Z CONFIG_AUDITSYSCALL=y
2024-05-21T19:10:56.8589265Z 
2024-05-21T19:10:56.8589352Z #
2024-05-21T19:10:56.8589587Z # IRQ subsystem
2024-05-21T19:10:56.8589837Z #
2024-05-21T19:10:56.8590087Z CONFIG_GENERIC_IRQ_PROBE=y
2024-05-21T19:10:56.8590434Z CONFIG_GENERIC_IRQ_SHOW=y
2024-05-21T19:10:56.8590780Z CONFIG_GENERIC_IRQ_EFFECTIVE_AFF_MASK=y
2024-05-21T19:10:56.8591206Z CONFIG_GENERIC_PENDING_IRQ=y
2024-05-21T19:10:56.8591568Z CONFIG_GENERIC_IRQ_MIGRATION=y
2024-05-21T19:10:56.8591921Z CONFIG_HARDIRQS_SW_RESEND=y
2024-05-21T19:10:56.8592259Z CONFIG_IRQ_DOMAIN=y
2024-05-21T19:10:56.8592566Z CONFIG_IRQ_DOMAIN_HIERARCHY=y
2024-05-21T19:10:56.8592906Z CONFIG_GENERIC_MSI_IRQ=y
2024-05-21T19:10:56.8593240Z CONFIG_IRQ_MSI_IOMMU=y
2024-05-21T19:10:56.8593574Z CONFIG_GENERIC_IRQ_MATRIX_ALLOCATOR=y
2024-05-21T19:10:56.8593980Z CONFIG_GENERIC_IRQ_RESERVATION_MODE=y
2024-05-21T19:10:56.8594381Z CONFIG_IRQ_FORCED_THREADING=y
2024-05-21T19:10:56.8594736Z CONFIG_SPARSE_IRQ=y
2024-05-21T19:10:56.8595048Z # CONFIG_GENERIC_IRQ_DEBUGFS is not set
2024-05-21T19:10:56.8595455Z # end of IRQ subsystem
2024-05-21T19:10:56.8595663Z 
2024-05-21T19:10:56.8595799Z CONFIG_CLOCKSOURCE_WATCHDOG=y
2024-05-21T19:10:56.8596151Z CONFIG_ARCH_CLOCKSOURCE_INIT=y
2024-05-21T19:10:56.8596551Z CONFIG_CLOCKSOURCE_VALIDATE_LAST_CYCLE=y
2024-05-21T19:10:56.8596974Z CONFIG_GENERIC_TIME_VSYSCALL=y
2024-05-21T19:10:56.8597325Z CONFIG_GENERIC_CLOCKEVENTS=y
2024-05-21T19:10:56.8597704Z CONFIG_GENERIC_CLOCKEVENTS_BROADCAST=y
2024-05-21T19:10:56.8598150Z CONFIG_GENERIC_CLOCKEVENTS_BROADCAST_IDLE=y
2024-05-21T19:10:56.8598593Z CONFIG_GENERIC_CLOCKEVENTS_MIN_ADJUST=y
2024-05-21T19:10:56.8599008Z CONFIG_GENERIC_CMOS_UPDATE=y
2024-05-21T19:10:56.8599391Z CONFIG_HAVE_POSIX_CPU_TIMERS_TASK_WORK=y
2024-05-21T19:10:56.8599805Z CONFIG_POSIX_CPU_TIMERS_TASK_WORK=y
2024-05-21T19:10:56.8600195Z CONFIG_CONTEXT_TRACKING=y
2024-05-21T19:10:56.8600537Z CONFIG_CONTEXT_TRACKING_IDLE=y
2024-05-21T19:10:56.8600778Z 
2024-05-21T19:10:56.8600865Z #
2024-05-21T19:10:56.8601106Z # Timers subsystem
2024-05-21T19:10:56.8601379Z #
2024-05-21T19:10:56.8601608Z CONFIG_TICK_ONESHOT=y
2024-05-21T19:10:56.8601929Z CONFIG_NO_HZ_COMMON=y
2024-05-21T19:10:56.8602251Z # CONFIG_HZ_PERIODIC is not set
2024-05-21T19:10:56.8602600Z CONFIG_NO_HZ_IDLE=y
2024-05-21T19:10:56.8602919Z # CONFIG_NO_HZ_FULL is not set
2024-05-21T19:10:56.8603266Z CONFIG_NO_HZ=y
2024-05-21T19:10:56.8603531Z CONFIG_HIGH_RES_TIMERS=y
2024-05-21T19:10:56.8604024Z CONFIG_CLOCKSOURCE_WATCHDOG_MAX_SKEW_US=125
2024-05-21T19:10:56.8604459Z # end of Timers subsystem
2024-05-21T19:10:56.8604675Z 
2024-05-21T19:10:56.8604771Z CONFIG_BPF=y
2024-05-21T19:10:56.8605052Z CONFIG_HAVE_EBPF_JIT=y
2024-05-21T19:10:56.8605390Z CONFIG_ARCH_WANT_DEFAULT_BPF_JIT=y
2024-05-21T19:10:56.8605651Z 
2024-05-21T19:10:56.8605737Z #
2024-05-21T19:10:56.8605976Z # BPF subsystem
2024-05-21T19:10:56.8606243Z #
2024-05-21T19:10:56.8606466Z CONFIG_BPF_SYSCALL=y
2024-05-21T19:10:56.8606762Z CONFIG_BPF_JIT=y
2024-05-21T19:10:56.8607058Z CONFIG_BPF_JIT_ALWAYS_ON=y
2024-05-21T19:10:56.8607386Z CONFIG_BPF_JIT_DEFAULT_ON=y
2024-05-21T19:10:56.8607773Z # CONFIG_BPF_UNPRIV_DEFAULT_OFF is not set
2024-05-21T19:10:56.8608194Z CONFIG_USERMODE_DRIVER=y
2024-05-21T19:10:56.8608506Z CONFIG_BPF_PRELOAD=y
2024-05-21T19:10:56.8608930Z CONFIG_BPF_PRELOAD_UMD=y
2024-05-21T19:10:56.8609253Z CONFIG_BPF_LSM=y
2024-05-21T19:10:56.8609527Z # end of BPF subsystem
2024-05-21T19:10:56.8609738Z 
2024-05-21T19:10:56.8609850Z CONFIG_PREEMPT_BUILD=y
2024-05-21T19:10:56.8610179Z # CONFIG_PREEMPT_NONE is not set
2024-05-21T19:10:56.8610561Z # CONFIG_PREEMPT_VOLUNTARY is not set
2024-05-21T19:10:56.8610950Z CONFIG_PREEMPT=y
2024-05-21T19:10:56.8611239Z CONFIG_PREEMPT_COUNT=y
2024-05-21T19:10:56.8611538Z CONFIG_PREEMPTION=y
2024-05-21T19:10:56.8611844Z CONFIG_PREEMPT_DYNAMIC=y
2024-05-21T19:10:56.8612166Z # CONFIG_SCHED_CORE is not set
2024-05-21T19:10:56.8612415Z 
2024-05-21T19:10:56.8612504Z #
2024-05-21T19:10:56.8612767Z # CPU/Task time and stats accounting
2024-05-21T19:10:56.8613157Z #
2024-05-21T19:10:56.8613406Z CONFIG_TICK_CPU_ACCOUNTING=y
2024-05-21T19:10:56.8613916Z # CONFIG_VIRT_CPU_ACCOUNTING_GEN is not set
2024-05-21T19:10:56.8614370Z # CONFIG_IRQ_TIME_ACCOUNTING is not set
2024-05-21T19:10:56.8614778Z CONFIG_BSD_PROCESS_ACCT=y
2024-05-21T19:10:56.8615125Z # CONFIG_BSD_PROCESS_ACCT_V3 is not set
2024-05-21T19:10:56.8615527Z CONFIG_TASKSTATS=y
2024-05-21T19:10:56.8615827Z CONFIG_TASK_DELAY_ACCT=y
2024-05-21T19:10:56.8616133Z CONFIG_TASK_XACCT=y
2024-05-21T19:10:56.8616445Z CONFIG_TASK_IO_ACCOUNTING=y
2024-05-21T19:10:56.8616788Z # CONFIG_PSI is not set
2024-05-21T19:10:56.8617134Z # end of CPU/Task time and stats accounting
2024-05-21T19:10:56.8617461Z 
2024-05-21T19:10:56.8617569Z CONFIG_CPU_ISOLATION=y
2024-05-21T19:10:56.8617769Z 
2024-05-21T19:10:56.8617870Z #
2024-05-21T19:10:56.8618088Z # RCU Subsystem
2024-05-21T19:10:56.8618353Z #
2024-05-21T19:10:56.8618583Z CONFIG_TREE_RCU=y
2024-05-21T19:10:56.8618856Z CONFIG_PREEMPT_RCU=y
2024-05-21T19:10:56.8619176Z # CONFIG_RCU_EXPERT is not set
2024-05-21T19:10:56.8619527Z CONFIG_TREE_SRCU=y
2024-05-21T19:10:56.8619816Z CONFIG_TASKS_RCU_GENERIC=y
2024-05-21T19:10:56.8620150Z CONFIG_NEED_TASKS_RCU=y
2024-05-21T19:10:56.8620466Z CONFIG_TASKS_RCU=y
2024-05-21T19:10:56.8620746Z CONFIG_TASKS_RUDE_RCU=y
2024-05-21T19:10:56.8621072Z CONFIG_TASKS_TRACE_RCU=y
2024-05-21T19:10:56.8621405Z CONFIG_RCU_STALL_COMMON=y
2024-05-21T19:10:56.8621727Z CONFIG_RCU_NEED_SEGCBLIST=y
2024-05-21T19:10:56.8622072Z # end of RCU Subsystem
2024-05-21T19:10:56.8622274Z 
2024-05-21T19:10:56.8622392Z CONFIG_IKCONFIG=y
2024-05-21T19:10:56.8622673Z CONFIG_IKCONFIG_PROC=y
2024-05-21T19:10:56.8622997Z # CONFIG_IKHEADERS is not set
2024-05-21T19:10:56.8623347Z CONFIG_LOG_BUF_SHIFT=21
2024-05-21T19:10:56.8623659Z CONFIG_LOG_CPU_MAX_BUF_SHIFT=0
2024-05-21T19:10:56.8624030Z # CONFIG_PRINTK_INDEX is not set
2024-05-21T19:10:56.8624413Z CONFIG_HAVE_UNSTABLE_SCHED_CLOCK=y
2024-05-21T19:10:56.8624676Z 
2024-05-21T19:10:56.8624763Z #
2024-05-21T19:10:56.8625005Z # Scheduler features
2024-05-21T19:10:56.8625293Z #
2024-05-21T19:10:56.8625528Z # CONFIG_UCLAMP_TASK is not set
2024-05-21T19:10:56.8625906Z # end of Scheduler features
2024-05-21T19:10:56.8626137Z 
2024-05-21T19:10:56.8626284Z CONFIG_ARCH_SUPPORTS_NUMA_BALANCING=y
2024-05-21T19:10:56.8626708Z CONFIG_ARCH_WANT_BATCHED_UNMAP_TLB_FLUSH=y
2024-05-21T19:10:56.8627128Z CONFIG_CC_HAS_INT128=y
2024-05-21T19:10:56.8627670Z CONFIG_CC_IMPLICIT_FALLTHROUGH="-Wimplicit-fallthrough=5"
2024-05-21T19:10:56.8628177Z CONFIG_GCC10_NO_ARRAY_BOUNDS=y
2024-05-21T19:10:56.8628549Z CONFIG_GCC_NO_STRINGOP_OVERFLOW=y
2024-05-21T19:10:56.8628941Z CONFIG_CC_NO_STRINGOP_OVERFLOW=y
2024-05-21T19:10:56.8629304Z CONFIG_ARCH_SUPPORTS_INT128=y
2024-05-21T19:10:56.8629659Z CONFIG_NUMA_BALANCING=y
2024-05-21T19:10:56.8630015Z CONFIG_NUMA_BALANCING_DEFAULT_ENABLED=y
2024-05-21T19:10:56.8630398Z CONFIG_CGROUPS=y
2024-05-21T19:10:56.8630687Z CONFIG_PAGE_COUNTER=y
2024-05-21T19:10:56.8631034Z # CONFIG_CGROUP_FAVOR_DYNMODS is not set
2024-05-21T19:10:56.8631417Z CONFIG_MEMCG=y
2024-05-21T19:10:56.8631693Z CONFIG_MEMCG_KMEM=y
2024-05-21T19:10:56.8631997Z CONFIG_BLK_CGROUP=y
2024-05-21T19:10:56.8632285Z CONFIG_CGROUP_WRITEBACK=y
2024-05-21T19:10:56.8632617Z CONFIG_CGROUP_SCHED=y
2024-05-21T19:10:56.8632933Z CONFIG_FAIR_GROUP_SCHED=y
2024-05-21T19:10:56.8633327Z CONFIG_CFS_BANDWIDTH=y
2024-05-21T19:10:56.8633661Z # CONFIG_RT_GROUP_SCHED is not set
2024-05-21T19:10:56.8634041Z CONFIG_SCHED_MM_CID=y
2024-05-21T19:10:56.8634349Z # CONFIG_CGROUP_PIDS is not set
2024-05-21T19:10:56.8634731Z # CONFIG_CGROUP_RDMA is not set
2024-05-21T19:10:56.8635098Z CONFIG_CGROUP_FREEZER=y
2024-05-21T19:10:56.8635406Z CONFIG_CGROUP_HUGETLB=y
2024-05-21T19:10:56.8635723Z CONFIG_CPUSETS=y
2024-05-21T19:10:56.8636018Z CONFIG_PROC_PID_CPUSET=y
2024-05-21T19:10:56.8636328Z CONFIG_CGROUP_DEVICE=y
2024-05-21T19:10:56.8636648Z CONFIG_CGROUP_CPUACCT=y
2024-05-21T19:10:56.8636968Z CONFIG_CGROUP_PERF=y
2024-05-21T19:10:56.8637258Z CONFIG_CGROUP_BPF=y
2024-05-21T19:10:56.8637571Z # CONFIG_CGROUP_MISC is not set
2024-05-21T19:10:56.8637949Z # CONFIG_CGROUP_DEBUG is not set
2024-05-21T19:10:56.8638367Z CONFIG_SOCK_CGROUP_DATA=y
2024-05-21T19:10:56.8638700Z CONFIG_NAMESPACES=y
2024-05-21T19:10:56.8638995Z CONFIG_UTS_NS=y
2024-05-21T19:10:56.8639255Z CONFIG_TIME_NS=y
2024-05-21T19:10:56.8639541Z CONFIG_IPC_NS=y
2024-05-21T19:10:56.8639815Z CONFIG_USER_NS=y
2024-05-21T19:10:56.8640079Z CONFIG_PID_NS=y
2024-05-21T19:10:56.8640353Z CONFIG_NET_NS=y
2024-05-21T19:10:56.8641894Z # CONFIG_CHECKPOINT_RESTORE is not set
2024-05-21T19:10:56.8642308Z # CONFIG_SCHED_AUTOGROUP is not set
2024-05-21T19:10:56.8642689Z CONFIG_RELAY=y
2024-05-21T19:10:56.8642968Z CONFIG_BLK_DEV_INITRD=y
2024-05-21T19:10:56.8643284Z CONFIG_INITRAMFS_SOURCE=""
2024-05-21T19:10:56.8643617Z CONFIG_RD_GZIP=y
2024-05-21T19:10:56.8643939Z CONFIG_RD_BZIP2=y
2024-05-21T19:10:56.8644229Z CONFIG_RD_LZMA=y
2024-05-21T19:10:56.8644584Z CONFIG_RD_XZ=y
2024-05-21T19:10:56.8644839Z CONFIG_RD_LZO=y
2024-05-21T19:10:56.8645115Z CONFIG_RD_LZ4=y
2024-05-21T19:10:56.8645389Z CONFIG_RD_ZSTD=y
2024-05-21T19:10:56.8645657Z CONFIG_BOOT_CONFIG=y
2024-05-21T19:10:56.8645993Z # CONFIG_BOOT_CONFIG_FORCE is not set
2024-05-21T19:10:56.8646410Z # CONFIG_BOOT_CONFIG_EMBED is not set
2024-05-21T19:10:56.8646805Z CONFIG_INITRAMFS_PRESERVE_MTIME=y
2024-05-21T19:10:56.8647209Z CONFIG_CC_OPTIMIZE_FOR_PERFORMANCE=y
2024-05-21T19:10:56.8647637Z # CONFIG_CC_OPTIMIZE_FOR_SIZE is not set
2024-05-21T19:10:56.8648032Z CONFIG_LD_ORPHAN_WARN=y
2024-05-21T19:10:56.8648370Z CONFIG_LD_ORPHAN_WARN_LEVEL="warn"
2024-05-21T19:10:56.8648819Z CONFIG_SYSCTL=y
2024-05-21T19:10:56.8649165Z CONFIG_SYSCTL_EXCEPTION_TRACE=y
2024-05-21T19:10:56.8649574Z CONFIG_HAVE_PCSPKR_PLATFORM=y
2024-05-21T19:10:56.8649923Z CONFIG_EXPERT=y
2024-05-21T19:10:56.8650189Z CONFIG_MULTIUSER=y
2024-05-21T19:10:56.8650489Z CONFIG_SGETMASK_SYSCALL=y
2024-05-21T19:10:56.8650820Z CONFIG_SYSFS_SYSCALL=y
2024-05-21T19:10:56.8651111Z CONFIG_FHANDLE=y
2024-05-21T19:10:56.8651398Z CONFIG_POSIX_TIMERS=y
2024-05-21T19:10:56.8651702Z CONFIG_PRINTK=y
2024-05-21T19:10:56.8651959Z CONFIG_BUG=y
2024-05-21T19:10:56.8652232Z CONFIG_ELF_CORE=y
2024-05-21T19:10:56.8652529Z CONFIG_PCSPKR_PLATFORM=y
2024-05-21T19:10:56.8652854Z # CONFIG_BASE_SMALL is not set
2024-05-21T19:10:56.8653203Z CONFIG_FUTEX=y
2024-05-21T19:10:56.8653481Z CONFIG_FUTEX_PI=y
2024-05-21T19:10:56.8653748Z CONFIG_EPOLL=y
2024-05-21T19:10:56.8654023Z CONFIG_SIGNALFD=y
2024-05-21T19:10:56.8654304Z CONFIG_TIMERFD=y
2024-05-21T19:10:56.8654569Z CONFIG_EVENTFD=y
2024-05-21T19:10:56.8654844Z CONFIG_SHMEM=y
2024-05-21T19:10:56.8655104Z CONFIG_AIO=y
2024-05-21T19:10:56.8655352Z CONFIG_IO_URING=y
2024-05-21T19:10:56.8655641Z CONFIG_ADVISE_SYSCALLS=y
2024-05-21T19:10:56.8655950Z CONFIG_MEMBARRIER=y
2024-05-21T19:10:56.8656247Z # CONFIG_KCMP is not set
2024-05-21T19:10:56.8656559Z CONFIG_RSEQ=y
2024-05-21T19:10:56.8656833Z # CONFIG_DEBUG_RSEQ is not set
2024-05-21T19:10:56.8657197Z CONFIG_CACHESTAT_SYSCALL=y
2024-05-21T19:10:56.8657530Z # CONFIG_PC104 is not set
2024-05-21T19:10:56.8657837Z CONFIG_KALLSYMS=y
2024-05-21T19:10:56.8658151Z # CONFIG_KALLSYMS_SELFTEST is not set
2024-05-21T19:10:56.8658547Z CONFIG_KALLSYMS_ALL=y
2024-05-21T19:10:56.8658860Z CONFIG_KALLSYMS_ABSOLUTE_PERCPU=y
2024-05-21T19:10:56.8659246Z CONFIG_KALLSYMS_BASE_RELATIVE=y
2024-05-21T19:10:56.8659757Z CONFIG_ARCH_HAS_MEMBARRIER_SYNC_CORE=y
2024-05-21T19:10:56.8660148Z CONFIG_HAVE_PERF_EVENTS=y
2024-05-21T19:10:56.8660376Z 
2024-05-21T19:10:56.8660463Z #
2024-05-21T19:10:56.8660927Z # Kernel Performance Events And Counters
2024-05-21T19:10:56.8661365Z #
2024-05-21T19:10:56.8661689Z CONFIG_PERF_EVENTS=y
2024-05-21T19:10:56.8662127Z # CONFIG_DEBUG_PERF_USE_VMALLOC is not set
2024-05-21T19:10:56.8662648Z # end of Kernel Performance Events And Counters
2024-05-21T19:10:56.8663051Z 
2024-05-21T19:10:56.8663205Z CONFIG_SYSTEM_DATA_VERIFICATION=y
2024-05-21T19:10:56.8663671Z CONFIG_PROFILING=y
2024-05-21T19:10:56.8664006Z CONFIG_TRACEPOINTS=y
2024-05-21T19:10:56.8664274Z 
2024-05-21T19:10:56.8664382Z #
2024-05-21T19:10:56.8664717Z # Kexec and crash features
2024-05-21T19:10:56.8665068Z #
2024-05-21T19:10:56.8665477Z CONFIG_CRASH_RESERVE=y
2024-05-21T19:10:56.8665887Z CONFIG_VMCORE_INFO=y
2024-05-21T19:10:56.8666237Z CONFIG_KEXEC_CORE=y
2024-05-21T19:10:56.8666601Z CONFIG_KEXEC=y
2024-05-21T19:10:56.8666989Z # CONFIG_KEXEC_FILE is not set
2024-05-21T19:10:56.8667390Z CONFIG_CRASH_DUMP=y
2024-05-21T19:10:56.8667763Z CONFIG_CRASH_HOTPLUG=y
2024-05-21T19:10:56.8668190Z CONFIG_CRASH_MAX_MEMORY_RANGES=8192
2024-05-21T19:10:56.8668632Z # end of Kexec and crash features
2024-05-21T19:10:56.8669076Z # end of General setup
2024-05-21T19:10:56.8669303Z 
2024-05-21T19:10:56.8669486Z CONFIG_64BIT=y
2024-05-21T19:10:56.8669796Z CONFIG_X86_64=y
2024-05-21T19:10:56.8670140Z CONFIG_X86=y
2024-05-21T19:10:56.8670521Z CONFIG_INSTRUCTION_DECODER=y
2024-05-21T19:10:56.8671018Z CONFIG_OUTPUT_FORMAT="elf64-x86-64"
2024-05-21T19:10:56.8671480Z CONFIG_LOCKDEP_SUPPORT=y
2024-05-21T19:10:56.8671918Z CONFIG_STACKTRACE_SUPPORT=y
2024-05-21T19:10:56.8672286Z CONFIG_MMU=y
2024-05-21T19:10:56.8672633Z CONFIG_ARCH_MMAP_RND_BITS_MIN=28
2024-05-21T19:10:56.8673075Z CONFIG_ARCH_MMAP_RND_BITS_MAX=32
2024-05-21T19:10:56.8673532Z CONFIG_ARCH_MMAP_RND_COMPAT_BITS_MIN=8
2024-05-21T19:10:56.8674025Z CONFIG_ARCH_MMAP_RND_COMPAT_BITS_MAX=16
2024-05-21T19:10:56.8674553Z CONFIG_GENERIC_ISA_DMA=y
2024-05-21T19:10:56.8674949Z CONFIG_GENERIC_BUG=y
2024-05-21T19:10:56.8675372Z CONFIG_GENERIC_BUG_RELATIVE_POINTERS=y
2024-05-21T19:10:56.8743513Z CONFIG_ARCH_MAY_HAVE_PC_FDC=y
2024-05-21T19:10:56.8743953Z CONFIG_GENERIC_CALIBRATE_DELAY=y
2024-05-21T19:10:56.8744316Z CONFIG_ARCH_HAS_CPU_RELAX=y
2024-05-21T19:10:56.8744666Z CONFIG_ARCH_HIBERNATION_POSSIBLE=y
2024-05-21T19:10:56.8745051Z CONFIG_ARCH_SUSPEND_POSSIBLE=y
2024-05-21T19:10:56.8745389Z CONFIG_AUDIT_ARCH=y
2024-05-21T19:10:56.8745659Z CONFIG_X86_64_SMP=y
2024-05-21T19:10:56.8745946Z CONFIG_ARCH_SUPPORTS_UPROBES=y
2024-05-21T19:10:56.8746289Z CONFIG_FIX_EARLYCON_MEM=y
2024-05-21T19:10:56.8746599Z CONFIG_PGTABLE_LEVELS=5
2024-05-21T19:10:56.8746923Z CONFIG_CC_HAS_SANE_STACKPROTECTOR=y
2024-05-21T19:10:56.8747221Z 
2024-05-21T19:10:56.8747307Z #
2024-05-21T19:10:56.8747565Z # Processor type and features
2024-05-21T19:10:56.8747886Z #
2024-05-21T19:10:56.8748118Z CONFIG_SMP=y
2024-05-21T19:10:56.8748394Z CONFIG_X86_MPPARSE=y
2024-05-21T19:10:56.8748707Z # CONFIG_X86_CPU_RESCTRL is not set
2024-05-21T19:10:56.8749098Z # CONFIG_X86_FRED is not set
2024-05-21T19:10:56.8749455Z CONFIG_X86_EXTENDED_PLATFORM=y
2024-05-21T19:10:56.8749805Z # CONFIG_X86_VSMP is not set
2024-05-21T19:10:56.8750164Z # CONFIG_X86_GOLDFISH is not set
2024-05-21T19:10:56.8750541Z # CONFIG_X86_INTEL_MID is not set
2024-05-21T19:10:56.8750912Z # CONFIG_X86_INTEL_LPSS is not set
2024-05-21T19:10:56.8751328Z # CONFIG_X86_AMD_PLATFORM_DEVICE is not set
2024-05-21T19:10:56.8751761Z # CONFIG_IOSF_MBI is not set
2024-05-21T19:10:56.8752116Z CONFIG_X86_SUPPORTS_MEMORY_FAILURE=y
2024-05-21T19:10:56.8752526Z CONFIG_SCHED_OMIT_FRAME_POINTER=y
2024-05-21T19:10:56.8752921Z # CONFIG_HYPERVISOR_GUEST is not set
2024-05-21T19:10:56.8753304Z # CONFIG_MK8 is not set
2024-05-21T19:10:56.8753635Z # CONFIG_MPSC is not set
2024-05-21T19:10:56.8753952Z CONFIG_MCORE2=y
2024-05-21T19:10:56.8754233Z # CONFIG_MATOM is not set
2024-05-21T19:10:56.8754758Z # CONFIG_GENERIC_CPU is not set
2024-05-21T19:10:56.8755138Z CONFIG_X86_INTERNODE_CACHE_SHIFT=6
2024-05-21T19:10:56.8755506Z CONFIG_X86_L1_CACHE_SHIFT=6
2024-05-21T19:10:56.8755848Z CONFIG_X86_INTEL_USERCOPY=y
2024-05-21T19:10:56.8756183Z CONFIG_X86_USE_PPRO_CHECKSUM=y
2024-05-21T19:10:56.8756530Z CONFIG_X86_P6_NOP=y
2024-05-21T19:10:56.8756820Z CONFIG_X86_TSC=y
2024-05-21T19:10:56.8757094Z CONFIG_X86_HAVE_PAE=y
2024-05-21T19:10:56.8757399Z CONFIG_X86_CMPXCHG64=y
2024-05-21T19:10:56.8757706Z CONFIG_X86_CMOV=y
2024-05-21T19:10:56.8757999Z CONFIG_X86_MINIMUM_CPU_FAMILY=64
2024-05-21T19:10:56.8758367Z CONFIG_X86_DEBUGCTLMSR=y
2024-05-21T19:10:56.8758690Z CONFIG_IA32_FEAT_CTL=y
2024-05-21T19:10:56.8758998Z CONFIG_X86_VMX_FEATURE_NAMES=y
2024-05-21T19:10:56.8759375Z # CONFIG_PROCESSOR_SELECT is not set
2024-05-21T19:10:56.8759844Z CONFIG_CPU_SUP_INTEL=y
2024-05-21T19:10:56.8760144Z CONFIG_CPU_SUP_AMD=y
2024-05-21T19:10:56.8760451Z CONFIG_CPU_SUP_HYGON=y
2024-05-21T19:10:56.8760775Z CONFIG_CPU_SUP_CENTAUR=y
2024-05-21T19:10:56.8761094Z CONFIG_CPU_SUP_ZHAOXIN=y
2024-05-21T19:10:56.8761414Z CONFIG_HPET_TIMER=y
2024-05-21T19:10:56.8761704Z CONFIG_DMI=y
2024-05-21T19:10:56.8761961Z CONFIG_GART_IOMMU=y
2024-05-21T19:10:56.8762269Z CONFIG_BOOT_VESA_SUPPORT=y
2024-05-21T19:10:56.8762612Z # CONFIG_MAXSMP is not set
2024-05-21T19:10:56.8762942Z CONFIG_NR_CPUS_RANGE_BEGIN=2
2024-05-21T19:10:56.8763297Z CONFIG_NR_CPUS_RANGE_END=512
2024-05-21T19:10:56.8763642Z CONFIG_NR_CPUS_DEFAULT=64
2024-05-21T19:10:56.8764006Z CONFIG_NR_CPUS=128
2024-05-21T19:10:56.8764307Z CONFIG_SCHED_CLUSTER=y
2024-05-21T19:10:56.8764613Z CONFIG_SCHED_SMT=y
2024-05-21T19:10:56.8764889Z CONFIG_SCHED_MC=y
2024-05-21T19:10:56.8765180Z CONFIG_SCHED_MC_PRIO=y
2024-05-21T19:10:56.8765499Z CONFIG_X86_LOCAL_APIC=y
2024-05-21T19:10:56.8765799Z CONFIG_X86_IO_APIC=y
2024-05-21T19:10:56.8766180Z # CONFIG_X86_REROUTE_FOR_BROKEN_BOOT_IRQS is not set
2024-05-21T19:10:56.8766636Z CONFIG_X86_MCE=y
2024-05-21T19:10:56.8766930Z # CONFIG_X86_MCELOG_LEGACY is not set
2024-05-21T19:10:56.8767324Z CONFIG_X86_MCE_INTEL=y
2024-05-21T19:10:56.8767632Z CONFIG_X86_MCE_AMD=y
2024-05-21T19:10:56.8767925Z CONFIG_X86_MCE_THRESHOLD=y
2024-05-21T19:10:56.8768273Z # CONFIG_X86_MCE_INJECT is not set
2024-05-21T19:10:56.8768534Z 
2024-05-21T19:10:56.8768635Z #
2024-05-21T19:10:56.8768868Z # Performance monitoring
2024-05-21T19:10:56.8769173Z #
2024-05-21T19:10:56.8769411Z CONFIG_PERF_EVENTS_INTEL_UNCORE=y
2024-05-21T19:10:56.8769795Z CONFIG_PERF_EVENTS_INTEL_RAPL=y
2024-05-21T19:10:56.8770157Z CONFIG_PERF_EVENTS_INTEL_CSTATE=y
2024-05-21T19:10:56.8770594Z # CONFIG_PERF_EVENTS_AMD_POWER is not set
2024-05-21T19:10:56.8771014Z CONFIG_PERF_EVENTS_AMD_UNCORE=y
2024-05-21T19:10:56.8771388Z # CONFIG_PERF_EVENTS_AMD_BRS is not set
2024-05-21T19:10:56.8771801Z # end of Performance monitoring
2024-05-21T19:10:56.8772055Z 
2024-05-21T19:10:56.8772171Z CONFIG_X86_16BIT=y
2024-05-21T19:10:56.8772448Z CONFIG_X86_ESPFIX64=y
2024-05-21T19:10:56.8772766Z CONFIG_X86_VSYSCALL_EMULATION=y
2024-05-21T19:10:56.8773137Z CONFIG_X86_IOPL_IOPERM=y
2024-05-21T19:10:56.8773443Z CONFIG_MICROCODE=y
2024-05-21T19:10:56.8773774Z # CONFIG_MICROCODE_LATE_LOADING is not set
2024-05-21T19:10:56.8774181Z CONFIG_X86_MSR=y
2024-05-21T19:10:56.8774448Z CONFIG_X86_CPUID=y
2024-05-21T19:10:56.8774736Z CONFIG_X86_5LEVEL=y
2024-05-21T19:10:56.8775039Z CONFIG_X86_DIRECT_GBPAGES=y
2024-05-21T19:10:56.8775390Z # CONFIG_X86_CPA_STATISTICS is not set
2024-05-21T19:10:56.8775807Z # CONFIG_AMD_MEM_ENCRYPT is not set
2024-05-21T19:10:56.8776181Z CONFIG_NUMA=y
2024-05-21T19:10:56.8776436Z CONFIG_AMD_NUMA=y
2024-05-21T19:10:56.8776723Z CONFIG_X86_64_ACPI_NUMA=y
2024-05-21T19:10:56.8777053Z # CONFIG_NUMA_EMU is not set
2024-05-21T19:10:56.8777379Z CONFIG_NODES_SHIFT=6
2024-05-21T19:10:56.8777696Z CONFIG_ARCH_SPARSEMEM_ENABLE=y
2024-05-21T19:10:56.8778065Z CONFIG_ARCH_SPARSEMEM_DEFAULT=y
2024-05-21T19:10:56.8778432Z CONFIG_ARCH_PROC_KCORE_TEXT=y
2024-05-21T19:10:56.8778845Z CONFIG_ILLEGAL_POINTER_VALUE=0xdead000000000000
2024-05-21T19:10:56.8779425Z # CONFIG_X86_PMEM_LEGACY is not set
2024-05-21T19:10:56.8779852Z # CONFIG_X86_CHECK_BIOS_CORRUPTION is not set
2024-05-21T19:10:56.8780273Z CONFIG_MTRR=y
2024-05-21T19:10:56.8780550Z CONFIG_MTRR_SANITIZER=y
2024-05-21T19:10:56.8780883Z CONFIG_MTRR_SANITIZER_ENABLE_DEFAULT=0
2024-05-21T19:10:56.8781330Z CONFIG_MTRR_SANITIZER_SPARE_REG_NR_DEFAULT=1
2024-05-21T19:10:56.8781751Z CONFIG_X86_PAT=y
2024-05-21T19:10:56.8782040Z CONFIG_ARCH_USES_PG_UNCACHED=y
2024-05-21T19:10:56.8782384Z CONFIG_X86_UMIP=y
2024-05-21T19:10:56.8782655Z CONFIG_CC_HAS_IBT=y
2024-05-21T19:10:56.8782941Z CONFIG_X86_CET=y
2024-05-21T19:10:56.8783226Z CONFIG_X86_KERNEL_IBT=y
2024-05-21T19:10:56.8783570Z CONFIG_X86_INTEL_MEMORY_PROTECTION_KEYS=y
2024-05-21T19:10:56.8783992Z CONFIG_X86_INTEL_TSX_MODE_OFF=y
2024-05-21T19:10:56.8784389Z # CONFIG_X86_INTEL_TSX_MODE_ON is not set
2024-05-21T19:10:56.8784915Z # CONFIG_X86_INTEL_TSX_MODE_AUTO is not set
2024-05-21T19:10:56.8785365Z # CONFIG_X86_USER_SHADOW_STACK is not set
2024-05-21T19:10:56.8785765Z CONFIG_EFI=y
2024-05-21T19:10:56.8786022Z CONFIG_EFI_STUB=y
2024-05-21T19:10:56.8786329Z CONFIG_EFI_HANDOVER_PROTOCOL=y
2024-05-21T19:10:56.8786696Z # CONFIG_EFI_MIXED is not set
2024-05-21T19:10:56.8787053Z # CONFIG_EFI_FAKE_MEMMAP is not set
2024-05-21T19:10:56.8787438Z CONFIG_EFI_RUNTIME_MAP=y
2024-05-21T19:10:56.8787767Z # CONFIG_HZ_100 is not set
2024-05-21T19:10:56.8788084Z # CONFIG_HZ_250 is not set
2024-05-21T19:10:56.8788411Z # CONFIG_HZ_300 is not set
2024-05-21T19:10:56.8788730Z CONFIG_HZ_1000=y
2024-05-21T19:10:56.8788994Z CONFIG_HZ=1000
2024-05-21T19:10:56.8789270Z CONFIG_SCHED_HRTICK=y
2024-05-21T19:10:56.8789589Z CONFIG_ARCH_SUPPORTS_KEXEC=y
2024-05-21T19:10:56.8789940Z CONFIG_ARCH_SUPPORTS_KEXEC_FILE=y
2024-05-21T19:10:56.8790336Z CONFIG_ARCH_SUPPORTS_KEXEC_PURGATORY=y
2024-05-21T19:10:56.8790749Z CONFIG_ARCH_SUPPORTS_KEXEC_SIG=y
2024-05-21T19:10:56.8791134Z CONFIG_ARCH_SUPPORTS_KEXEC_SIG_FORCE=y
2024-05-21T19:10:56.8791589Z CONFIG_ARCH_SUPPORTS_KEXEC_BZIMAGE_VERIFY_SIG=y
2024-05-21T19:10:56.8792053Z CONFIG_ARCH_SUPPORTS_KEXEC_JUMP=y
2024-05-21T19:10:56.8792429Z CONFIG_ARCH_SUPPORTS_CRASH_DUMP=y
2024-05-21T19:10:56.8792822Z CONFIG_ARCH_SUPPORTS_CRASH_HOTPLUG=y
2024-05-21T19:10:56.8793279Z CONFIG_ARCH_HAS_GENERIC_CRASHKERNEL_RESERVATION=y
2024-05-21T19:10:56.8793733Z CONFIG_PHYSICAL_START=0x1000000
2024-05-21T19:10:56.8794093Z CONFIG_RELOCATABLE=y
2024-05-21T19:10:56.8794402Z CONFIG_RANDOMIZE_BASE=y
2024-05-21T19:10:56.8794712Z CONFIG_X86_NEED_RELOCS=y
2024-05-21T19:10:56.8795045Z CONFIG_PHYSICAL_ALIGN=0x1000000
2024-05-21T19:10:56.8795416Z CONFIG_DYNAMIC_MEMORY_LAYOUT=y
2024-05-21T19:10:56.8795764Z CONFIG_RANDOMIZE_MEMORY=y
2024-05-21T19:10:56.8796148Z CONFIG_RANDOMIZE_MEMORY_PHYSICAL_PADDING=0x0
2024-05-21T19:10:56.8796603Z # CONFIG_ADDRESS_MASKING is not set
2024-05-21T19:10:56.8796969Z CONFIG_HOTPLUG_CPU=y
2024-05-21T19:10:56.8797314Z # CONFIG_LEGACY_VSYSCALL_XONLY is not set
2024-05-21T19:10:56.8797734Z CONFIG_LEGACY_VSYSCALL_NONE=y
2024-05-21T19:10:56.8798086Z # CONFIG_CMDLINE_BOOL is not set
2024-05-21T19:10:56.8798459Z CONFIG_MODIFY_LDT_SYSCALL=y
2024-05-21T19:10:56.8798848Z # CONFIG_STRICT_SIGALTSTACK_SIZE is not set
2024-05-21T19:10:56.8799261Z CONFIG_HAVE_LIVEPATCH=y
2024-05-21T19:10:56.8799592Z # CONFIG_LIVEPATCH is not set
2024-05-21T19:10:56.8799972Z # end of Processor type and features
2024-05-21T19:10:56.8800254Z 
2024-05-21T19:10:56.8800366Z CONFIG_CC_HAS_NAMED_AS=y
2024-05-21T19:10:56.8800697Z CONFIG_USE_X86_SEG_SUPPORT=y
2024-05-21T19:10:56.8801048Z CONFIG_CC_HAS_RETURN_THUNK=y
2024-05-21T19:10:56.8801387Z CONFIG_CC_HAS_ENTRY_PADDING=y
2024-05-21T19:10:56.8801748Z CONFIG_FUNCTION_PADDING_CFI=11
2024-05-21T19:10:56.8802117Z CONFIG_FUNCTION_PADDING_BYTES=16
2024-05-21T19:10:56.8802472Z CONFIG_CALL_PADDING=y
2024-05-21T19:10:56.8802784Z CONFIG_HAVE_CALL_THUNKS=y
2024-05-21T19:10:56.8803107Z CONFIG_CALL_THUNKS=y
2024-05-21T19:10:56.8803401Z CONFIG_PREFIX_SYMBOLS=y
2024-05-21T19:10:56.8803761Z CONFIG_CPU_MITIGATIONS=y
2024-05-21T19:10:56.8804126Z CONFIG_MITIGATION_PAGE_TABLE_ISOLATION=y
2024-05-21T19:10:56.8804626Z CONFIG_MITIGATION_RETPOLINE=y
2024-05-21T19:10:56.8804994Z CONFIG_MITIGATION_RETHUNK=y
2024-05-21T19:10:56.8805343Z CONFIG_MITIGATION_UNRET_ENTRY=y
2024-05-21T19:10:56.8805726Z CONFIG_MITIGATION_CALL_DEPTH_TRACKING=y
2024-05-21T19:10:56.8806151Z # CONFIG_CALL_THUNKS_DEBUG is not set
2024-05-21T19:10:56.8806552Z CONFIG_MITIGATION_IBPB_ENTRY=y
2024-05-21T19:10:56.8806903Z CONFIG_MITIGATION_IBRS_ENTRY=y
2024-05-21T19:10:56.8807258Z CONFIG_MITIGATION_SRSO=y
2024-05-21T19:10:56.8807614Z # CONFIG_MITIGATION_GDS_FORCE is not set
2024-05-21T19:10:56.8808008Z CONFIG_MITIGATION_RFDS=y
2024-05-21T19:10:56.8808348Z CONFIG_MITIGATION_SPECTRE_BHI=y
2024-05-21T19:10:56.8808715Z CONFIG_ARCH_HAS_ADD_PAGES=y
2024-05-21T19:10:56.8808942Z 
2024-05-21T19:10:56.8809029Z #
2024-05-21T19:10:56.8809293Z # Power management and ACPI options
2024-05-21T19:10:56.8809748Z #
2024-05-21T19:10:56.8809966Z CONFIG_SUSPEND=y
2024-05-21T19:10:56.8810258Z CONFIG_SUSPEND_FREEZER=y
2024-05-21T19:10:56.8810606Z # CONFIG_SUSPEND_SKIP_SYNC is not set
2024-05-21T19:10:56.8811004Z # CONFIG_HIBERNATION is not set
2024-05-21T19:10:56.8811365Z CONFIG_PM_SLEEP=y
2024-05-21T19:10:56.8811656Z CONFIG_PM_SLEEP_SMP=y
2024-05-21T19:10:56.8811971Z # CONFIG_PM_AUTOSLEEP is not set
2024-05-21T19:10:56.8812380Z # CONFIG_PM_USERSPACE_AUTOSLEEP is not set
2024-05-21T19:10:56.8812813Z # CONFIG_PM_WAKELOCKS is not set
2024-05-21T19:10:56.8813155Z CONFIG_PM=y
2024-05-21T19:10:56.8813429Z # CONFIG_PM_DEBUG is not set
2024-05-21T19:10:56.8813837Z # CONFIG_WQ_POWER_EFFICIENT_DEFAULT is not set
2024-05-21T19:10:56.8814273Z # CONFIG_ENERGY_MODEL is not set
2024-05-21T19:10:56.8814653Z CONFIG_ARCH_SUPPORTS_ACPI=y
2024-05-21T19:10:56.8814990Z CONFIG_ACPI=y
2024-05-21T19:10:56.8815273Z CONFIG_ACPI_LEGACY_TABLES_LOOKUP=y
2024-05-21T19:10:56.8815667Z CONFIG_ARCH_MIGHT_HAVE_ACPI_PDC=y
2024-05-21T19:10:56.8816082Z CONFIG_ACPI_SYSTEM_POWER_STATES_SUPPORT=y
2024-05-21T19:10:56.8816487Z CONFIG_ACPI_THERMAL_LIB=y
2024-05-21T19:10:56.8816834Z # CONFIG_ACPI_DEBUGGER is not set
2024-05-21T19:10:56.8817209Z CONFIG_ACPI_SPCR_TABLE=y
2024-05-21T19:10:56.8817534Z # CONFIG_ACPI_FPDT is not set
2024-05-21T19:10:56.8817882Z CONFIG_ACPI_LPIT=y
2024-05-21T19:10:56.8818172Z CONFIG_ACPI_SLEEP=y
2024-05-21T19:10:56.8818477Z CONFIG_ACPI_REV_OVERRIDE_POSSIBLE=y
2024-05-21T19:10:56.8818885Z # CONFIG_ACPI_EC_DEBUGFS is not set
2024-05-21T19:10:56.8819261Z CONFIG_ACPI_AC=y
2024-05-21T19:10:56.8819536Z CONFIG_ACPI_BATTERY=y
2024-05-21T19:10:56.8819842Z CONFIG_ACPI_BUTTON=y
2024-05-21T19:10:56.8820139Z CONFIG_ACPI_FAN=y
2024-05-21T19:10:56.8820422Z # CONFIG_ACPI_TAD is not set
2024-05-21T19:10:56.8820776Z # CONFIG_ACPI_DOCK is not set
2024-05-21T19:10:56.8821133Z CONFIG_ACPI_CPU_FREQ_PSS=y
2024-05-21T19:10:56.8821469Z CONFIG_ACPI_PROCESSOR_CSTATE=y
2024-05-21T19:10:56.8821832Z CONFIG_ACPI_PROCESSOR_IDLE=y
2024-05-21T19:10:56.8822181Z CONFIG_ACPI_CPPC_LIB=y
2024-05-21T19:10:56.8822483Z CONFIG_ACPI_PROCESSOR=y
2024-05-21T19:10:56.8822809Z CONFIG_ACPI_HOTPLUG_CPU=y
2024-05-21T19:10:56.8823194Z # CONFIG_ACPI_PROCESSOR_AGGREGATOR is not set
2024-05-21T19:10:56.8823612Z CONFIG_ACPI_THERMAL=y
2024-05-21T19:10:56.8823940Z CONFIG_ARCH_HAS_ACPI_TABLE_UPGRADE=y
2024-05-21T19:10:56.8824332Z CONFIG_ACPI_TABLE_UPGRADE=y
2024-05-21T19:10:56.8824668Z # CONFIG_ACPI_DEBUG is not set
2024-05-21T19:10:56.8825038Z # CONFIG_ACPI_PCI_SLOT is not set
2024-05-21T19:10:56.8825409Z CONFIG_ACPI_CONTAINER=y
2024-05-21T19:10:56.8825726Z CONFIG_ACPI_HOTPLUG_IOAPIC=y
2024-05-21T19:10:56.8826084Z # CONFIG_ACPI_SBS is not set
2024-05-21T19:10:56.8826425Z # CONFIG_ACPI_HED is not set
2024-05-21T19:10:56.8826779Z # CONFIG_ACPI_BGRT is not set
2024-05-21T19:10:56.8827180Z # CONFIG_ACPI_REDUCED_HARDWARE_ONLY is not set
2024-05-21T19:10:56.8827609Z # CONFIG_ACPI_NFIT is not set
2024-05-21T19:10:56.8827952Z CONFIG_ACPI_NUMA=y
2024-05-21T19:10:56.8828262Z # CONFIG_ACPI_HMAT is not set
2024-05-21T19:10:56.8828599Z CONFIG_HAVE_ACPI_APEI=y
2024-05-21T19:10:56.8828922Z CONFIG_HAVE_ACPI_APEI_NMI=y
2024-05-21T19:10:56.8829269Z # CONFIG_ACPI_APEI is not set
2024-05-21T19:10:56.8829679Z # CONFIG_ACPI_DPTF is not set
2024-05-21T19:10:56.8830049Z # CONFIG_ACPI_CONFIGFS is not set
2024-05-21T19:10:56.8830433Z # CONFIG_ACPI_PFRUT is not set
2024-05-21T19:10:56.8830769Z CONFIG_ACPI_PCC=y
2024-05-21T19:10:56.8831069Z # CONFIG_ACPI_FFH is not set
2024-05-21T19:10:56.8831429Z # CONFIG_PMIC_OPREGION is not set
2024-05-21T19:10:56.8831784Z CONFIG_ACPI_PRMT=y
2024-05-21T19:10:56.8832078Z CONFIG_X86_PM_TIMER=y
2024-05-21T19:10:56.8832273Z 
2024-05-21T19:10:56.8832372Z #
2024-05-21T19:10:56.8832602Z # CPU Frequency scaling
2024-05-21T19:10:56.8832902Z #
2024-05-21T19:10:56.8833133Z CONFIG_CPU_FREQ=y
2024-05-21T19:10:56.8833421Z CONFIG_CPU_FREQ_GOV_ATTR_SET=y
2024-05-21T19:10:56.8833782Z CONFIG_CPU_FREQ_GOV_COMMON=y
2024-05-21T19:10:56.8834123Z CONFIG_CPU_FREQ_STAT=y
2024-05-21T19:10:56.8834524Z CONFIG_CPU_FREQ_DEFAULT_GOV_PERFORMANCE=y
2024-05-21T19:10:56.8835007Z # CONFIG_CPU_FREQ_DEFAULT_GOV_POWERSAVE is not set
2024-05-21T19:10:56.8835535Z # CONFIG_CPU_FREQ_DEFAULT_GOV_USERSPACE is not set
2024-05-21T19:10:56.8836046Z # CONFIG_CPU_FREQ_DEFAULT_GOV_SCHEDUTIL is not set
2024-05-21T19:10:56.8836515Z CONFIG_CPU_FREQ_GOV_PERFORMANCE=y
2024-05-21T19:10:56.8836925Z # CONFIG_CPU_FREQ_GOV_POWERSAVE is not set
2024-05-21T19:10:56.8837343Z CONFIG_CPU_FREQ_GOV_USERSPACE=y
2024-05-21T19:10:56.8837716Z CONFIG_CPU_FREQ_GOV_ONDEMAND=y
2024-05-21T19:10:56.8838087Z CONFIG_CPU_FREQ_GOV_CONSERVATIVE=y
2024-05-21T19:10:56.8838463Z CONFIG_CPU_FREQ_GOV_SCHEDUTIL=y
2024-05-21T19:10:56.8838722Z 
2024-05-21T19:10:56.8838807Z #
2024-05-21T19:10:56.8839064Z # CPU frequency scaling drivers
2024-05-21T19:10:56.8839398Z #
2024-05-21T19:10:56.8839638Z CONFIG_X86_INTEL_PSTATE=y
2024-05-21T19:10:56.8839980Z # CONFIG_X86_PCC_CPUFREQ is not set
2024-05-21T19:10:56.8840351Z CONFIG_X86_AMD_PSTATE=y
2024-05-21T19:10:56.8840692Z CONFIG_X86_AMD_PSTATE_DEFAULT_MODE=3
2024-05-21T19:10:56.8841104Z # CONFIG_X86_AMD_PSTATE_UT is not set
2024-05-21T19:10:56.8841488Z CONFIG_X86_ACPI_CPUFREQ=y
2024-05-21T19:10:56.8841826Z CONFIG_X86_ACPI_CPUFREQ_CPB=y
2024-05-21T19:10:56.8842177Z CONFIG_X86_POWERNOW_K8=y
2024-05-21T19:10:56.8842536Z # CONFIG_X86_AMD_FREQ_SENSITIVITY is not set
2024-05-21T19:10:56.8843007Z # CONFIG_X86_SPEEDSTEP_CENTRINO is not set
2024-05-21T19:10:56.8843440Z # CONFIG_X86_P4_CLOCKMOD is not set
2024-05-21T19:10:56.8843708Z 
2024-05-21T19:10:56.8843833Z #
2024-05-21T19:10:56.8844069Z # shared options
2024-05-21T19:10:56.8844337Z #
2024-05-21T19:10:56.8844616Z # end of CPU Frequency scaling
2024-05-21T19:10:56.8844876Z 
2024-05-21T19:10:56.8844961Z #
2024-05-21T19:10:56.8845188Z # CPU Idle
2024-05-21T19:10:56.8845418Z #
2024-05-21T19:10:56.8845651Z CONFIG_CPU_IDLE=y
2024-05-21T19:10:56.8845952Z CONFIG_CPU_IDLE_GOV_LADDER=y
2024-05-21T19:10:56.8846288Z CONFIG_CPU_IDLE_GOV_MENU=y
2024-05-21T19:10:56.8846642Z # CONFIG_CPU_IDLE_GOV_TEO is not set
2024-05-21T19:10:56.8847032Z # end of CPU Idle
2024-05-21T19:10:56.8847211Z 
2024-05-21T19:10:56.8847329Z # CONFIG_INTEL_IDLE is not set
2024-05-21T19:10:56.8847738Z # end of Power management and ACPI options
2024-05-21T19:10:56.8848050Z 
2024-05-21T19:10:56.8848149Z #
2024-05-21T19:10:56.8848383Z # Bus options (PCI etc.)
2024-05-21T19:10:56.8848693Z #
2024-05-21T19:10:56.8848930Z CONFIG_PCI_DIRECT=y
2024-05-21T19:10:56.8849216Z CONFIG_PCI_MMCONFIG=y
2024-05-21T19:10:56.8849525Z CONFIG_MMCONF_FAM10H=y
2024-05-21T19:10:56.8849864Z # CONFIG_PCI_CNB20LE_QUIRK is not set
2024-05-21T19:10:56.8850249Z # CONFIG_ISA_BUS is not set
2024-05-21T19:10:56.8850586Z CONFIG_ISA_DMA_API=y
2024-05-21T19:10:56.8850882Z CONFIG_AMD_NB=y
2024-05-21T19:10:56.8851171Z # end of Bus options (PCI etc.)
2024-05-21T19:10:56.8851437Z 
2024-05-21T19:10:56.8851524Z #
2024-05-21T19:10:56.8851759Z # Binary Emulations
2024-05-21T19:10:56.8852025Z #
2024-05-21T19:10:56.8852278Z # CONFIG_IA32_EMULATION is not set
2024-05-21T19:10:56.8852664Z # CONFIG_X86_X32_ABI is not set
2024-05-21T19:10:56.8853017Z # end of Binary Emulations
2024-05-21T19:10:56.8853251Z 
2024-05-21T19:10:56.8853364Z CONFIG_VIRTUALIZATION=y
2024-05-21T19:10:56.8853779Z # CONFIG_KVM is not set
2024-05-21T19:10:56.8854079Z CONFIG_AS_AVX512=y
2024-05-21T19:10:56.8854369Z CONFIG_AS_SHA1_NI=y
2024-05-21T19:10:56.8854668Z CONFIG_AS_SHA256_NI=y
2024-05-21T19:10:56.8854959Z CONFIG_AS_TPAUSE=y
2024-05-21T19:10:56.8855243Z CONFIG_AS_GFNI=y
2024-05-21T19:10:56.8855527Z CONFIG_AS_VAES=y
2024-05-21T19:10:56.8855798Z CONFIG_AS_VPCLMULQDQ=y
2024-05-21T19:10:56.8856105Z CONFIG_AS_WRUSS=y
2024-05-21T19:10:56.8856432Z CONFIG_ARCH_CONFIGURES_CPU_MITIGATIONS=y
2024-05-21T19:10:56.8856731Z 
2024-05-21T19:10:56.8856818Z #
2024-05-21T19:10:56.8857254Z # General architecture-dependent options
2024-05-21T19:10:56.8857651Z #
2024-05-21T19:10:56.8857874Z CONFIG_HOTPLUG_SMT=y
2024-05-21T19:10:56.8858186Z CONFIG_HOTPLUG_CORE_SYNC=y
2024-05-21T19:10:56.8858535Z CONFIG_HOTPLUG_CORE_SYNC_DEAD=y
2024-05-21T19:10:56.8858971Z CONFIG_HOTPLUG_CORE_SYNC_FULL=y
2024-05-21T19:10:56.8859347Z CONFIG_HOTPLUG_SPLIT_STARTUP=y
2024-05-21T19:10:56.8859710Z CONFIG_HOTPLUG_PARALLEL=y
2024-05-21T19:10:56.8860032Z CONFIG_GENERIC_ENTRY=y
2024-05-21T19:10:56.8860340Z CONFIG_KPROBES=y
2024-05-21T19:10:56.8860625Z CONFIG_JUMP_LABEL=y
2024-05-21T19:10:56.8860940Z # CONFIG_STATIC_KEYS_SELFTEST is not set
2024-05-21T19:10:56.8861377Z # CONFIG_STATIC_CALL_SELFTEST is not set
2024-05-21T19:10:56.8861780Z CONFIG_OPTPROBES=y
2024-05-21T19:10:56.8862073Z CONFIG_KPROBES_ON_FTRACE=y
2024-05-21T19:10:56.8862401Z CONFIG_UPROBES=y
2024-05-21T19:10:56.8862731Z CONFIG_HAVE_EFFICIENT_UNALIGNED_ACCESS=y
2024-05-21T19:10:56.8863137Z CONFIG_ARCH_USE_BUILTIN_BSWAP=y
2024-05-21T19:10:56.8863501Z CONFIG_KRETPROBES=y
2024-05-21T19:10:56.8863814Z CONFIG_KRETPROBE_ON_RETHOOK=y
2024-05-21T19:10:56.8864160Z CONFIG_HAVE_IOREMAP_PROT=y
2024-05-21T19:10:56.8864492Z CONFIG_HAVE_KPROBES=y
2024-05-21T19:10:56.8864794Z CONFIG_HAVE_KRETPROBES=y
2024-05-21T19:10:56.8865128Z CONFIG_HAVE_OPTPROBES=y
2024-05-21T19:10:56.8865459Z CONFIG_HAVE_KPROBES_ON_FTRACE=y
2024-05-21T19:10:56.8865868Z CONFIG_ARCH_CORRECT_STACKTRACE_ON_KRETPROBE=y
2024-05-21T19:10:56.8866333Z CONFIG_HAVE_FUNCTION_ERROR_INJECTION=y
2024-05-21T19:10:56.8866720Z CONFIG_HAVE_NMI=y
2024-05-21T19:10:56.8867013Z CONFIG_TRACE_IRQFLAGS_SUPPORT=y
2024-05-21T19:10:56.8867395Z CONFIG_TRACE_IRQFLAGS_NMI_SUPPORT=y
2024-05-21T19:10:56.8867789Z CONFIG_HAVE_ARCH_TRACEHOOK=y
2024-05-21T19:10:56.8868130Z CONFIG_HAVE_DMA_CONTIGUOUS=y
2024-05-21T19:10:56.8868490Z CONFIG_GENERIC_SMP_IDLE_THREAD=y
2024-05-21T19:10:56.8868869Z CONFIG_ARCH_HAS_FORTIFY_SOURCE=y
