2024-05-16T17:18:37.5397553Z Current runner version: '2.316.1'
2024-05-16T17:18:37.5402836Z Runner name: 'bm-i-06ae916dc1d358725-worker-01'
2024-05-16T17:18:37.5403508Z Runner group name: 'Default'
2024-05-16T17:18:37.5404212Z Machine name: 'd77bdd59cc66'
2024-05-16T17:18:37.5406389Z ##[group]GITHUB_TOKEN Permissions
2024-05-16T17:18:37.5408018Z Contents: read
2024-05-16T17:18:37.5408454Z Metadata: read
2024-05-16T17:18:37.5408854Z ##[endgroup]
2024-05-16T17:18:37.5411404Z Secret source: Actions
2024-05-16T17:18:37.5412035Z Prepare workflow directory
2024-05-16T17:18:37.6387608Z Prepare all required actions
2024-05-16T17:18:37.6550258Z Getting action download info
2024-05-16T17:18:37.8911353Z Download action repository 'actions/checkout@v4' (SHA:0ad4b8fadaa221de15dcec353f45205ec38ea70b)
2024-05-16T17:18:38.4132039Z Download action repository 'actions/download-artifact@v4' (SHA:65a9edc5881444af0b9093a5e628f2fe47ea3b2e)
2024-05-16T17:18:38.9291106Z Download action repository 'libbpf/ci@main' (SHA:5618ba5cc00e40916ecddccbd5f885b29b83b68e)
2024-05-16T17:18:39.4162902Z Uses: kernel-patches/bpf/.github/workflows/kernel-test.yml@refs/pull/7049/merge (83d41ed03a8ec249e9b505b3e00f9ebd739a5d72)
2024-05-16T17:18:39.4165092Z ##[group] Inputs
2024-05-16T17:18:39.4165418Z   arch: x86_64
2024-05-16T17:18:39.4165699Z   toolchain_full: gcc
2024-05-16T17:18:39.4166018Z   runs_on: [
  "self-hosted",
  "x86_64"
]
2024-05-16T17:18:39.4166403Z   kernel: LATEST
2024-05-16T17:18:39.4166681Z   test: test_progs_no_alu32
2024-05-16T17:18:39.4167002Z   continue_on_error: false
2024-05-16T17:18:39.4167774Z   timeout_minutes: 360
2024-05-16T17:18:39.4168100Z ##[endgroup]
2024-05-16T17:18:39.4168867Z Complete job name: x86_64-gcc / test (test_progs_no_alu32, false, 360) / test_progs_no_alu32 on x86_64 with gcc
2024-05-16T17:18:39.4841265Z ##[group]Run actions/checkout@v4
2024-05-16T17:18:39.4841665Z with:
2024-05-16T17:18:39.4841942Z   repository: kernel-patches/bpf
2024-05-16T17:18:39.4842469Z   token: ***
2024-05-16T17:18:39.4842735Z   ssh-strict: true
2024-05-16T17:18:39.4843016Z   ssh-user: git
2024-05-16T17:18:39.4843297Z   persist-credentials: true
2024-05-16T17:18:39.4843626Z   clean: true
2024-05-16T17:18:39.4843896Z   sparse-checkout-cone-mode: true
2024-05-16T17:18:39.4844248Z   fetch-depth: 1
2024-05-16T17:18:39.4844516Z   fetch-tags: false
2024-05-16T17:18:39.4844785Z   show-progress: true
2024-05-16T17:18:39.4845068Z   lfs: false
2024-05-16T17:18:39.4845308Z   submodules: false
2024-05-16T17:18:39.4845594Z   set-safe-directory: true
2024-05-16T17:18:39.4845901Z env:
2024-05-16T17:18:39.4846144Z   KERNEL: LATEST
2024-05-16T17:18:39.4846430Z   REPO_ROOT: /tmp/work/bpf/bpf
2024-05-16T17:18:39.4846759Z   REPO_PATH: 
2024-05-16T17:18:39.4847019Z   KBUILD_OUTPUT: kbuild-output/
2024-05-16T17:18:39.4847419Z   CONTINUE_ON_ERROR: false
2024-05-16T17:18:39.4847714Z ##[endgroup]
2024-05-16T17:18:39.5866184Z Syncing repository: kernel-patches/bpf
2024-05-16T17:18:39.5868013Z ##[group]Getting Git version info
2024-05-16T17:18:39.5868724Z Working directory is '/tmp/work/bpf/bpf'
2024-05-16T17:18:39.5869577Z [command]/usr/bin/git version
2024-05-16T17:18:39.5870178Z git version 2.43.2
2024-05-16T17:18:39.5871731Z ##[endgroup]
2024-05-16T17:18:39.5883964Z Copying '/root/.gitconfig' to '/tmp/work/_temp/56fd47c6-1c4e-460e-af08-13c494dbb91f/.gitconfig'
2024-05-16T17:18:39.5885399Z Temporarily overriding HOME='/tmp/work/_temp/56fd47c6-1c4e-460e-af08-13c494dbb91f' before making global git config changes
2024-05-16T17:18:39.5886967Z Adding repository directory to the temporary git global config as a safe directory
2024-05-16T17:18:39.5887987Z [command]/usr/bin/git config --global --add safe.directory /tmp/work/bpf/bpf
2024-05-16T17:18:39.5889603Z Deleting the contents of '/tmp/work/bpf/bpf'
2024-05-16T17:18:39.5890480Z ##[group]Initializing the repository
2024-05-16T17:18:39.5891051Z [command]/usr/bin/git init /tmp/work/bpf/bpf
2024-05-16T17:18:39.5891981Z hint: Using 'master' as the name for the initial branch. This default branch name
2024-05-16T17:18:39.5892923Z hint: is subject to change. To configure the initial branch name to use in all
2024-05-16T17:18:39.5893999Z hint: of your new repositories, which will suppress this warning, call:
2024-05-16T17:18:39.5894718Z hint: 
2024-05-16T17:18:39.5895220Z hint: 	git config --global init.defaultBranch <name>
2024-05-16T17:18:39.5895774Z hint: 
2024-05-16T17:18:39.5896329Z hint: Names commonly chosen instead of 'master' are 'main', 'trunk' and
2024-05-16T17:18:39.5897287Z hint: 'development'. The just-created branch can be renamed via this command:
2024-05-16T17:18:39.5897965Z hint: 
2024-05-16T17:18:39.5898312Z hint: 	git branch -m <name>
2024-05-16T17:18:39.5898869Z Initialized empty Git repository in /tmp/work/bpf/bpf/.git/
2024-05-16T17:18:39.5900339Z [command]/usr/bin/git remote add origin https://github.com/kernel-patches/bpf
2024-05-16T17:18:39.5911598Z ##[endgroup]
2024-05-16T17:18:39.5912260Z ##[group]Disabling automatic garbage collection
2024-05-16T17:18:39.5912989Z [command]/usr/bin/git config --local gc.auto 0
2024-05-16T17:18:39.5931613Z ##[endgroup]
2024-05-16T17:18:39.5932249Z ##[group]Setting up auth
2024-05-16T17:18:39.5934657Z [command]/usr/bin/git config --local --name-only --get-regexp core\.sshCommand
2024-05-16T17:18:39.5956102Z [command]/usr/bin/git submodule foreach --recursive sh -c "git config --local --name-only --get-regexp 'core\.sshCommand' && git config --local --unset-all 'core.sshCommand' || :"
2024-05-16T17:18:39.6119265Z [command]/usr/bin/git config --local --name-only --get-regexp http\.https\:\/\/github\.com\/\.extraheader
2024-05-16T17:18:39.6136906Z [command]/usr/bin/git submodule foreach --recursive sh -c "git config --local --name-only --get-regexp 'http\.https\:\/\/github\.com\/\.extraheader' && git config --local --unset-all 'http.https://github.com/.extraheader' || :"
2024-05-16T17:18:39.6299397Z [command]/usr/bin/git config --local http.https://github.com/.extraheader AUTHORIZATION: basic ***
2024-05-16T17:18:39.6324638Z ##[endgroup]
2024-05-16T17:18:39.6325355Z ##[group]Fetching the repository
2024-05-16T17:18:39.6331730Z [command]/usr/bin/git -c protocol.version=2 fetch --no-tags --prune --no-recurse-submodules --depth=1 origin +83d41ed03a8ec249e9b505b3e00f9ebd739a5d72:refs/remotes/pull/7049/merge
2024-05-16T17:19:25.5794342Z From https://github.com/kernel-patches/bpf
2024-05-16T17:19:25.5795478Z  * [new ref]             83d41ed03a8ec249e9b505b3e00f9ebd739a5d72 -> pull/7049/merge
2024-05-16T17:19:25.5813198Z ##[endgroup]
2024-05-16T17:19:25.5938756Z ##[group]Determining the checkout info
2024-05-16T17:19:25.5939390Z ##[endgroup]
2024-05-16T17:19:25.5939949Z [command]/usr/bin/git sparse-checkout disable
2024-05-16T17:19:25.5941111Z [command]/usr/bin/git config --local --unset-all extensions.worktreeConfig
2024-05-16T17:19:25.5942342Z ##[group]Checking out the ref
2024-05-16T17:19:25.5943009Z [command]/usr/bin/git checkout --progress --force refs/remotes/pull/7049/merge
2024-05-16T17:19:26.7100553Z Updating files:  33% (28000/84665)
2024-05-16T17:19:26.7506379Z Updating files:  34% (28787/84665)
2024-05-16T17:19:26.8026652Z Updating files:  35% (29633/84665)
2024-05-16T17:19:26.8492855Z Updating files:  36% (30480/84665)
2024-05-16T17:19:26.9024621Z Updating files:  37% (31327/84665)
2024-05-16T17:19:26.9605685Z Updating files:  38% (32173/84665)
2024-05-16T17:19:27.0133744Z Updating files:  39% (33020/84665)
2024-05-16T17:19:27.6562916Z Updating files:  40% (33866/84665)
2024-05-16T17:19:27.9113817Z Updating files:  40% (34115/84665)
2024-05-16T17:19:27.9665861Z Updating files:  41% (34713/84665)
2024-05-16T17:19:28.0140455Z Updating files:  42% (35560/84665)
2024-05-16T17:19:28.0465302Z Updating files:  43% (36406/84665)
2024-05-16T17:19:28.0815039Z Updating files:  44% (37253/84665)
2024-05-16T17:19:28.1293172Z Updating files:  45% (38100/84665)
2024-05-16T17:19:28.1757333Z Updating files:  46% (38946/84665)
2024-05-16T17:19:28.2262129Z Updating files:  47% (39793/84665)
2024-05-16T17:19:28.2864538Z Updating files:  48% (40640/84665)
2024-05-16T17:19:28.3377837Z Updating files:  49% (41486/84665)
2024-05-16T17:19:28.3917843Z Updating files:  50% (42333/84665)
2024-05-16T17:19:28.4501802Z Updating files:  51% (43180/84665)
2024-05-16T17:19:28.4975273Z Updating files:  52% (44026/84665)
2024-05-16T17:19:28.5426620Z Updating files:  53% (44873/84665)
2024-05-16T17:19:28.5961179Z Updating files:  54% (45720/84665)
2024-05-16T17:19:28.6532764Z Updating files:  55% (46566/84665)
2024-05-16T17:19:28.6576495Z Updating files:  55% (47372/84665)
2024-05-16T17:19:28.7364261Z Updating files:  56% (47413/84665)
2024-05-16T17:19:28.8128971Z Updating files:  57% (48260/84665)
2024-05-16T17:19:28.8830669Z Updating files:  58% (49106/84665)
2024-05-16T17:19:28.9527615Z Updating files:  59% (49953/84665)
2024-05-16T17:19:29.0330367Z Updating files:  60% (50799/84665)
2024-05-16T17:19:29.0940457Z Updating files:  61% (51646/84665)
2024-05-16T17:19:29.1606651Z Updating files:  62% (52493/84665)
2024-05-16T17:19:29.2131881Z Updating files:  63% (53339/84665)
2024-05-16T17:19:29.2786444Z Updating files:  64% (54186/84665)
2024-05-16T17:19:29.3249955Z Updating files:  65% (55033/84665)
2024-05-16T17:19:29.4099103Z Updating files:  66% (55879/84665)
2024-05-16T17:19:29.4828933Z Updating files:  67% (56726/84665)
2024-05-16T17:19:29.5126354Z Updating files:  68% (57573/84665)
2024-05-16T17:19:29.5569484Z Updating files:  69% (58419/84665)
2024-05-16T17:19:29.6221234Z Updating files:  70% (59266/84665)
2024-05-16T17:19:29.6533994Z Updating files:  71% (60113/84665)
2024-05-16T17:19:29.6814157Z Updating files:  71% (60489/84665)
2024-05-16T17:19:29.7316588Z Updating files:  72% (60959/84665)
2024-05-16T17:19:29.7998798Z Updating files:  73% (61806/84665)
2024-05-16T17:19:29.8682772Z Updating files:  74% (62653/84665)
2024-05-16T17:19:29.9204480Z Updating files:  75% (63499/84665)
2024-05-16T17:19:29.9467732Z Updating files:  76% (64346/84665)
2024-05-16T17:19:29.9735082Z Updating files:  77% (65193/84665)
2024-05-16T17:19:30.0092597Z Updating files:  78% (66039/84665)
2024-05-16T17:19:30.0383867Z Updating files:  79% (66886/84665)
2024-05-16T17:19:30.0735742Z Updating files:  80% (67732/84665)
2024-05-16T17:19:30.1089368Z Updating files:  81% (68579/84665)
2024-05-16T17:19:30.1401797Z Updating files:  82% (69426/84665)
2024-05-16T17:19:30.2083739Z Updating files:  83% (70272/84665)
2024-05-16T17:19:30.2693202Z Updating files:  84% (71119/84665)
2024-05-16T17:19:30.3345774Z Updating files:  85% (71966/84665)
2024-05-16T17:19:30.3919974Z Updating files:  86% (72812/84665)
2024-05-16T17:19:30.4197101Z Updating files:  87% (73659/84665)
2024-05-16T17:19:30.4653434Z Updating files:  88% (74506/84665)
2024-05-16T17:19:30.5324228Z Updating files:  89% (75352/84665)
2024-05-16T17:19:30.5883063Z Updating files:  90% (76199/84665)
2024-05-16T17:19:30.6233376Z Updating files:  91% (77046/84665)
2024-05-16T17:19:30.6532982Z Updating files:  92% (77892/84665)
2024-05-16T17:19:30.6616428Z Updating files:  92% (78612/84665)
2024-05-16T17:19:30.7026355Z Updating files:  93% (78739/84665)
2024-05-16T17:19:30.7351917Z Updating files:  94% (79586/84665)
2024-05-16T17:19:30.7657132Z Updating files:  95% (80432/84665)
2024-05-16T17:19:30.7867629Z Updating files:  96% (81279/84665)
2024-05-16T17:19:30.8125400Z Updating files:  97% (82126/84665)
2024-05-16T17:19:30.8414170Z Updating files:  98% (82972/84665)
2024-05-16T17:19:30.8645650Z Updating files:  99% (83819/84665)
2024-05-16T17:19:30.8646089Z Updating files: 100% (84665/84665)
2024-05-16T17:19:30.8646531Z Updating files: 100% (84665/84665), done.
2024-05-16T17:19:30.9474827Z Note: switching to 'refs/remotes/pull/7049/merge'.
2024-05-16T17:19:30.9475244Z 
2024-05-16T17:19:30.9475660Z You are in 'detached HEAD' state. You can look around, make experimental
2024-05-16T17:19:30.9476586Z changes and commit them, and you can discard any commits you make in this
2024-05-16T17:19:30.9477480Z state without impacting any branches by switching back to a branch.
2024-05-16T17:19:30.9477985Z 
2024-05-16T17:19:30.9478358Z If you want to create a new branch to retain commits you create, you may
2024-05-16T17:19:30.9479264Z do so (now or later) by using -c with the switch command. Example:
2024-05-16T17:19:30.9479967Z 
2024-05-16T17:19:30.9480156Z   git switch -c <new-branch-name>
2024-05-16T17:19:30.9480425Z 
2024-05-16T17:19:30.9480565Z Or undo this operation with:
2024-05-16T17:19:30.9480807Z 
2024-05-16T17:19:30.9480911Z   git switch -
2024-05-16T17:19:30.9481095Z 
2024-05-16T17:19:30.9488867Z Turn off this advice by setting config variable advice.detachedHead to false
2024-05-16T17:19:30.9489409Z 
2024-05-16T17:19:30.9489969Z HEAD is now at 83d41ed03 Merge 1d6f999314373b13d71a1c0806a4701825868630 into cb3ac13e2965490371b10efc2ead9d6bf2774779
2024-05-16T17:19:30.9643446Z ##[endgroup]
2024-05-16T17:19:30.9674827Z [command]/usr/bin/git log -1 --format='%H'
2024-05-16T17:19:30.9693456Z '83d41ed03a8ec249e9b505b3e00f9ebd739a5d72'
2024-05-16T17:19:31.0007854Z ##[group]Run actions/download-artifact@v4
2024-05-16T17:19:31.0008264Z with:
2024-05-16T17:19:31.0008525Z   name: vmlinux-x86_64-gcc
2024-05-16T17:19:31.0008851Z   path: .
2024-05-16T17:19:31.0009122Z   merge-multiple: false
2024-05-16T17:19:31.0009469Z   repository: kernel-patches/bpf
2024-05-16T17:19:31.0009834Z   run-id: 9116428139
2024-05-16T17:19:31.0010104Z env:
2024-05-16T17:19:31.0010342Z   KERNEL: LATEST
2024-05-16T17:19:31.0010698Z   REPO_ROOT: /tmp/work/bpf/bpf
2024-05-16T17:19:31.0011038Z   REPO_PATH: 
2024-05-16T17:19:31.0011336Z   KBUILD_OUTPUT: kbuild-output/
2024-05-16T17:19:31.0011768Z   CONTINUE_ON_ERROR: false
2024-05-16T17:19:31.0012083Z ##[endgroup]
2024-05-16T17:19:31.2244486Z Downloading single artifact
2024-05-16T17:19:31.5100111Z Preparing to download the following artifacts:
2024-05-16T17:19:31.5100743Z - vmlinux-x86_64-gcc (ID: 1510381679, Size: 85944471)
2024-05-16T17:19:31.6882938Z Redirecting to blob download url: https://productionresultssa4.blob.core.windows.net/actions-results/2555c0d0-b4bb-49f4-9300-19062849ba54/workflow-job-run-7677e93b-fdca-51ca-7b1e-4b4e983dd9b6/artifacts/a4c89251c031762bdc8f0a23852d88b8e8b52b17fa55b074bfc380002a7e18e4.zip
2024-05-16T17:19:31.6884907Z Starting download of artifact to: /tmp/work/bpf/bpf
2024-05-16T17:19:32.0414270Z (node:478) [DEP0005] DeprecationWarning: Buffer() is deprecated due to security and usability issues. Please use the Buffer.alloc(), Buffer.allocUnsafe(), or Buffer.from() methods instead.
2024-05-16T17:19:32.0415967Z (Use `node --trace-deprecation ...` to show where the warning was created)
2024-05-16T17:19:37.0861390Z Artifact download completed successfully.
2024-05-16T17:19:37.0861912Z Total of 1 artifact(s) downloaded
2024-05-16T17:19:37.0877814Z Download artifact has finished successfully
2024-05-16T17:19:37.1107056Z ##[group]Run zstd -d -T0  vmlinux-x86_64-gcc.tar.zst --stdout | tar -xf -
2024-05-16T17:19:37.1107828Z [36;1mzstd -d -T0  vmlinux-x86_64-gcc.tar.zst --stdout | tar -xf -[0m
2024-05-16T17:19:37.1122707Z shell: /usr/bin/bash -e {0}
2024-05-16T17:19:37.1123049Z env:
2024-05-16T17:19:37.1123282Z   KERNEL: LATEST
2024-05-16T17:19:37.1123573Z   REPO_ROOT: /tmp/work/bpf/bpf
2024-05-16T17:19:37.1123909Z   REPO_PATH: 
2024-05-16T17:19:37.1124180Z   KBUILD_OUTPUT: kbuild-output/
2024-05-16T17:19:37.1124531Z   CONTINUE_ON_ERROR: false
2024-05-16T17:19:37.1124824Z ##[endgroup]
2024-05-16T17:19:38.0594784Z ##[group]Run libbpf/ci/run-vmtest@main
2024-05-16T17:19:38.0595200Z with:
2024-05-16T17:19:38.0595445Z   arch: x86_64
2024-05-16T17:19:38.0595708Z   img: /tmp/root.img
2024-05-16T17:19:38.0596032Z   vmlinuz: /tmp/work/bpf/bpf/vmlinuz
2024-05-16T17:19:38.0596420Z   kernel-root: .
2024-05-16T17:19:38.0596686Z   max-cpu: 8
2024-05-16T17:19:38.0596974Z   kernel-test: test_progs_no_alu32
2024-05-16T17:19:38.0597330Z env:
2024-05-16T17:19:38.0597552Z   KERNEL: LATEST
2024-05-16T17:19:38.0597847Z   REPO_ROOT: /tmp/work/bpf/bpf
2024-05-16T17:19:38.0598195Z   REPO_PATH: 
2024-05-16T17:19:38.0598471Z   KBUILD_OUTPUT: kbuild-output/
2024-05-16T17:19:38.0598842Z   CONTINUE_ON_ERROR: false
2024-05-16T17:19:38.0599162Z ##[endgroup]
2024-05-16T17:19:38.0801220Z ##[group]Run BUILDDIR=$(realpath kbuild-output)
2024-05-16T17:19:38.0801917Z [36;1mBUILDDIR=$(realpath kbuild-output)[0m
2024-05-16T17:19:38.0802626Z [36;1mvmlinuz="$BUILDDIR/$(KBUILD_OUTPUT="${BUILDDIR}" make -C "." -s image_name)"[0m
2024-05-16T17:19:38.0803340Z [36;1mcp "$vmlinuz" /tmp/work/bpf/bpf/vmlinuz[0m
2024-05-16T17:19:38.0817319Z shell: /usr/bin/bash --noprofile --norc -e -o pipefail {0}
2024-05-16T17:19:38.0817832Z env:
2024-05-16T17:19:38.0818066Z   KERNEL: LATEST
2024-05-16T17:19:38.0818380Z   REPO_ROOT: /tmp/work/bpf/bpf
2024-05-16T17:19:38.0818734Z   REPO_PATH: 
2024-05-16T17:19:38.0819017Z   KBUILD_OUTPUT: kbuild-output/
2024-05-16T17:19:38.0819400Z   CONTINUE_ON_ERROR: false
2024-05-16T17:19:38.0819732Z ##[endgroup]
2024-05-16T17:19:38.1133403Z ##[group]Run curl -L https://github.com/chantra/danobi-vmtest/releases/download/v2.2.0/vmtest-$(uname -m) > /usr/bin/vmtest && chmod 755 /usr/bin/vmtest
2024-05-16T17:19:38.1135648Z [36;1mcurl -L https://github.com/chantra/danobi-vmtest/releases/download/v2.2.0/vmtest-$(uname -m) > /usr/bin/vmtest && chmod 755 /usr/bin/vmtest[0m
2024-05-16T17:19:38.1150162Z shell: /usr/bin/bash --noprofile --norc -e -o pipefail {0}
2024-05-16T17:19:38.1150772Z env:
2024-05-16T17:19:38.1151188Z   KERNEL: LATEST
2024-05-16T17:19:38.1151670Z   REPO_ROOT: /tmp/work/bpf/bpf
2024-05-16T17:19:38.1152197Z   REPO_PATH: 
2024-05-16T17:19:38.1152490Z   KBUILD_OUTPUT: kbuild-output/
2024-05-16T17:19:38.1152862Z   CONTINUE_ON_ERROR: false
2024-05-16T17:19:38.1153184Z ##[endgroup]
2024-05-16T17:19:38.1244300Z   % Total    % Received % Xferd  Average Speed   Time    Time     Time  Current
2024-05-16T17:19:38.1245021Z                                  Dload  Upload   Total   Spent    Left  Speed
2024-05-16T17:19:38.1245409Z 
2024-05-16T17:19:38.2994915Z   0     0    0     0    0     0      0      0 --:--:-- --:--:-- --:--:--     0
2024-05-16T17:19:38.2995722Z   0     0    0     0    0     0      0      0 --:--:-- --:--:-- --:--:--     0
2024-05-16T17:19:38.6121291Z 
2024-05-16T17:19:38.6122085Z 100 10.6M  100 10.6M    0     0  21.9M      0 --:--:-- --:--:-- --:--:-- 21.9M
2024-05-16T17:19:38.6178573Z ##[group]Run source "${GITHUB_ACTION_PATH}/../helpers.sh"
2024-05-16T17:19:38.6179217Z [36;1msource "${GITHUB_ACTION_PATH}/../helpers.sh"[0m
2024-05-16T17:19:38.6179820Z [36;1mfoldable start install_qemu "Installing QEMU tools"[0m
2024-05-16T17:19:38.6180404Z [36;1m# need gawk to support `--field-separator`[0m
2024-05-16T17:19:38.6181547Z [36;1msudo apt-get update && sudo apt-get install -y cpu-checker qemu-kvm qemu-utils qemu-system-x86 qemu-system-s390x qemu-system-arm qemu-guest-agent \[0m
2024-05-16T17:19:38.6182738Z [36;1m  ethtool keyutils iptables \[0m
2024-05-16T17:19:38.6183115Z [36;1m  gawk[0m
2024-05-16T17:19:38.6183510Z [36;1mfoldable end install_qemu[0m
2024-05-16T17:19:38.6194753Z shell: /usr/bin/bash --noprofile --norc -e -o pipefail {0}
2024-05-16T17:19:38.6195289Z env:
2024-05-16T17:19:38.6195562Z   KERNEL: LATEST
2024-05-16T17:19:38.6195854Z   REPO_ROOT: /tmp/work/bpf/bpf
2024-05-16T17:19:38.6196211Z   REPO_PATH: 
2024-05-16T17:19:38.6196531Z   KBUILD_OUTPUT: kbuild-output/
2024-05-16T17:19:38.6196891Z   CONTINUE_ON_ERROR: false
2024-05-16T17:19:38.6197229Z ##[endgroup]
2024-05-16T17:19:38.6226515Z ##[group]install_qemu - [1;33mInstalling QEMU tools[0m
2024-05-16T17:19:38.6972811Z Get:1 https://download.docker.com/linux/ubuntu focal InRelease [57.7 kB]
2024-05-16T17:19:38.7110291Z Get:2 https://apt.llvm.org/focal llvm-toolchain-focal InRelease [6,833 B]
2024-05-16T17:19:38.7428816Z Get:3 https://download.docker.com/linux/ubuntu focal/stable amd64 Packages [52.0 kB]
2024-05-16T17:19:38.8033810Z Get:4 https://apt.llvm.org/focal llvm-toolchain-focal/main amd64 Packages [14.5 kB]
2024-05-16T17:19:38.8273696Z Get:5 http://security.ubuntu.com/ubuntu focal-security InRelease [114 kB]
2024-05-16T17:19:38.9413907Z Get:6 http://ppa.launchpad.net/git-core/ppa/ubuntu focal InRelease [24.6 kB]
2024-05-16T17:19:38.9491858Z Hit:7 http://archive.ubuntu.com/ubuntu focal InRelease
2024-05-16T17:19:39.0750124Z Get:8 http://archive.ubuntu.com/ubuntu focal-updates InRelease [114 kB]
2024-05-16T17:19:39.3189682Z Get:9 http://ppa.launchpad.net/git-core/ppa/ubuntu focal/main amd64 Packages [4,553 B]
2024-05-16T17:19:39.6247375Z Hit:10 http://archive.ubuntu.com/ubuntu focal-backports InRelease
2024-05-16T17:19:39.7554155Z Get:11 http://archive.ubuntu.com/ubuntu focal-updates/universe amd64 Packages [1,502 kB]
2024-05-16T17:19:40.3666264Z Fetched 1,889 kB in 2s (1,117 kB/s)
2024-05-16T17:19:41.2620730Z Reading package lists...
2024-05-16T17:19:42.2075199Z Reading package lists...
2024-05-16T17:19:42.3885752Z Building dependency tree...
2024-05-16T17:19:42.3890667Z Reading state information...
2024-05-16T17:19:42.5602258Z cpu-checker is already the newest version (0.7-1.1).
2024-05-16T17:19:42.5603371Z ethtool is already the newest version (1:5.4-1).
2024-05-16T17:19:42.5604157Z gawk is already the newest version (1:5.0.1+dfsg-1ubuntu0.1).
2024-05-16T17:19:42.5604949Z iptables is already the newest version (1.8.4-3ubuntu2.1).
2024-05-16T17:19:42.5605749Z keyutils is already the newest version (1.6-6ubuntu1.1).
2024-05-16T17:19:42.5606493Z qemu-kvm is already the newest version (1:4.2-3ubuntu6.28).
2024-05-16T17:19:42.5607326Z qemu-system-arm is already the newest version (1:4.2-3ubuntu6.28).
2024-05-16T17:19:42.5608228Z qemu-system-s390x is already the newest version (1:4.2-3ubuntu6.28).
2024-05-16T17:19:42.5609073Z qemu-system-x86 is already the newest version (1:4.2-3ubuntu6.28).
2024-05-16T17:19:42.5609893Z qemu-utils is already the newest version (1:4.2-3ubuntu6.28).
2024-05-16T17:19:42.5610879Z qemu-guest-agent is already the newest version (1:4.2-3ubuntu6.28).
2024-05-16T17:19:42.5611645Z 0 upgraded, 0 newly installed, 0 to remove and 16 not upgraded.
2024-05-16T17:19:42.5616419Z ##[endgroup]
2024-05-16T17:19:42.5643305Z ##[group]Run ${GITHUB_ACTION_PATH}/run.sh
2024-05-16T17:19:42.5643860Z [36;1m${GITHUB_ACTION_PATH}/run.sh[0m
2024-05-16T17:19:42.5683365Z shell: /usr/bin/bash --noprofile --norc -e -o pipefail {0}
2024-05-16T17:19:42.5683859Z env:
2024-05-16T17:19:42.5684114Z   KERNEL: LATEST
2024-05-16T17:19:42.5684402Z   REPO_ROOT: /tmp/work/bpf/bpf
2024-05-16T17:19:42.5684749Z   REPO_PATH: 
2024-05-16T17:19:42.5685054Z   KBUILD_OUTPUT: kbuild-output/
2024-05-16T17:19:42.5685418Z   CONTINUE_ON_ERROR: false
2024-05-16T17:19:42.5685775Z   VMLINUZ: /tmp/work/bpf/bpf/vmlinuz
2024-05-16T17:19:42.5686160Z   IMG: /tmp/root.img
2024-05-16T17:19:42.5686439Z   KERNEL_ROOT: .
2024-05-16T17:19:42.5686715Z   MAX_CPU: 8
2024-05-16T17:19:42.5686998Z   KERNEL_TEST: test_progs_no_alu32
2024-05-16T17:19:42.5687352Z   OUTPUT_DIR: 
2024-05-16T17:19:42.5687636Z   PROJECT_NAME: /mnt/vmtest
2024-05-16T17:19:42.5687969Z ##[endgroup]
2024-05-16T17:19:42.5741048Z ##[group]bpftool_checks - [1;33mRunning bpftool checks...[0m
2024-05-16T17:19:42.6057749Z bpftool checks passed successfully.
2024-05-16T17:19:42.6058677Z ##[endgroup]
2024-05-16T17:19:42.6059489Z ##[group]vmtest - [1;33mStarting virtual machine...[0m
2024-05-16T17:19:42.6083807Z => vmlinuz
2024-05-16T17:19:42.6084103Z ===> Booting
2024-05-16T17:19:42.6832447Z No EFI environment detected.
2024-05-16T17:19:42.6832982Z early console in extract_kernel
2024-05-16T17:19:42.6835208Z input_data: 0x0000000003bf82c4
2024-05-16T17:19:42.6837344Z input_len: 0x0000000000bedb8f
2024-05-16T17:19:42.6839631Z output: 0x0000000001000000
2024-05-16T17:19:42.6842251Z output_len: 0x0000000002ed39b8
2024-05-16T17:19:42.6845313Z kernel_total_size: 0x0000000003830000
2024-05-16T17:19:42.6847940Z needed_size: 0x0000000003a00000
2024-05-16T17:19:42.6851072Z trampoline_32bit: 0x0000000000000000
2024-05-16T17:19:42.6854320Z Physical KASLR using RDRAND RDTSC...
2024-05-16T17:19:42.6857438Z Virtual KASLR using RDRAND RDTSC...
2024-05-16T17:19:42.6857733Z 
2024-05-16T17:19:42.8427392Z Decompressing Linux... Parsing ELF... Performing relocations... done.
2024-05-16T17:19:42.8429406Z Booting the kernel (entry_offset: 0x0000000000000000).
2024-05-16T17:19:42.8541119Z [    0.000000] Linux version 6.9.0-g83d41ed03a8e-dirty (root@939f3539fb30) (gcc (Ubuntu 9.4.0-1ubuntu1~20.04.2) 9.4.0, GNU ld (GNU Binutils for Ubuntu) 2.34) #391 SMP PREEMPT_DYNAMIC Thu May 16 17:16:22 UTC 2024
2024-05-16T17:19:42.8561948Z [    0.000000] Command line: rootfstype=9p rootflags=trans=virtio,cache=loose,msize=1048576 rw earlyprintk=serial,0,115200 printk.devkmsg=on console=0,115200 loglevel=7 raid=noautodetect init=/tmp/vmtest-initjawcT.sh panic=-1 panic=-1 sysctl.vm.panic_on_oom=1
2024-05-16T17:19:42.8563681Z [    0.000000] BIOS-provided physical RAM map:
2024-05-16T17:19:42.8568677Z [    0.000000] BIOS-e820: [mem 0x0000000000000000-0x000000000009fbff] usable
2024-05-16T17:19:42.8575040Z [    0.000000] BIOS-e820: [mem 0x000000000009fc00-0x000000000009ffff] reserved
2024-05-16T17:19:42.8581243Z [    0.000000] BIOS-e820: [mem 0x00000000000f0000-0x00000000000fffff] reserved
2024-05-16T17:19:42.8587325Z [    0.000000] BIOS-e820: [mem 0x0000000000100000-0x00000000bffdffff] usable
2024-05-16T17:19:42.8593624Z [    0.000000] BIOS-e820: [mem 0x00000000bffe0000-0x00000000bfffffff] reserved
2024-05-16T17:19:42.8599893Z [    0.000000] BIOS-e820: [mem 0x00000000feffc000-0x00000000feffffff] reserved
2024-05-16T17:19:42.8606141Z [    0.000000] BIOS-e820: [mem 0x00000000fffc0000-0x00000000ffffffff] reserved
2024-05-16T17:19:42.8612307Z [    0.000000] BIOS-e820: [mem 0x0000000100000000-0x000000013fffffff] usable
2024-05-16T17:19:42.8617104Z [    0.000000] printk: legacy bootconsole [earlyser0] enabled
2024-05-16T17:19:42.8622255Z [    0.000000] NX (Execute Disable) protection: active
2024-05-16T17:19:42.8626675Z [    0.000000] APIC: Static calls initialized
2024-05-16T17:19:42.8630900Z [    0.000000] SMBIOS 2.8 present.
2024-05-16T17:19:42.8638755Z [    0.000000] DMI: QEMU Standard PC (i440FX + PIIX, 1996), BIOS 1.13.0-1ubuntu1.1 04/01/2014
2024-05-16T17:19:42.8769075Z [    0.000000] tsc: Fast TSC calibration using PIT
2024-05-16T17:19:42.8771738Z [    0.000000] tsc: Detected 2999.845 MHz processor
2024-05-16T17:19:42.8780334Z [    0.000372] last_pfn = 0x140000 max_arch_pfn = 0x400000000
2024-05-16T17:19:42.8788240Z [    0.000891] MTRR map: 4 entries (3 fixed + 1 variable; max 19), built from 8 variable MTRRs
2024-05-16T17:19:42.8794510Z [    0.001645] x86/PAT: Configuration [0-7]: WB  WC  UC- UC  WB  WP  UC- WT
2024-05-16T17:19:42.8797307Z Memory KASLR using RDRAND RDTSC...
2024-05-16T17:19:42.8802291Z [    0.002579] last_pfn = 0xbffe0 max_arch_pfn = 0x400000000
2024-05-16T17:19:42.8873265Z [    0.009391] found SMP MP-table at [mem 0x000f5c70-0x000f5c7f]
2024-05-16T17:19:42.8875481Z [    0.009945] Using GB pages for direct mapping
2024-05-16T17:19:42.8882700Z [    0.010577] ACPI: Early table checksum verification disabled
2024-05-16T17:19:42.8888075Z [    0.011111] ACPI: RSDP 0x00000000000F5A40 000014 (v00 BOCHS )
2024-05-16T17:19:42.8896236Z [    0.011648] ACPI: RSDT 0x00000000BFFE15A2 000030 (v01 BOCHS  BXPCRSDT 00000001 BXPC 00000001)
2024-05-16T17:19:42.8904005Z [    0.012442] ACPI: FACP 0x00000000BFFE1476 000074 (v01 BOCHS  BXPCFACP 00000001 BXPC 00000001)
2024-05-16T17:19:42.8911735Z [    0.013218] ACPI: DSDT 0x00000000BFFE0040 001436 (v01 BOCHS  BXPCDSDT 00000001 BXPC 00000001)
2024-05-16T17:19:42.8915708Z [    0.013991] ACPI: FACS 0x00000000BFFE0000 000040
2024-05-16T17:19:42.8923922Z [    0.014415] ACPI: APIC 0x00000000BFFE14EA 000080 (v01 BOCHS  BXPCAPIC 00000001 BXPC 00000001)
2024-05-16T17:19:42.8931455Z [    0.015191] ACPI: HPET 0x00000000BFFE156A 000038 (v01 BOCHS  BXPCHPET 00000001 BXPC 00000001)
2024-05-16T17:19:42.8937941Z [    0.015964] ACPI: Reserving FACP table memory at [mem 0xbffe1476-0xbffe14e9]
2024-05-16T17:19:42.8944308Z [    0.016609] ACPI: Reserving DSDT table memory at [mem 0xbffe0040-0xbffe1475]
2024-05-16T17:19:42.8950639Z [    0.017246] ACPI: Reserving FACS table memory at [mem 0xbffe0000-0xbffe003f]
2024-05-16T17:19:42.8956966Z [    0.017882] ACPI: Reserving APIC table memory at [mem 0xbffe14ea-0xbffe1569]
2024-05-16T17:19:42.8963330Z [    0.018517] ACPI: Reserving HPET table memory at [mem 0xbffe156a-0xbffe15a1]
2024-05-16T17:19:42.8970987Z [    0.019511] No NUMA configuration found
2024-05-16T17:19:42.8977409Z [    0.019943] Faking a node at [mem 0x0000000000000000-0x000000013fffffff]
2024-05-16T17:19:42.8983138Z [    0.020563] NODE_DATA(0) allocated [mem 0x13fffc000-0x13fffffff]
2024-05-16T17:19:42.8989452Z [    0.021561] Zone ranges:
2024-05-16T17:19:42.8995277Z [    0.021793]   DMA      [mem 0x0000000000001000-0x0000000000ffffff]
2024-05-16T17:19:42.9000847Z [    0.022356]   DMA32    [mem 0x0000000001000000-0x00000000ffffffff]
2024-05-16T17:19:42.9006375Z [    0.022912]   Normal   [mem 0x0000000100000000-0x000000013fffffff]
2024-05-16T17:19:42.9010095Z [    0.023467] Movable zone start for each node
2024-05-16T17:19:42.9013478Z [    0.023855] Early memory node ranges
2024-05-16T17:19:42.9019280Z [    0.024190]   node   0: [mem 0x0000000000001000-0x000000000009efff]
2024-05-16T17:19:42.9024945Z [    0.024757]   node   0: [mem 0x0000000000100000-0x00000000bffdffff]
2024-05-16T17:19:42.9030650Z [    0.025324]   node   0: [mem 0x0000000100000000-0x000000013fffffff]
2024-05-16T17:19:42.9037190Z [    0.025896] Initmem setup node 0 [mem 0x0000000000001000-0x000000013fffffff]
2024-05-16T17:19:42.9045869Z [    0.026891] On node 0, zone DMA: 1 pages in unavailable ranges
2024-05-16T17:19:42.9051430Z [    0.027440] On node 0, zone DMA: 97 pages in unavailable ranges
2024-05-16T17:19:42.9212072Z [    0.043187] On node 0, zone Normal: 32 pages in unavailable ranges
2024-05-16T17:19:42.9216474Z [    0.044082] ACPI: PM-Timer IO Port: 0x608
2024-05-16T17:19:42.9221477Z [    0.044459] ACPI: LAPIC_NMI (acpi_id[0xff] dfl dfl lint[0x1])
2024-05-16T17:19:42.9228240Z [    0.045014] IOAPIC[0]: apic_id 0, version 17, address 0xfec00000, GSI 0-23
2024-05-16T17:19:42.9233977Z [    0.045645] ACPI: INT_SRC_OVR (bus 0 bus_irq 0 global_irq 2 dfl dfl)
2024-05-16T17:19:42.9239991Z [    0.046229] ACPI: INT_SRC_OVR (bus 0 bus_irq 5 global_irq 5 high level)
2024-05-16T17:19:42.9245920Z [    0.046830] ACPI: INT_SRC_OVR (bus 0 bus_irq 9 global_irq 9 high level)
2024-05-16T17:19:42.9252361Z [    0.047429] ACPI: INT_SRC_OVR (bus 0 bus_irq 10 global_irq 10 high level)
2024-05-16T17:19:42.9258454Z [    0.048063] ACPI: INT_SRC_OVR (bus 0 bus_irq 11 global_irq 11 high level)
2024-05-16T17:19:42.9264342Z [    0.048679] ACPI: Using ACPI (MADT) for SMP configuration information
2024-05-16T17:19:42.9268989Z [    0.049266] ACPI: HPET id: 0x8086a201 base: 0xfed00000
2024-05-16T17:19:42.9272553Z [    0.049739] TSC deadline timer available
2024-05-16T17:19:42.9276848Z [    0.050104] CPU topo: Max. logical packages:   2
2024-05-16T17:19:42.9281160Z [    0.050520] CPU topo: Max. logical dies:       2
2024-05-16T17:19:42.9285320Z [    0.050954] CPU topo: Max. dies per package:   1
2024-05-16T17:19:42.9289507Z [    0.051379] CPU topo: Max. threads per core:   1
2024-05-16T17:19:42.9294161Z [    0.051794] CPU topo: Num. cores per package:     1
2024-05-16T17:19:42.9298544Z [    0.052258] CPU topo: Num. threads per package:   1
2024-05-16T17:19:42.9304137Z [    0.052697] CPU topo: Allowing 2 present CPUs plus 0 hotplug CPUs
2024-05-16T17:19:42.9309898Z [    0.053258] [mem 0xc0000000-0xfeffbfff] available for PCI devices
2024-05-16T17:19:42.9319912Z [    0.053814] clocksource: refined-jiffies: mask: 0xffffffff max_cycles: 0xffffffff, max_idle_ns: 1910969940391419 ns
2024-05-16T17:19:42.9373576Z [    0.059296] setup_percpu: NR_CPUS:128 nr_cpumask_bits:2 nr_cpu_ids:2 nr_node_ids:1
2024-05-16T17:19:42.9383537Z [    0.060556] percpu: Embedded 60 pages/cpu s207840 r8192 d29728 u1048576
2024-05-16T17:19:42.9407598Z [    0.061193] Kernel command line: rootfstype=9p rootflags=trans=virtio,cache=loose,msize=1048576 rw earlyprintk=serial,0,115200 printk.devkmsg=on console=0,115200 loglevel=7 raid=noautodetect init=/tmp/vmtest-initjawcT.sh panic=-1 panic=-1 sysctl.vm.panic_on_oom=1
2024-05-16T17:19:42.9414559Z [    0.063398] Unknown kernel command line parameters "raid=noautodetect", will be passed to user space.
2024-05-16T17:19:42.9417521Z [    0.064290] random: crng init done
2024-05-16T17:19:42.9436058Z [    0.065542] Dentry cache hash table entries: 524288 (order: 10, 4194304 bytes, linear)
2024-05-16T17:19:42.9446410Z [    0.066745] Inode-cache hash table entries: 262144 (order: 9, 2097152 bytes, linear)
2024-05-16T17:19:42.9450421Z [    0.067518] Fallback order for Node 0: 0
2024-05-16T17:19:42.9456851Z [    0.067524] Built 1 zonelists, mobility grouping on.  Total pages: 1031904
2024-05-16T17:19:42.9459440Z [    0.068516] Policy zone: Normal
2024-05-16T17:19:42.9465250Z [    0.068801] mem auto-init: stack:off, heap alloc:off, heap free:off
2024-05-16T17:19:42.9468480Z [    0.069353] software IO TLB: area num 2.
2024-05-16T17:19:42.9798663Z [    0.101098] Memory: 3996940K/4193784K available (16384K kernel code, 9042K rwdata, 9448K rodata, 3072K init, 14372K bss, 196584K reserved, 0K cma-reserved)
2024-05-16T17:19:42.9802154Z [    0.102442] SLUB: HWalign=64, Order=0-3, MinObjects=0, CPUs=2, Nodes=1
2024-05-16T17:19:42.9805151Z Poking KASLR using RDRAND RDTSC...
2024-05-16T17:19:42.9810138Z [    0.103379] ftrace: allocating 40443 entries in 158 pages
2024-05-16T17:19:42.9905494Z [    0.112672] ftrace: allocated 158 pages with 5 groups
2024-05-16T17:19:42.9907358Z [    0.113270] Dynamic Preempt: full
2024-05-16T17:19:42.9914569Z [    0.114003] Running RCU self tests
2024-05-16T17:19:42.9918551Z [    0.114307] Running RCU synchronous self tests
2024-05-16T17:19:42.9923804Z [    0.114705] rcu: Preemptible hierarchical RCU implementation.
2024-05-16T17:19:42.9927732Z [    0.115217] rcu: 	RCU event tracing is enabled.
2024-05-16T17:19:42.9932195Z [    0.115622] rcu: 	RCU lockdep checking is enabled.
2024-05-16T17:19:42.9938226Z [    0.116065] rcu: 	RCU restricting CPUs from NR_CPUS=128 to nr_cpu_ids=2.
2024-05-16T17:19:42.9942623Z [    0.116659] 	Trampoline variant of Tasks RCU enabled.
2024-05-16T17:19:42.9946614Z [    0.117108] 	Rude variant of Tasks RCU enabled.
2024-05-16T17:19:42.9950859Z [    0.117510] 	Tracing variant of Tasks RCU enabled.
2024-05-16T17:19:42.9958271Z [    0.117934] rcu: RCU calculated value of scheduler-enlistment delay is 100 jiffies.
2024-05-16T17:19:42.9963878Z [    0.118634] rcu: Adjusting geometry for rcu_fanout_leaf=16, nr_cpu_ids=2
2024-05-16T17:19:42.9967877Z [    0.119245] Running RCU synchronous self tests
2024-05-16T17:19:42.9974342Z [    0.119638] RCU Tasks: Setting shift to 1 and lim to 1 rcu_task_cb_adjust=1.
2024-05-16T17:19:42.9980937Z [    0.120266] RCU Tasks Rude: Setting shift to 1 and lim to 1 rcu_task_cb_adjust=1.
2024-05-16T17:19:42.9987796Z [    0.120926] RCU Tasks Trace: Setting shift to 1 and lim to 1 rcu_task_cb_adjust=1.
2024-05-16T17:19:43.0022993Z [    0.124376] NR_IRQS: 8448, nr_irqs: 440, preallocated irqs: 16
2024-05-16T17:19:43.0029363Z [    0.125142] rcu: srcu_init: Setting srcu_struct sizes based on contention.
2024-05-16T17:19:43.0034712Z [    0.125986] Console: colour *CGA 80x25
2024-05-16T17:19:43.0039457Z [    0.126359] printk: legacy console [ttyS0] enabled
2024-05-16T17:19:43.0043682Z [    0.126359] printk: legacy console [ttyS0] enabled
2024-05-16T17:19:43.0048748Z [    0.127216] printk: legacy bootconsole [earlyser0] disabled
2024-05-16T17:19:43.0053847Z [    0.127216] printk: legacy bootconsole [earlyser0] disabled
2024-05-16T17:19:43.0061445Z [    0.128240] Lock dependency validator: Copyright (c) 2006 Red Hat, Inc., Ingo Molnar
2024-05-16T17:19:43.0064603Z [    0.128941] ... MAX_LOCKDEP_SUBCLASSES:  8
2024-05-16T17:19:43.0068373Z [    0.129314] ... MAX_LOCK_DEPTH:          48
2024-05-16T17:19:43.0072307Z [    0.129693] ... MAX_LOCKDEP_KEYS:        8192
2024-05-16T17:19:43.0076233Z [    0.130087] ... CLASSHASH_SIZE:          4096
2024-05-16T17:19:43.0080284Z [    0.130481] ... MAX_LOCKDEP_ENTRIES:     32768
2024-05-16T17:19:43.0084271Z [    0.130883] ... MAX_LOCKDEP_CHAINS:      65536
2024-05-16T17:19:43.0088268Z [    0.131284] ... CHAINHASH_SIZE:          32768
2024-05-16T17:19:43.0093337Z [    0.131686]  memory used by lock dependency info: 6429 kB
2024-05-16T17:19:43.0097589Z [    0.132181]  memory used for stack traces: 4224 kB
2024-05-16T17:19:43.0102655Z [    0.132614]  per task-struct memory footprint: 1920 bytes
2024-05-16T17:19:43.0106374Z [    0.133134] ACPI: Core revision 20240322
2024-05-16T17:19:43.0116155Z [    0.133632] clocksource: hpet: mask: 0xffffffff max_cycles: 0xffffffff, max_idle_ns: 19112604467 ns
2024-05-16T17:19:43.0121960Z [    0.134589] APIC: Switch to symmetric I/O mode setup
2024-05-16T17:19:43.0137133Z [    0.135948] ..TIMER: vector=0x30 apic1=0 pin1=2 apic2=-1 pin2=-1
2024-05-16T17:19:43.0188098Z [    0.140524] clocksource: tsc-early: mask: 0xffffffffffffffff max_cycles: 0x2b3db311731, max_idle_ns: 440795256377 ns
2024-05-16T17:19:43.0196122Z [    0.141473] Calibrating delay loop (skipped), value calculated using timer frequency.. 5999.69 BogoMIPS (lpj=2999845)
2024-05-16T17:19:43.0202465Z [    0.142550] x86/cpu: User Mode Instruction Prevention (UMIP) activated
2024-05-16T17:19:43.0208780Z [    0.143530] Last level iTLB entries: 4KB 0, 2MB 0, 4MB 0
2024-05-16T17:19:43.0214227Z [    0.144463] Last level dTLB entries: 4KB 0, 2MB 0, 4MB 0, 1GB 0
2024-05-16T17:19:43.0222196Z [    0.145014] Spectre V1 : Mitigation: usercopy/swapgs barriers and __user pointer sanitization
2024-05-16T17:19:43.0232401Z [    0.145464] Spectre V2 : WARNING: Unprivileged eBPF is enabled with eIBRS on, data leaks possible via Spectre v2 BHB attacks!
2024-05-16T17:19:43.0238309Z [    0.146464] Spectre V2 : Spectre BHI mitigation: SW BHB clearing on vm exit
2024-05-16T17:19:43.0244476Z [    0.147463] Spectre V2 : Spectre BHI mitigation: SW BHB clearing on syscall
2024-05-16T17:19:43.0249560Z [    0.148075] Spectre V2 : Mitigation: Enhanced / Automatic IBRS
2024-05-16T17:19:43.0257213Z [    0.148463] Spectre V2 : Spectre v2 / SpectreRSB mitigation: Filling RSB on context switch
2024-05-16T17:19:43.0263788Z [    0.149463] Spectre V2 : Spectre v2 / PBRSB-eIBRS: Retire a single CALL on VMEXIT
2024-05-16T17:19:43.0267670Z [    0.150122] RETBleed: Mitigation: Enhanced IBRS
2024-05-16T17:19:43.0275307Z [    0.150465] Spectre V2 : mitigation: Enabling conditional Indirect Branch Prediction Barrier
2024-05-16T17:19:43.0282837Z [    0.151200] Speculative Store Bypass: Mitigation: Speculative Store Bypass disabled via prctl
2024-05-16T17:19:43.0286195Z [    0.151470] TAA: Mitigation: TSX disabled
2024-05-16T17:19:43.0293116Z [    0.151824] MMIO Stale Data: Vulnerable: Clear CPU buffers attempted, no microcode
2024-05-16T17:19:43.0297765Z [    0.152463] GDS: Unknown: Dependent on hypervisor status
2024-05-16T17:19:43.0305023Z [    0.153493] x86/fpu: Supporting XSAVE feature 0x001: 'x87 floating point registers'
2024-05-16T17:19:43.0310585Z [    0.154160] x86/fpu: Supporting XSAVE feature 0x002: 'SSE registers'
2024-05-16T17:19:43.0316177Z [    0.154463] x86/fpu: Supporting XSAVE feature 0x004: 'AVX registers'
2024-05-16T17:19:43.0322338Z [    0.155018] x86/fpu: Supporting XSAVE feature 0x008: 'MPX bounds registers'
2024-05-16T17:19:43.0327570Z [    0.155463] x86/fpu: Supporting XSAVE feature 0x010: 'MPX CSR'
2024-05-16T17:19:43.0333422Z [    0.156463] x86/fpu: Supporting XSAVE feature 0x020: 'AVX-512 opmask'
2024-05-16T17:19:43.0339030Z [    0.157037] x86/fpu: Supporting XSAVE feature 0x040: 'AVX-512 Hi256'
2024-05-16T17:19:43.0345098Z [    0.157463] x86/fpu: Supporting XSAVE feature 0x080: 'AVX-512 ZMM_Hi256'
2024-05-16T17:19:43.0351833Z [    0.158048] x86/fpu: Supporting XSAVE feature 0x200: 'Protection Keys User registers'
2024-05-16T17:19:43.0357111Z [    0.158463] x86/fpu: xstate_offset[2]:  576, xstate_sizes[2]:  256
2024-05-16T17:19:43.0362540Z [    0.159463] x86/fpu: xstate_offset[3]:  832, xstate_sizes[3]:   64
2024-05-16T17:19:43.0368014Z [    0.160005] x86/fpu: xstate_offset[4]:  896, xstate_sizes[4]:   64
2024-05-16T17:19:43.0373669Z [    0.160463] x86/fpu: xstate_offset[5]:  960, xstate_sizes[5]:   64
2024-05-16T17:19:43.0379153Z [    0.161024] x86/fpu: xstate_offset[6]: 1024, xstate_sizes[6]:  512
2024-05-16T17:19:43.0384581Z [    0.161463] x86/fpu: xstate_offset[7]: 1536, xstate_sizes[7]: 1024
2024-05-16T17:19:43.0390088Z [    0.162004] x86/fpu: xstate_offset[9]: 2560, xstate_sizes[9]:    8
2024-05-16T17:19:43.0398885Z [    0.162463] x86/fpu: Enabled xstate features 0x2ff, context size is 2568 bytes, using 'compacted' format.
2024-05-16T17:19:43.0566258Z [    0.179727] Freeing SMP alternatives memory: 36K
2024-05-16T17:19:43.0568490Z [    0.180153] pid_max: default: 32768 minimum: 301
2024-05-16T17:19:43.0573666Z [    0.180493] LSM: initializing lsm=capability,selinux,bpf,ima
2024-05-16T17:19:43.0576576Z [    0.181005] SELinux:  Initializing.
2024-05-16T17:19:43.0580251Z [    0.181485] LSM support for eBPF active
2024-05-16T17:19:43.0591442Z [    0.182243] Mount-cache hash table entries: 8192 (order: 4, 65536 bytes, linear)
2024-05-16T17:19:43.0598378Z [    0.182467] Mountpoint-cache hash table entries: 8192 (order: 4, 65536 bytes, linear)
2024-05-16T17:19:43.0607807Z [    0.184028] Running RCU synchronous self tests
2024-05-16T17:19:43.0612080Z [    0.184466] Running RCU synchronous self tests
2024-05-16T17:19:43.0623397Z [    0.185045] smpboot: CPU0: Intel(R) Xeon(R) Platinum 8275CL CPU @ 3.00GHz (family: 0x6, model: 0x55, stepping: 0x7)
2024-05-16T17:19:43.0641555Z [    0.186586] Running RCU Tasks wait API self tests
2024-05-16T17:19:43.0645476Z [    0.187091] Running RCU Tasks Rude wait API self tests
2024-05-16T17:19:43.0650950Z [    0.187539] Running RCU Tasks Trace wait API self tests
2024-05-16T17:19:43.0659073Z [    0.188062] Performance Events: Skylake events, full-width counters, Intel PMU driver.
2024-05-16T17:19:43.0662273Z [    0.188470] ... version:                2
2024-05-16T17:19:43.0665875Z [    0.188823] ... bit width:              48
2024-05-16T17:19:43.0669425Z [    0.189184] ... generic registers:      4
2024-05-16T17:19:43.0674182Z [    0.189464] ... value mask:             0000ffffffffffff
2024-05-16T17:19:43.0678825Z [    0.189931] ... max period:             00007fffffffffff
2024-05-16T17:19:43.0682411Z [    0.190396] ... fixed-purpose events:   3
2024-05-16T17:19:43.0687111Z [    0.190464] ... event mask:             000000070000000f
2024-05-16T17:19:43.0692639Z [    0.191107] signal: max sigframe size: 3232
2024-05-16T17:19:43.0697611Z [    0.191531] rcu: Hierarchical SRCU implementation.
2024-05-16T17:19:43.0702257Z [    0.191955] rcu: 	Max phase no-delay instances is 400.
2024-05-16T17:19:43.0734631Z [    0.193483] Callback from call_rcu_tasks_trace() invoked.
2024-05-16T17:19:43.0735551Z [    0.194587] NMI watchdog: Enabled. Permanently consumes one hw-PMU counter.
2024-05-16T17:19:43.0736214Z [    0.195182] smp: Bringing up secondary CPUs ...
2024-05-16T17:19:43.0746351Z [    0.196111] smpboot: x86: Booting SMP configuration:
2024-05-16T17:19:43.0957477Z [    0.196469] .... node  #0, CPUs:      #1
2024-05-16T17:19:43.0959315Z [    0.197636] smp: Brought up 1 node, 2 CPUs
2024-05-16T17:19:43.0965451Z [    0.198465] smpboot: Total of 2 processors activated (11999.38 BogoMIPS)
2024-05-16T17:19:43.0982061Z [    0.200077] devtmpfs: initialized
2024-05-16T17:19:43.0992705Z [    0.201088] Running RCU synchronous self tests
2024-05-16T17:19:43.0996438Z [    0.201477] Running RCU synchronous self tests
2024-05-16T17:19:43.1005714Z [    0.201911] clocksource: jiffies: mask: 0xffffffff max_cycles: 0xffffffff, max_idle_ns: 1911260446275000 ns
2024-05-16T17:19:43.1012067Z [    0.202474] futex hash table entries: 512 (order: 4, 65536 bytes, linear)
2024-05-16T17:19:43.1030744Z [    0.204346] NET: Registered PF_NETLINK/PF_ROUTE protocol family
2024-05-16T17:19:43.1038486Z [    0.204821] audit: initializing netlink subsys (disabled)
2024-05-16T17:19:43.1047255Z [    0.205362] audit: type=2000 audit(1715879982.069:1): state=initialized audit_enabled=0 res=1
2024-05-16T17:19:43.1052936Z [    0.205580] thermal_sys: Registered thermal governor 'step_wise'
2024-05-16T17:19:43.1058803Z [    0.206178] thermal_sys: Registered thermal governor 'user_space'
2024-05-16T17:19:43.1062270Z [    0.206503] cpuidle: using governor ladder
2024-05-16T17:19:43.1066153Z [    0.207465] cpuidle: using governor menu
2024-05-16T17:19:43.1073577Z [    0.208051] PCI: Using configuration type 1 for base access
2024-05-16T17:19:43.1083151Z [    0.208542] kprobes: kprobe jump-optimization is enabled. All kprobes are optimized if possible.
2024-05-16T17:19:43.1121710Z [    0.212569] HugeTLB: registered 1.00 GiB page size, pre-allocated 0 pages
2024-05-16T17:19:43.1127078Z [    0.213191] HugeTLB: 16380 KiB vmemmap can be freed for a 1.00 GiB page
2024-05-16T17:19:43.1133366Z [    0.213466] HugeTLB: registered 2.00 MiB page size, pre-allocated 0 pages
2024-05-16T17:19:43.1138865Z [    0.214076] HugeTLB: 28 KiB vmemmap can be freed for a 2.00 MiB page
2024-05-16T17:19:43.1183610Z [    0.218345] Demotion targets for Node 0: null
2024-05-16T17:19:43.1204656Z [    0.220161] ACPI: Added _OSI(Module Device)
2024-05-16T17:19:43.1207177Z [    0.220467] ACPI: Added _OSI(Processor Device)
2024-05-16T17:19:43.1211526Z [    0.220868] ACPI: Added _OSI(3.0 _SCP Extensions)
2024-05-16T17:19:43.1216281Z [    0.221290] ACPI: Added _OSI(Processor Aggregator Device)
2024-05-16T17:19:43.1230749Z [    0.222292] ACPI: 1 ACPI AML tables successfully acquired and loaded
2024-05-16T17:19:43.1297496Z [    0.228515] ACPI: _OSC evaluation for CPUs failed, trying _PDC
2024-05-16T17:19:43.1303004Z [    0.229299] ACPI: Interpreter enabled
2024-05-16T17:19:43.1307046Z [    0.229504] ACPI: PM: (supports S0 S3 S5)
2024-05-16T17:19:43.1311555Z [    0.229869] ACPI: Using IOAPIC for interrupt routing
2024-05-16T17:19:43.1320146Z [    0.230342] PCI: Using host bridge windows from ACPI; if necessary, use "pci=nocrs" and report a bug
2024-05-16T17:19:43.1325345Z [    0.230465] PCI: Using E820 reservations for host bridge windows
2024-05-16T17:19:43.1331447Z [    0.231163] ACPI: Enabled 2 GPEs in block 00 to 0F
2024-05-16T17:19:43.1387260Z [    0.237280] ACPI: PCI Root Bridge [PCI0] (domain 0000 [bus 00-ff])
2024-05-16T17:19:43.1392846Z [    0.237469] acpi PNP0A03:00: _OSC: OS supports [ASPM ClockPM Segments MSI HPX-Type3]
2024-05-16T17:19:43.1401438Z [    0.238168] acpi PNP0A03:00: _OSC: not requesting OS control; OS requires [ExtendedConfig ASPM ClockPM MSI]
2024-05-16T17:19:43.1411822Z [    0.238503] acpi PNP0A03:00: fail to add MMCONFIG information, can't access extended configuration space under this bridge
2024-05-16T17:19:43.1418955Z [    0.239861] PCI host bridge to bus 0000:00
2024-05-16T17:19:43.1425201Z [    0.240229] pci_bus 0000:00: root bus resource [io  0x0000-0x0cf7 window]
2024-05-16T17:19:43.1431263Z [    0.241467] pci_bus 0000:00: root bus resource [io  0x0d00-0xffff window]
2024-05-16T17:19:43.1437934Z [    0.242069] pci_bus 0000:00: root bus resource [mem 0x000a0000-0x000bffff window]
2024-05-16T17:19:43.1444579Z [    0.242465] pci_bus 0000:00: root bus resource [mem 0xc0000000-0xfebfffff window]
2024-05-16T17:19:43.1451464Z [    0.243126] pci_bus 0000:00: root bus resource [mem 0x140000000-0x1bfffffff window]
2024-05-16T17:19:43.1456404Z [    0.243466] pci_bus 0000:00: root bus resource [bus 00-ff]
2024-05-16T17:19:43.1464485Z [    0.244037] pci 0000:00:00.0: [8086:1237] type 00 class 0x060000 conventional PCI endpoint
2024-05-16T17:19:43.1477048Z [    0.245986] pci 0000:00:01.0: [8086:7000] type 00 class 0x060100 conventional PCI endpoint
2024-05-16T17:19:43.1490205Z [    0.246980] pci 0000:00:01.1: [8086:7010] type 00 class 0x010180 conventional PCI endpoint
2024-05-16T17:19:43.1515971Z [    0.249452] pci 0000:00:01.1: BAR 4 [io  0xc100-0xc10f]
2024-05-16T17:19:43.1531129Z [    0.251309] pci 0000:00:01.1: BAR 0 [io  0x01f0-0x01f7]: legacy IDE quirk
2024-05-16T17:19:43.1535305Z [    0.251466] pci 0000:00:01.1: BAR 1 [io  0x03f6]: legacy IDE quirk
2024-05-16T17:19:43.1541355Z [    0.252039] pci 0000:00:01.1: BAR 2 [io  0x0170-0x0177]: legacy IDE quirk
2024-05-16T17:19:43.1546717Z [    0.252466] pci 0000:00:01.1: BAR 3 [io  0x0376]: legacy IDE quirk
2024-05-16T17:19:43.1555881Z [    0.253186] pci 0000:00:01.3: [8086:7113] type 00 class 0x068000 conventional PCI endpoint
2024-05-16T17:19:43.1565582Z [    0.254778] pci 0000:00:01.3: quirk: [io  0x0600-0x063f] claimed by PIIX4 ACPI
2024-05-16T17:19:43.1572003Z [    0.255425] pci 0000:00:01.3: quirk: [io  0x0700-0x070f] claimed by PIIX4 SMB
2024-05-16T17:19:43.1585379Z [    0.255796] pci 0000:00:02.0: [1af4:1003] type 00 class 0x078000 conventional PCI endpoint
2024-05-16T17:19:43.1597842Z [    0.258239] pci 0000:00:02.0: BAR 0 [io  0xc000-0xc03f]
2024-05-16T17:19:43.1610503Z [    0.259159] pci 0000:00:02.0: BAR 1 [mem 0xfebfc000-0xfebfcfff]
2024-05-16T17:19:43.1648358Z [    0.263036] pci 0000:00:02.0: BAR 4 [mem 0xfebec000-0xfebeffff 64bit pref]
2024-05-16T17:19:43.1672604Z [    0.265052] pci 0000:00:03.0: [1af4:1003] type 00 class 0x078000 conventional PCI endpoint
2024-05-16T17:19:43.1694396Z [    0.267467] pci 0000:00:03.0: BAR 0 [io  0xc040-0xc07f]
2024-05-16T17:19:43.1706477Z [    0.269158] pci 0000:00:03.0: BAR 1 [mem 0xfebfd000-0xfebfdfff]
2024-05-16T17:19:43.1735651Z [    0.271467] pci 0000:00:03.0: BAR 4 [mem 0xfebf0000-0xfebf3fff 64bit pref]
2024-05-16T17:19:43.1757175Z [    0.273045] pci 0000:00:04.0: [1af4:1009] type 00 class 0x000200 conventional PCI endpoint
2024-05-16T17:19:43.1768434Z [    0.275214] pci 0000:00:04.0: BAR 0 [io  0xc080-0xc0bf]
2024-05-16T17:19:43.1782405Z [    0.276157] pci 0000:00:04.0: BAR 1 [mem 0xfebfe000-0xfebfefff]
2024-05-16T17:19:43.1822942Z [    0.280466] pci 0000:00:04.0: BAR 4 [mem 0xfebf4000-0xfebf7fff 64bit pref]
2024-05-16T17:19:43.1843963Z [    0.282086] pci 0000:00:05.0: [1af4:1009] type 00 class 0x000200 conventional PCI endpoint
2024-05-16T17:19:43.1854075Z [    0.283183] pci 0000:00:05.0: BAR 0 [io  0xc0c0-0xc0ff]
2024-05-16T17:19:43.1867926Z [    0.285146] pci 0000:00:05.0: BAR 1 [mem 0xfebff000-0xfebfffff]
2024-05-16T17:19:43.1893967Z [    0.287512] pci 0000:00:05.0: BAR 4 [mem 0xfebf8000-0xfebfbfff 64bit pref]
2024-05-16T17:19:43.1929837Z [    0.291257] ACPI: PCI: Interrupt link LNKA configured for IRQ 10
2024-05-16T17:19:43.1935634Z [    0.291585] ACPI: PCI: Interrupt link LNKB configured for IRQ 10
2024-05-16T17:19:43.1941916Z [    0.292230] ACPI: PCI: Interrupt link LNKC configured for IRQ 11
2024-05-16T17:19:43.1948274Z [    0.292563] ACPI: PCI: Interrupt link LNKD configured for IRQ 11
2024-05-16T17:19:43.1954063Z [    0.293149] ACPI: PCI: Interrupt link LNKS configured for IRQ 9
2024-05-16T17:19:43.1963031Z [    0.294860] iommu: Default domain type: Translated
2024-05-16T17:19:43.1968421Z [    0.294904] iommu: DMA domain TLB invalidation policy: lazy mode
2024-05-16T17:19:43.1974884Z [    0.295654] pps_core: LinuxPPS API ver. 1 registered
2024-05-16T17:19:43.1983353Z [    0.296106] pps_core: Software ver. 5.3.6 - Copyright 2005-2007 Rodolfo Giometti <giometti@linux.it>
2024-05-16T17:19:43.1986731Z [    0.296493] PTP clock support registered
2024-05-16T17:19:43.1991722Z [    0.296480] Callback from call_rcu_tasks_rude() invoked.
2024-05-16T17:19:43.1995658Z [    0.297426] NetLabel: Initializing
2024-05-16T17:19:43.1999671Z [    0.297466] NetLabel:  domain hash size = 128
2024-05-16T17:19:43.2004808Z [    0.297857] NetLabel:  protocols = UNLABELED CIPSOv4 CALIPSO
2024-05-16T17:19:43.2010058Z [    0.298397] NetLabel:  unlabeled traffic allowed by default
2024-05-16T17:19:43.2013917Z [    0.299466] PCI: Using ACPI for IRQ routing
2024-05-16T17:19:43.2019798Z [    0.300164] vgaarb: loaded
2024-05-16T17:19:43.2025352Z [    0.300503] hpet0: at MMIO 0xfed00000, IRQs 2, 8, 0
2024-05-16T17:19:43.2030794Z [    0.300965] hpet0: 3 comparators, 64-bit 100.000000 MHz counter
2024-05-16T17:19:43.2068752Z [    0.304569] clocksource: Switched to clocksource tsc-early
2024-05-16T17:19:43.2075460Z [    0.305469] pnp: PnP ACPI init
2024-05-16T17:19:43.2084777Z [    0.306312] pnp: PnP ACPI: found 5 devices
2024-05-16T17:19:43.2168016Z [    0.313998] clocksource: acpi_pm: mask: 0xffffff max_cycles: 0xffffff, max_idle_ns: 2085701024 ns
2024-05-16T17:19:43.2171386Z [    0.314890] NET: Registered PF_INET protocol family
2024-05-16T17:19:43.2185319Z [    0.315812] IP idents hash table entries: 65536 (order: 7, 524288 bytes, linear)
2024-05-16T17:19:43.2285306Z [    0.325669] tcp_listen_portaddr_hash hash table entries: 2048 (order: 5, 147456 bytes, linear)
2024-05-16T17:19:43.2294754Z [    0.326922] Table-perturb hash table entries: 65536 (order: 6, 262144 bytes, linear)
2024-05-16T17:19:43.2301582Z [    0.327637] TCP established hash table entries: 32768 (order: 6, 262144 bytes, linear)
2024-05-16T17:19:43.2313663Z [    0.328739] TCP bind hash table entries: 32768 (order: 10, 4718592 bytes, vmalloc hugepage)
2024-05-16T17:19:43.2339897Z [    0.331420] TCP: Hash tables configured (established 32768 bind 32768)
2024-05-16T17:19:43.2347507Z [    0.332270] MPTCP token hash table entries: 4096 (order: 6, 360448 bytes, linear)
2024-05-16T17:19:43.2354357Z [    0.333029] UDP hash table entries: 2048 (order: 6, 327680 bytes, linear)
2024-05-16T17:19:43.2361915Z [    0.333727] UDP-Lite hash table entries: 2048 (order: 6, 327680 bytes, linear)
2024-05-16T17:19:43.2368124Z [    0.334508] NET: Registered PF_UNIX/PF_LOCAL protocol family
2024-05-16T17:19:43.2372705Z [    0.335039] NET: Registered PF_XDP protocol family
2024-05-16T17:19:43.2378448Z [    0.335490] pci_bus 0000:00: resource 4 [io  0x0000-0x0cf7 window]
2024-05-16T17:19:43.2383941Z [    0.336039] pci_bus 0000:00: resource 5 [io  0x0d00-0xffff window]
2024-05-16T17:19:43.2390130Z [    0.336594] pci_bus 0000:00: resource 6 [mem 0x000a0000-0x000bffff window]
2024-05-16T17:19:43.2396176Z [    0.337201] pci_bus 0000:00: resource 7 [mem 0xc0000000-0xfebfffff window]
2024-05-16T17:19:43.2402448Z [    0.337813] pci_bus 0000:00: resource 8 [mem 0x140000000-0x1bfffffff window]
2024-05-16T17:19:43.2408332Z [    0.338530] pci 0000:00:01.0: PIIX3: Enabling Passive Release
2024-05-16T17:19:43.2413814Z [    0.339051] pci 0000:00:00.0: Limiting direct PCI/PCI transfers
2024-05-16T17:19:43.2417854Z [    0.339650] PCI: CLS 0 bytes, default 64
2024-05-16T17:19:43.2424174Z [    0.340036] PCI-DMA: Using software bounce buffering for IO (SWIOTLB)
2024-05-16T17:19:43.2431410Z [    0.340615] software IO TLB: mapped [mem 0x00000000bbfe0000-0x00000000bffe0000] (64MB)
2024-05-16T17:19:43.2439690Z [    0.341412] RAPL PMU: API unit is 2^-32 Joules, 0 fixed counters, 10737418240 ms ovfl timer
2024-05-16T17:19:43.2456472Z [    0.343293] Initialise system trusted keyrings
2024-05-16T17:19:43.2462252Z [    0.343835] workingset: timestamp_bits=40 max_order=20 bucket_order=0
2024-05-16T17:19:43.2470447Z [    0.344748] 9p: Installing v9fs 9p2000 file system support
2024-05-16T17:19:43.2570798Z [    0.354675] NET: Registered PF_ALG protocol family
2024-05-16T17:19:43.2573583Z [    0.355135] Key type asymmetric registered
2024-05-16T17:19:43.2578060Z [    0.355554] Asymmetric key parser 'x509' registered
2024-05-16T17:19:43.2584928Z [    0.356033] Block layer SCSI generic (bsg) driver version 0.4 loaded (major 250)
2024-05-16T17:19:43.2589958Z [    0.356788] io scheduler mq-deadline registered
2024-05-16T17:19:43.2593479Z [    0.357195] io scheduler kyber registered
2024-05-16T17:19:43.2603703Z [    0.357897] input: Power Button as /devices/LNXSYSTM:00/LNXPWRBN:00/input/input0
2024-05-16T17:19:43.2609842Z [    0.358802] ACPI: button: Power Button [PWRF]
2024-05-16T17:19:43.2938936Z [    0.391520] Callback from call_rcu_tasks() invoked.
2024-05-16T17:19:43.3137145Z [    0.411426] ACPI: \_SB_.LNKB: Enabled at IRQ 10
2024-05-16T17:19:43.3731025Z [    0.470815] ACPI: \_SB_.LNKC: Enabled at IRQ 11
2024-05-16T17:19:43.4597073Z [    0.557208] ACPI: \_SB_.LNKD: Enabled at IRQ 11
2024-05-16T17:19:43.5164418Z [    0.614069] ACPI: \_SB_.LNKA: Enabled at IRQ 10
2024-05-16T17:19:43.5349144Z [    0.632306] Serial: 8250/16550 driver, 4 ports, IRQ sharing enabled
2024-05-16T17:19:43.5357206Z [    0.633240] 00:04: ttyS0 at I/O 0x3f8 (irq = 4, base_baud = 115200) is a 16550A
2024-05-16T17:19:43.5841566Z [    0.681772] Linux agpgart interface v0.103
2024-05-16T17:19:43.5889543Z [    0.686668] brd: module loaded
2024-05-16T17:19:43.5921042Z [    0.689807] loop: module loaded
2024-05-16T17:19:43.5934891Z [    0.690987] tun: Universal TUN/TAP device driver, 1.6
2024-05-16T17:19:43.5942104Z [    0.691665] i8042: PNP: PS/2 Controller [PNP0303:KBD,PNP0f13:MOU] at 0x60,0x64 irq 1,12
2024-05-16T17:19:43.5952552Z [    0.693032] serio: i8042 KBD port at 0x60,0x64 irq 1
2024-05-16T17:19:43.5958689Z [    0.693644] serio: i8042 AUX port at 0x60,0x64 irq 12
2024-05-16T17:19:43.5973468Z [    0.694637] input: AT Translated Set 2 keyboard as /devices/platform/i8042/serio0/input/input1
2024-05-16T17:19:43.5977698Z [    0.695613] Registered IR keymap rc-empty
2024-05-16T17:19:43.5984048Z [    0.696033] rc rc0: rc-core loopback device as /devices/virtual/rc/rc0
2024-05-16T17:19:43.5998695Z [    0.696954] rc rc0: lirc_dev: driver rc-loopback registered at minor = 0, raw IR receiver, raw IR transmitter
2024-05-16T17:19:43.6003117Z [    0.697889] input: rc-core loopback device as /devices/virtual/rc/rc0/input2
2024-05-16T17:19:43.6010033Z [    0.698749] intel_powerclamp: CPU does not support MWAIT
2024-05-16T17:19:43.6014266Z [    0.699231] intel_pstate: CPU model not supported
2024-05-16T17:19:43.6033665Z [    0.700872] ipip: IPv4 and MPLS over IPv4 tunneling driver
2024-05-16T17:19:43.6043106Z [    0.702095] gre: GRE over IPv4 demultiplexor driver
2024-05-16T17:19:43.6047893Z [    0.702561] ip_gre: GRE over IPv4 tunneling driver
2024-05-16T17:19:43.6057598Z [    0.703601] Initializing XFRM netlink socket
2024-05-16T17:19:43.6060935Z [    0.704005] IPsec XFRM device driver
2024-05-16T17:19:43.6066014Z [    0.704377] NET: Registered PF_INET6 protocol family
2024-05-16T17:19:43.6074016Z [    0.705298] Segment Routing with IPv6
2024-05-16T17:19:43.6077814Z [    0.705655] In-situ OAM (IOAM) with IPv6
2024-05-16T17:19:43.6080567Z [    0.706025] mip6: Mobile IPv6
2024-05-16T17:19:43.6086137Z [    0.706305] sit: IPv6, IPv4 and MPLS over IPv4 tunneling driver
2024-05-16T17:19:43.6094867Z [    0.707253] ip6_gre: GRE over IPv6 tunneling driver
2024-05-16T17:19:43.6101386Z [    0.707913] NET: Registered PF_PACKET protocol family
2024-05-16T17:19:43.6105664Z [    0.708418] 8021q: 802.1Q VLAN Support v1.8
2024-05-16T17:19:43.6109791Z [    0.708830] 9pnet: Installing 9P2000 support
2024-05-16T17:19:43.6130149Z [    0.710612] Key type dns_resolver registered
2024-05-16T17:19:43.6132998Z [    0.711063] NET: Registered PF_VSOCK protocol family
2024-05-16T17:19:43.6136521Z [    0.711549] mpls_gso: MPLS GSO support
2024-05-16T17:19:43.6144642Z [    0.712308] IPI shorthand broadcast: enabled
2024-05-16T17:19:43.6184739Z [    0.715666] sched_clock: Marking stable (705816611, 9647261)->(740116347, -24652475)
2024-05-16T17:19:43.6192061Z [    0.716696] Timer migration: 1 hierarchy levels; 8 children per group; 1 crossnode level
2024-05-16T17:19:43.6196777Z [    0.717540] registered taskstats version 1
2024-05-16T17:19:43.6281100Z [    0.725655] Loading compiled-in X.509 certificates
2024-05-16T17:19:43.6299823Z [    0.727097] Loaded X.509 cert 'Build time autogenerated kernel key: 76fc638a6459d0bd801f3504048470bb67df2a36'
2024-05-16T17:19:43.6373158Z [    0.734811] ima: No TPM chip found, activating TPM-bypass!
2024-05-16T17:19:43.6374892Z [    0.735305] ima: Allocated hash algorithm: sha1
2024-05-16T17:19:43.6379064Z [    0.735735] ima: No architecture policies found
2024-05-16T17:19:44.1914211Z [    1.288829] input: ImExPS/2 Generic Explorer Mouse as /devices/platform/i8042/serio1/input/input4
2024-05-16T17:19:44.1919104Z [    1.289775] 9pnet_virtio: no channels available for device
2024-05-16T17:19:44.1925314Z [    1.290167] 9pnet: Limiting 'msize' to 512000 as this is the maximum supported by transport virtio
2024-05-16T17:19:44.1937492Z [    1.291564] VFS: Mounted root (9p filesystem) on device 0:21.
2024-05-16T17:19:44.1941899Z [    1.292258] devtmpfs: mounted
2024-05-16T17:19:44.1967989Z [    1.294527] Freeing unused kernel image (initmem) memory: 3072K
2024-05-16T17:19:44.1970761Z [    1.294928] Write protecting the kernel read-only data: 26624k
2024-05-16T17:19:44.1978696Z [    1.295704] Freeing unused kernel image (rodata/data gap) memory: 792K
2024-05-16T17:19:44.2149914Z [    1.312675] Run /tmp/vmtest-initjawcT.sh as init process
2024-05-16T17:19:44.2548361Z [    1.352608] vmtest: Mounting tmpfs at /dev/shm
2024-05-16T17:19:44.2676688Z [    1.365512] vmtest: Mounting tmpfs at /tmp
2024-05-16T17:19:44.2743327Z [    1.372139] vmtest: Mounting tmpfs at /run
2024-05-16T17:19:44.2849755Z [    1.382736] vmtest: Mounting sysfs at /sys
2024-05-16T17:19:44.2861142Z [    1.383766] tsc: Refined TSC clocksource calibration: 3000.001 MHz
2024-05-16T17:19:44.2868418Z [    1.384327] clocksource: tsc: mask: 0xffffffffffffffff max_cycles: 0x2b3e4685b41, max_idle_ns: 440795254784 ns
2024-05-16T17:19:44.2871933Z [    1.385133] clocksource: Switched to clocksource tsc
2024-05-16T17:19:44.2934650Z [    1.391179] vmtest: Mounting debugfs at /sys/kernel/debug
2024-05-16T17:19:44.3001365Z [    1.397763] vmtest: Mounting tracefs at /sys/kernel/debug/tracing
2024-05-16T17:19:44.3067375Z [    1.404419] vmtest: Mounting cgroup2 at /sys/fs/cgroup
2024-05-16T17:19:44.3131070Z [    1.410863] vmtest: Mounting tmpfs at /mnt
2024-05-16T17:19:44.3195914Z [    1.417320] vmtest: Symlink /dev/fd to /proc/self/fd
2024-05-16T17:19:44.3224950Z [    1.420334] vmtest: Init done
2024-05-16T17:19:44.3338715Z [    1.431458] vmtest: Located qemu-guest-agent virtio port: /dev/vport0p1
2024-05-16T17:19:44.3339432Z [    1.431949] vmtest: Spawning qemu-ga
2024-05-16T17:19:44.3490247Z ===> Setting up VM
2024-05-16T17:19:44.5594412Z [    1.656808] 9pnet: Limiting 'msize' to 512000 as this is the maximum supported by transport virtio
2024-05-16T17:19:44.7555036Z ===> Running command
2024-05-16T17:19:44.8426511Z ##[endgroup]
2024-05-16T17:19:44.8427245Z ##[group]kernel_config - Kconfig
2024-05-16T17:19:44.8492947Z #
2024-05-16T17:19:44.8493391Z # Automatically generated file; DO NOT EDIT.
2024-05-16T17:19:44.8493896Z # Linux/x86 6.9.0 Kernel Configuration
2024-05-16T17:19:44.8494310Z #
2024-05-16T17:19:44.8494901Z CONFIG_CC_VERSION_TEXT="gcc (Ubuntu 9.4.0-1ubuntu1~20.04.2) 9.4.0"
2024-05-16T17:19:44.8495437Z CONFIG_CC_IS_GCC=y
2024-05-16T17:19:44.8495735Z CONFIG_GCC_VERSION=90400
2024-05-16T17:19:44.8496053Z CONFIG_CLANG_VERSION=0
2024-05-16T17:19:44.8496360Z CONFIG_AS_IS_GNU=y
2024-05-16T17:19:44.8496656Z CONFIG_AS_VERSION=23400
2024-05-16T17:19:44.8496969Z CONFIG_LD_IS_BFD=y
2024-05-16T17:19:44.8497264Z CONFIG_LD_VERSION=23400
2024-05-16T17:19:44.8497578Z CONFIG_LLD_VERSION=0
2024-05-16T17:19:44.8497884Z CONFIG_CC_CAN_LINK=y
2024-05-16T17:19:44.8498299Z CONFIG_CC_CAN_LINK_STATIC=y
2024-05-16T17:19:44.8498630Z CONFIG_CC_HAS_ASM_INLINE=y
2024-05-16T17:19:44.8498985Z CONFIG_CC_HAS_NO_PROFILE_FN_ATTR=y
2024-05-16T17:19:44.8499367Z CONFIG_PAHOLE_VERSION=126
2024-05-16T17:19:44.8499683Z CONFIG_IRQ_WORK=y
2024-05-16T17:19:44.8499991Z CONFIG_BUILDTIME_TABLE_SORT=y
2024-05-16T17:19:44.8500353Z CONFIG_THREAD_INFO_IN_TASK=y
2024-05-16T17:19:44.8500588Z 
2024-05-16T17:19:44.8500677Z #
2024-05-16T17:19:44.8500919Z # General setup
2024-05-16T17:19:44.8501191Z #
2024-05-16T17:19:44.8501428Z CONFIG_INIT_ENV_ARG_LIMIT=32
2024-05-16T17:19:44.8501795Z # CONFIG_COMPILE_TEST is not set
2024-05-16T17:19:44.8502179Z # CONFIG_WERROR is not set
2024-05-16T17:19:44.8502507Z CONFIG_LOCALVERSION=""
2024-05-16T17:19:44.8502839Z CONFIG_LOCALVERSION_AUTO=y
2024-05-16T17:19:44.8503186Z CONFIG_BUILD_SALT=""
2024-05-16T17:19:44.8503489Z CONFIG_HAVE_KERNEL_GZIP=y
2024-05-16T17:19:44.8503832Z CONFIG_HAVE_KERNEL_BZIP2=y
2024-05-16T17:19:44.8504415Z CONFIG_HAVE_KERNEL_LZMA=y
2024-05-16T17:19:44.8504745Z CONFIG_HAVE_KERNEL_XZ=y
2024-05-16T17:19:44.8505076Z CONFIG_HAVE_KERNEL_LZO=y
2024-05-16T17:19:44.8505404Z CONFIG_HAVE_KERNEL_LZ4=y
2024-05-16T17:19:44.8505716Z CONFIG_HAVE_KERNEL_ZSTD=y
2024-05-16T17:19:44.8506042Z CONFIG_KERNEL_GZIP=y
2024-05-16T17:19:44.8506363Z # CONFIG_KERNEL_BZIP2 is not set
2024-05-16T17:19:44.8506728Z # CONFIG_KERNEL_LZMA is not set
2024-05-16T17:19:44.8507100Z # CONFIG_KERNEL_XZ is not set
2024-05-16T17:19:44.8507457Z # CONFIG_KERNEL_LZO is not set
2024-05-16T17:19:44.8507808Z # CONFIG_KERNEL_LZ4 is not set
2024-05-16T17:19:44.8508170Z # CONFIG_KERNEL_ZSTD is not set
2024-05-16T17:19:44.8508528Z CONFIG_DEFAULT_INIT=""
2024-05-16T17:19:44.8508844Z CONFIG_DEFAULT_HOSTNAME="(none)"
2024-05-16T17:19:44.8509202Z CONFIG_SYSVIPC=y
2024-05-16T17:19:44.8509493Z CONFIG_SYSVIPC_SYSCTL=y
2024-05-16T17:19:44.8509916Z CONFIG_POSIX_MQUEUE=y
2024-05-16T17:19:44.8510238Z CONFIG_POSIX_MQUEUE_SYSCTL=y
2024-05-16T17:19:44.8510606Z # CONFIG_WATCH_QUEUE is not set
2024-05-16T17:19:44.8510968Z CONFIG_CROSS_MEMORY_ATTACH=y
2024-05-16T17:19:44.8511319Z # CONFIG_USELIB is not set
2024-05-16T17:19:44.8511641Z CONFIG_AUDIT=y
2024-05-16T17:19:44.8511923Z CONFIG_HAVE_ARCH_AUDITSYSCALL=y
2024-05-16T17:19:44.8512289Z CONFIG_AUDITSYSCALL=y
2024-05-16T17:19:44.8512488Z 
2024-05-16T17:19:44.8512588Z #
2024-05-16T17:19:44.8512810Z # IRQ subsystem
2024-05-16T17:19:44.8513076Z #
2024-05-16T17:19:44.8513307Z CONFIG_GENERIC_IRQ_PROBE=y
2024-05-16T17:19:44.8513645Z CONFIG_GENERIC_IRQ_SHOW=y
2024-05-16T17:19:44.8514011Z CONFIG_GENERIC_IRQ_EFFECTIVE_AFF_MASK=y
2024-05-16T17:19:44.8514414Z CONFIG_GENERIC_PENDING_IRQ=y
2024-05-16T17:19:44.8514770Z CONFIG_GENERIC_IRQ_MIGRATION=y
2024-05-16T17:19:44.8515135Z CONFIG_HARDIRQS_SW_RESEND=y
2024-05-16T17:19:44.8515457Z CONFIG_IRQ_DOMAIN=y
2024-05-16T17:19:44.8515776Z CONFIG_IRQ_DOMAIN_HIERARCHY=y
2024-05-16T17:19:44.8516130Z CONFIG_GENERIC_MSI_IRQ=y
2024-05-16T17:19:44.8516441Z CONFIG_IRQ_MSI_IOMMU=y
2024-05-16T17:19:44.8516785Z CONFIG_GENERIC_IRQ_MATRIX_ALLOCATOR=y
2024-05-16T17:19:44.8517200Z CONFIG_GENERIC_IRQ_RESERVATION_MODE=y
2024-05-16T17:19:44.8517595Z CONFIG_IRQ_FORCED_THREADING=y
2024-05-16T17:19:44.8517941Z CONFIG_SPARSE_IRQ=y
2024-05-16T17:19:44.8518264Z # CONFIG_GENERIC_IRQ_DEBUGFS is not set
2024-05-16T17:19:44.8518660Z # end of IRQ subsystem
2024-05-16T17:19:44.8518873Z 
2024-05-16T17:19:44.8518992Z CONFIG_CLOCKSOURCE_WATCHDOG=y
2024-05-16T17:19:44.8519359Z CONFIG_ARCH_CLOCKSOURCE_INIT=y
2024-05-16T17:19:44.8519743Z CONFIG_CLOCKSOURCE_VALIDATE_LAST_CYCLE=y
2024-05-16T17:19:44.8520164Z CONFIG_GENERIC_TIME_VSYSCALL=y
2024-05-16T17:19:44.8520531Z CONFIG_GENERIC_CLOCKEVENTS=y
2024-05-16T17:19:44.8520891Z CONFIG_GENERIC_CLOCKEVENTS_BROADCAST=y
2024-05-16T17:19:44.8521338Z CONFIG_GENERIC_CLOCKEVENTS_BROADCAST_IDLE=y
2024-05-16T17:19:44.8521795Z CONFIG_GENERIC_CLOCKEVENTS_MIN_ADJUST=y
2024-05-16T17:19:44.8522213Z CONFIG_GENERIC_CMOS_UPDATE=y
2024-05-16T17:19:44.8522584Z CONFIG_HAVE_POSIX_CPU_TIMERS_TASK_WORK=y
2024-05-16T17:19:44.8523016Z CONFIG_POSIX_CPU_TIMERS_TASK_WORK=y
2024-05-16T17:19:44.8523404Z CONFIG_CONTEXT_TRACKING=y
2024-05-16T17:19:44.8523742Z CONFIG_CONTEXT_TRACKING_IDLE=y
2024-05-16T17:19:44.8523997Z 
2024-05-16T17:19:44.8524083Z #
2024-05-16T17:19:44.8524316Z # Timers subsystem
2024-05-16T17:19:44.8524579Z #
2024-05-16T17:19:44.8524814Z CONFIG_TICK_ONESHOT=y
2024-05-16T17:19:44.8525106Z CONFIG_NO_HZ_COMMON=y
2024-05-16T17:19:44.8525428Z # CONFIG_HZ_PERIODIC is not set
2024-05-16T17:19:44.8525794Z CONFIG_NO_HZ_IDLE=y
2024-05-16T17:19:44.8526087Z # CONFIG_NO_HZ_FULL is not set
2024-05-16T17:19:44.8526435Z CONFIG_NO_HZ=y
2024-05-16T17:19:44.8526716Z CONFIG_HIGH_RES_TIMERS=y
2024-05-16T17:19:44.8527075Z CONFIG_CLOCKSOURCE_WATCHDOG_MAX_SKEW_US=125
2024-05-16T17:19:44.8527510Z # end of Timers subsystem
2024-05-16T17:19:44.8527727Z 
2024-05-16T17:19:44.8527842Z CONFIG_BPF=y
2024-05-16T17:19:44.8528104Z CONFIG_HAVE_EBPF_JIT=y
2024-05-16T17:19:44.8528441Z CONFIG_ARCH_WANT_DEFAULT_BPF_JIT=y
2024-05-16T17:19:44.8528719Z 
2024-05-16T17:19:44.8528898Z #
2024-05-16T17:19:44.8529124Z # BPF subsystem
2024-05-16T17:19:44.8529395Z #
2024-05-16T17:19:44.8529635Z CONFIG_BPF_SYSCALL=y
2024-05-16T17:19:44.8529926Z CONFIG_BPF_JIT=y
2024-05-16T17:19:44.8530223Z CONFIG_BPF_JIT_ALWAYS_ON=y
2024-05-16T17:19:44.8530749Z CONFIG_BPF_JIT_DEFAULT_ON=y
2024-05-16T17:19:44.8531123Z # CONFIG_BPF_UNPRIV_DEFAULT_OFF is not set
2024-05-16T17:19:44.8531546Z CONFIG_USERMODE_DRIVER=y
2024-05-16T17:19:44.8531879Z CONFIG_BPF_PRELOAD=y
2024-05-16T17:19:44.8532182Z CONFIG_BPF_PRELOAD_UMD=y
2024-05-16T17:19:44.8532509Z CONFIG_BPF_LSM=y
2024-05-16T17:19:44.8532804Z # end of BPF subsystem
2024-05-16T17:19:44.8533010Z 
2024-05-16T17:19:44.8533120Z CONFIG_PREEMPT_BUILD=y
2024-05-16T17:19:44.8533457Z # CONFIG_PREEMPT_NONE is not set
2024-05-16T17:19:44.8533853Z # CONFIG_PREEMPT_VOLUNTARY is not set
2024-05-16T17:19:44.8534366Z CONFIG_PREEMPT=y
2024-05-16T17:19:44.8534663Z CONFIG_PREEMPT_COUNT=y
2024-05-16T17:19:44.8534985Z CONFIG_PREEMPTION=y
2024-05-16T17:19:44.8535286Z CONFIG_PREEMPT_DYNAMIC=y
2024-05-16T17:19:44.8535634Z # CONFIG_SCHED_CORE is not set
2024-05-16T17:19:44.8535874Z 
2024-05-16T17:19:44.8535979Z #
2024-05-16T17:19:44.8536230Z # CPU/Task time and stats accounting
2024-05-16T17:19:44.8536607Z #
2024-05-16T17:19:44.8536859Z CONFIG_TICK_CPU_ACCOUNTING=y
2024-05-16T17:19:44.8537242Z # CONFIG_VIRT_CPU_ACCOUNTING_GEN is not set
2024-05-16T17:19:44.8537700Z # CONFIG_IRQ_TIME_ACCOUNTING is not set
2024-05-16T17:19:44.8538116Z CONFIG_BSD_PROCESS_ACCT=y
2024-05-16T17:19:44.8538460Z # CONFIG_BSD_PROCESS_ACCT_V3 is not set
2024-05-16T17:19:44.8538859Z CONFIG_TASKSTATS=y
2024-05-16T17:19:44.8539169Z CONFIG_TASK_DELAY_ACCT=y
2024-05-16T17:19:44.8539480Z CONFIG_TASK_XACCT=y
2024-05-16T17:19:44.8539791Z CONFIG_TASK_IO_ACCOUNTING=y
2024-05-16T17:19:44.8540144Z # CONFIG_PSI is not set
2024-05-16T17:19:44.8540501Z # end of CPU/Task time and stats accounting
2024-05-16T17:19:44.8540829Z 
2024-05-16T17:19:44.8540943Z CONFIG_CPU_ISOLATION=y
2024-05-16T17:19:44.8541148Z 
2024-05-16T17:19:44.8541252Z #
2024-05-16T17:19:44.8541475Z # RCU Subsystem
2024-05-16T17:19:44.8541742Z #
2024-05-16T17:19:44.8542075Z CONFIG_TREE_RCU=y
2024-05-16T17:19:44.8542356Z CONFIG_PREEMPT_RCU=y
2024-05-16T17:19:44.8542680Z # CONFIG_RCU_EXPERT is not set
2024-05-16T17:19:44.8543036Z CONFIG_TREE_SRCU=y
2024-05-16T17:19:44.8543323Z CONFIG_TASKS_RCU_GENERIC=y
2024-05-16T17:19:44.8543659Z CONFIG_NEED_TASKS_RCU=y
2024-05-16T17:19:44.8543971Z CONFIG_TASKS_RCU=y
2024-05-16T17:19:44.8544256Z CONFIG_TASKS_RUDE_RCU=y
2024-05-16T17:19:44.8544581Z CONFIG_TASKS_TRACE_RCU=y
2024-05-16T17:19:44.8544908Z CONFIG_RCU_STALL_COMMON=y
2024-05-16T17:19:44.8545236Z CONFIG_RCU_NEED_SEGCBLIST=y
2024-05-16T17:19:44.8545579Z # end of RCU Subsystem
2024-05-16T17:19:44.8545780Z 
2024-05-16T17:19:44.8545893Z CONFIG_IKCONFIG=y
2024-05-16T17:19:44.8546173Z CONFIG_IKCONFIG_PROC=y
2024-05-16T17:19:44.8546505Z # CONFIG_IKHEADERS is not set
2024-05-16T17:19:44.8546853Z CONFIG_LOG_BUF_SHIFT=21
2024-05-16T17:19:44.8547174Z CONFIG_LOG_CPU_MAX_BUF_SHIFT=0
2024-05-16T17:19:44.8547546Z # CONFIG_PRINTK_INDEX is not set
2024-05-16T17:19:44.8547930Z CONFIG_HAVE_UNSTABLE_SCHED_CLOCK=y
2024-05-16T17:19:44.8548191Z 
2024-05-16T17:19:44.8548282Z #
2024-05-16T17:19:44.8548523Z # Scheduler features
2024-05-16T17:19:44.8548812Z #
2024-05-16T17:19:44.8549052Z # CONFIG_UCLAMP_TASK is not set
2024-05-16T17:19:44.8549434Z # end of Scheduler features
2024-05-16T17:19:44.8549662Z 
2024-05-16T17:19:44.8549807Z CONFIG_ARCH_SUPPORTS_NUMA_BALANCING=y
2024-05-16T17:19:44.8550233Z CONFIG_ARCH_WANT_BATCHED_UNMAP_TLB_FLUSH=y
2024-05-16T17:19:44.8550651Z CONFIG_CC_HAS_INT128=y
2024-05-16T17:19:44.8551201Z CONFIG_CC_IMPLICIT_FALLTHROUGH="-Wimplicit-fallthrough=5"
2024-05-16T17:19:44.8551702Z CONFIG_GCC10_NO_ARRAY_BOUNDS=y
2024-05-16T17:19:44.8552082Z CONFIG_GCC_NO_STRINGOP_OVERFLOW=y
2024-05-16T17:19:44.8552472Z CONFIG_CC_NO_STRINGOP_OVERFLOW=y
2024-05-16T17:19:44.8552838Z CONFIG_ARCH_SUPPORTS_INT128=y
2024-05-16T17:19:44.8553201Z CONFIG_NUMA_BALANCING=y
2024-05-16T17:19:44.8553646Z CONFIG_NUMA_BALANCING_DEFAULT_ENABLED=y
2024-05-16T17:19:44.8554039Z CONFIG_CGROUPS=y
2024-05-16T17:19:44.8554327Z CONFIG_PAGE_COUNTER=y
2024-05-16T17:19:44.8554686Z # CONFIG_CGROUP_FAVOR_DYNMODS is not set
2024-05-16T17:19:44.8555106Z CONFIG_MEMCG=y
2024-05-16T17:19:44.8555388Z CONFIG_MEMCG_KMEM=y
2024-05-16T17:19:44.8555680Z CONFIG_BLK_CGROUP=y
2024-05-16T17:19:44.8555991Z CONFIG_CGROUP_WRITEBACK=y
2024-05-16T17:19:44.8556342Z CONFIG_CGROUP_SCHED=y
2024-05-16T17:19:44.8556681Z CONFIG_FAIR_GROUP_SCHED=y
2024-05-16T17:19:44.8557022Z CONFIG_CFS_BANDWIDTH=y
2024-05-16T17:19:44.8557375Z # CONFIG_RT_GROUP_SCHED is not set
2024-05-16T17:19:44.8557770Z CONFIG_SCHED_MM_CID=y
2024-05-16T17:19:44.8558084Z # CONFIG_CGROUP_PIDS is not set
2024-05-16T17:19:44.8558467Z # CONFIG_CGROUP_RDMA is not set
2024-05-16T17:19:44.8558842Z CONFIG_CGROUP_FREEZER=y
2024-05-16T17:19:44.8559211Z CONFIG_CGROUP_HUGETLB=y
2024-05-16T17:19:44.8559529Z CONFIG_CPUSETS=y
2024-05-16T17:19:44.8559829Z CONFIG_PROC_PID_CPUSET=y
2024-05-16T17:19:44.8560152Z CONFIG_CGROUP_DEVICE=y
2024-05-16T17:19:44.8560479Z CONFIG_CGROUP_CPUACCT=y
2024-05-16T17:19:44.8560818Z CONFIG_CGROUP_PERF=y
2024-05-16T17:19:44.8561135Z CONFIG_CGROUP_BPF=y
2024-05-16T17:19:44.8561488Z # CONFIG_CGROUP_MISC is not set
2024-05-16T17:19:44.8561910Z # CONFIG_CGROUP_DEBUG is not set
2024-05-16T17:19:44.8562295Z CONFIG_SOCK_CGROUP_DATA=y
2024-05-16T17:19:44.8562669Z CONFIG_NAMESPACES=y
2024-05-16T17:19:44.8563011Z CONFIG_UTS_NS=y
2024-05-16T17:19:44.8563302Z CONFIG_TIME_NS=y
2024-05-16T17:19:44.8563623Z CONFIG_IPC_NS=y
2024-05-16T17:19:44.8563937Z CONFIG_USER_NS=y
2024-05-16T17:19:44.8564229Z CONFIG_PID_NS=y
2024-05-16T17:19:44.8564546Z CONFIG_NET_NS=y
2024-05-16T17:19:44.8564891Z # CONFIG_CHECKPOINT_RESTORE is not set
2024-05-16T17:19:44.8565325Z # CONFIG_SCHED_AUTOGROUP is not set
2024-05-16T17:19:44.8565739Z CONFIG_RELAY=y
2024-05-16T17:19:44.8566054Z CONFIG_BLK_DEV_INITRD=y
2024-05-16T17:19:44.8566390Z CONFIG_INITRAMFS_SOURCE=""
2024-05-16T17:19:44.8566757Z CONFIG_RD_GZIP=y
2024-05-16T17:19:44.8567074Z CONFIG_RD_BZIP2=y
2024-05-16T17:19:44.8567362Z CONFIG_RD_LZMA=y
2024-05-16T17:19:44.8567641Z CONFIG_RD_XZ=y
2024-05-16T17:19:44.8567896Z CONFIG_RD_LZO=y
2024-05-16T17:19:44.8568175Z CONFIG_RD_LZ4=y
2024-05-16T17:19:44.8568447Z CONFIG_RD_ZSTD=y
2024-05-16T17:19:44.8568719Z CONFIG_BOOT_CONFIG=y
2024-05-16T17:19:44.8569049Z # CONFIG_BOOT_CONFIG_FORCE is not set
2024-05-16T17:19:44.8569467Z # CONFIG_BOOT_CONFIG_EMBED is not set
2024-05-16T17:19:44.8569865Z CONFIG_INITRAMFS_PRESERVE_MTIME=y
2024-05-16T17:19:44.8570267Z CONFIG_CC_OPTIMIZE_FOR_PERFORMANCE=y
2024-05-16T17:19:44.8570743Z # CONFIG_CC_OPTIMIZE_FOR_SIZE is not set
2024-05-16T17:19:44.8571141Z CONFIG_LD_ORPHAN_WARN=y
2024-05-16T17:19:44.8571481Z CONFIG_LD_ORPHAN_WARN_LEVEL="warn"
2024-05-16T17:19:44.8571851Z CONFIG_SYSCTL=y
2024-05-16T17:19:44.8573347Z CONFIG_SYSCTL_EXCEPTION_TRACE=y
2024-05-16T17:19:44.8573737Z CONFIG_HAVE_PCSPKR_PLATFORM=y
2024-05-16T17:19:44.8574084Z CONFIG_EXPERT=y
2024-05-16T17:19:44.8574356Z CONFIG_MULTIUSER=y
2024-05-16T17:19:44.8574657Z CONFIG_SGETMASK_SYSCALL=y
2024-05-16T17:19:44.8574987Z CONFIG_SYSFS_SYSCALL=y
2024-05-16T17:19:44.8575282Z CONFIG_FHANDLE=y
2024-05-16T17:19:44.8575566Z CONFIG_POSIX_TIMERS=y
2024-05-16T17:19:44.8575866Z CONFIG_PRINTK=y
2024-05-16T17:19:44.8576124Z CONFIG_BUG=y
2024-05-16T17:19:44.8576387Z CONFIG_ELF_CORE=y
2024-05-16T17:19:44.8576682Z CONFIG_PCSPKR_PLATFORM=y
2024-05-16T17:19:44.8576989Z CONFIG_BASE_FULL=y
2024-05-16T17:19:44.8577269Z CONFIG_FUTEX=y
2024-05-16T17:19:44.8577538Z CONFIG_FUTEX_PI=y
2024-05-16T17:19:44.8577807Z CONFIG_EPOLL=y
2024-05-16T17:19:44.8578077Z CONFIG_SIGNALFD=y
2024-05-16T17:19:44.8578354Z CONFIG_TIMERFD=y
2024-05-16T17:19:44.8578617Z CONFIG_EVENTFD=y
2024-05-16T17:19:44.8578891Z CONFIG_SHMEM=y
2024-05-16T17:19:44.8579157Z CONFIG_AIO=y
2024-05-16T17:19:44.8579406Z CONFIG_IO_URING=y
2024-05-16T17:19:44.8579700Z CONFIG_ADVISE_SYSCALLS=y
2024-05-16T17:19:44.8580023Z CONFIG_MEMBARRIER=y
2024-05-16T17:19:44.8580350Z # CONFIG_KCMP is not set
2024-05-16T17:19:44.8580772Z CONFIG_RSEQ=y
2024-05-16T17:19:44.8581062Z # CONFIG_DEBUG_RSEQ is not set
2024-05-16T17:19:44.8581414Z CONFIG_CACHESTAT_SYSCALL=y
2024-05-16T17:19:44.8581756Z # CONFIG_PC104 is not set
2024-05-16T17:19:44.8582081Z CONFIG_KALLSYMS=y
2024-05-16T17:19:44.8582382Z # CONFIG_KALLSYMS_SELFTEST is not set
2024-05-16T17:19:44.8582773Z CONFIG_KALLSYMS_ALL=y
2024-05-16T17:19:44.8583102Z CONFIG_KALLSYMS_ABSOLUTE_PERCPU=y
2024-05-16T17:19:44.8583477Z CONFIG_KALLSYMS_BASE_RELATIVE=y
2024-05-16T17:19:44.8583868Z CONFIG_ARCH_HAS_MEMBARRIER_SYNC_CORE=y
2024-05-16T17:19:44.8584270Z CONFIG_HAVE_PERF_EVENTS=y
2024-05-16T17:19:44.8584563Z 
2024-05-16T17:19:44.8584650Z #
2024-05-16T17:19:44.8584930Z # Kernel Performance Events And Counters
2024-05-16T17:19:44.8585323Z #
2024-05-16T17:19:44.8585544Z CONFIG_PERF_EVENTS=y
2024-05-16T17:19:44.8585985Z # CONFIG_DEBUG_PERF_USE_VMALLOC is not set
2024-05-16T17:19:44.8586473Z # end of Kernel Performance Events And Counters
2024-05-16T17:19:44.8586803Z 
2024-05-16T17:19:44.8586935Z CONFIG_SYSTEM_DATA_VERIFICATION=y
2024-05-16T17:19:44.8587310Z CONFIG_PROFILING=y
2024-05-16T17:19:44.8587612Z CONFIG_TRACEPOINTS=y
2024-05-16T17:19:44.8587806Z 
2024-05-16T17:19:44.8587894Z #
2024-05-16T17:19:44.8588139Z # Kexec and crash features
2024-05-16T17:19:44.8588457Z #
2024-05-16T17:19:44.8588687Z CONFIG_CRASH_RESERVE=y
2024-05-16T17:19:44.8588997Z CONFIG_VMCORE_INFO=y
2024-05-16T17:19:44.8589305Z CONFIG_KEXEC_CORE=y
2024-05-16T17:19:44.8589585Z CONFIG_KEXEC=y
2024-05-16T17:19:44.8589877Z # CONFIG_KEXEC_FILE is not set
2024-05-16T17:19:44.8590216Z CONFIG_CRASH_DUMP=y
2024-05-16T17:19:44.8590517Z CONFIG_CRASH_HOTPLUG=y
2024-05-16T17:19:44.8590851Z CONFIG_CRASH_MAX_MEMORY_RANGES=8192
2024-05-16T17:19:44.8591245Z # end of Kexec and crash features
2024-05-16T17:19:44.8591625Z # end of General setup
2024-05-16T17:19:44.8591846Z 
2024-05-16T17:19:44.8591947Z CONFIG_64BIT=y
2024-05-16T17:19:44.8592209Z CONFIG_X86_64=y
2024-05-16T17:19:44.8592485Z CONFIG_X86=y
2024-05-16T17:19:44.8592778Z CONFIG_INSTRUCTION_DECODER=y
2024-05-16T17:19:44.8593213Z CONFIG_OUTPUT_FORMAT="elf64-x86-64"
2024-05-16T17:19:44.8593609Z CONFIG_LOCKDEP_SUPPORT=y
2024-05-16T17:19:44.8593955Z CONFIG_STACKTRACE_SUPPORT=y
2024-05-16T17:19:44.8594283Z CONFIG_MMU=y
2024-05-16T17:19:44.8594575Z CONFIG_ARCH_MMAP_RND_BITS_MIN=28
2024-05-16T17:19:44.8594984Z CONFIG_ARCH_MMAP_RND_BITS_MAX=32
2024-05-16T17:19:44.8595364Z CONFIG_ARCH_MMAP_RND_COMPAT_BITS_MIN=8
2024-05-16T17:19:44.8595794Z CONFIG_ARCH_MMAP_RND_COMPAT_BITS_MAX=16
2024-05-16T17:19:44.8596211Z CONFIG_GENERIC_ISA_DMA=y
2024-05-16T17:19:44.8596522Z CONFIG_GENERIC_BUG=y
2024-05-16T17:19:44.8596855Z CONFIG_GENERIC_BUG_RELATIVE_POINTERS=y
2024-05-16T17:19:44.8597268Z CONFIG_ARCH_MAY_HAVE_PC_FDC=y
2024-05-16T17:19:44.8597621Z CONFIG_GENERIC_CALIBRATE_DELAY=y
2024-05-16T17:19:44.8597995Z CONFIG_ARCH_HAS_CPU_RELAX=y
2024-05-16T17:19:44.8598362Z CONFIG_ARCH_HIBERNATION_POSSIBLE=y
2024-05-16T17:19:44.8598749Z CONFIG_ARCH_SUSPEND_POSSIBLE=y
2024-05-16T17:19:44.8599104Z CONFIG_AUDIT_ARCH=y
2024-05-16T17:19:44.8599404Z CONFIG_X86_64_SMP=y
2024-05-16T17:19:44.8599701Z CONFIG_ARCH_SUPPORTS_UPROBES=y
2024-05-16T17:19:44.8600067Z CONFIG_FIX_EARLYCON_MEM=y
2024-05-16T17:19:44.8600404Z CONFIG_PGTABLE_LEVELS=5
2024-05-16T17:19:44.8600739Z CONFIG_CC_HAS_SANE_STACKPROTECTOR=y
2024-05-16T17:19:44.8601032Z 
2024-05-16T17:19:44.8601121Z #
2024-05-16T17:19:44.8601382Z # Processor type and features
2024-05-16T17:19:44.8601703Z #
2024-05-16T17:19:44.8602011Z CONFIG_SMP=y
2024-05-16T17:19:44.8602353Z CONFIG_X86_MPPARSE=y
2024-05-16T17:19:44.8602824Z # CONFIG_X86_CPU_RESCTRL is not set
2024-05-16T17:19:44.8603293Z # CONFIG_X86_FRED is not set
2024-05-16T17:19:44.8603685Z CONFIG_X86_EXTENDED_PLATFORM=y
2024-05-16T17:19:44.8604146Z # CONFIG_X86_VSMP is not set
2024-05-16T17:19:44.8604568Z # CONFIG_X86_GOLDFISH is not set
2024-05-16T17:19:44.8604981Z # CONFIG_X86_INTEL_MID is not set
2024-05-16T17:19:44.8605463Z # CONFIG_X86_INTEL_LPSS is not set
2024-05-16T17:19:44.8605942Z # CONFIG_X86_AMD_PLATFORM_DEVICE is not set
2024-05-16T17:19:44.8606498Z # CONFIG_IOSF_MBI is not set
2024-05-16T17:19:44.8606954Z CONFIG_X86_SUPPORTS_MEMORY_FAILURE=y
2024-05-16T17:19:44.8607432Z CONFIG_SCHED_OMIT_FRAME_POINTER=y
2024-05-16T17:19:44.8607868Z # CONFIG_HYPERVISOR_GUEST is not set
2024-05-16T17:19:44.8608349Z # CONFIG_MK8 is not set
2024-05-16T17:19:44.8608751Z # CONFIG_MPSC is not set
2024-05-16T17:19:44.8609102Z CONFIG_MCORE2=y
2024-05-16T17:19:44.8609470Z # CONFIG_MATOM is not set
2024-05-16T17:19:44.8609886Z # CONFIG_GENERIC_CPU is not set
2024-05-16T17:19:44.8610300Z CONFIG_X86_INTERNODE_CACHE_SHIFT=6
2024-05-16T17:19:44.8610838Z CONFIG_X86_L1_CACHE_SHIFT=6
2024-05-16T17:19:44.8611264Z CONFIG_X86_INTEL_USERCOPY=y
2024-05-16T17:19:44.8611650Z CONFIG_X86_USE_PPRO_CHECKSUM=y
2024-05-16T17:19:44.8612084Z CONFIG_X86_P6_NOP=y
2024-05-16T17:19:44.8612452Z CONFIG_X86_TSC=y
2024-05-16T17:19:44.8679179Z CONFIG_X86_HAVE_PAE=y
2024-05-16T17:19:44.8679533Z CONFIG_X86_CMPXCHG64=y
2024-05-16T17:19:44.8679833Z CONFIG_X86_CMOV=y
2024-05-16T17:19:44.8680154Z CONFIG_X86_MINIMUM_CPU_FAMILY=64
2024-05-16T17:19:44.8680529Z CONFIG_X86_DEBUGCTLMSR=y
2024-05-16T17:19:44.8680842Z CONFIG_IA32_FEAT_CTL=y
2024-05-16T17:19:44.8681162Z CONFIG_X86_VMX_FEATURE_NAMES=y
2024-05-16T17:19:44.8681536Z # CONFIG_PROCESSOR_SELECT is not set
2024-05-16T17:19:44.8681915Z CONFIG_CPU_SUP_INTEL=y
2024-05-16T17:19:44.8682223Z CONFIG_CPU_SUP_AMD=y
2024-05-16T17:19:44.8682526Z CONFIG_CPU_SUP_HYGON=y
2024-05-16T17:19:44.8682827Z CONFIG_CPU_SUP_CENTAUR=y
2024-05-16T17:19:44.8683144Z CONFIG_CPU_SUP_ZHAOXIN=y
2024-05-16T17:19:44.8683458Z CONFIG_HPET_TIMER=y
2024-05-16T17:19:44.8683734Z CONFIG_DMI=y
2024-05-16T17:19:44.8684001Z CONFIG_GART_IOMMU=y
2024-05-16T17:19:44.8684302Z CONFIG_BOOT_VESA_SUPPORT=y
2024-05-16T17:19:44.8684635Z # CONFIG_MAXSMP is not set
2024-05-16T17:19:44.8684975Z CONFIG_NR_CPUS_RANGE_BEGIN=2
2024-05-16T17:19:44.8685322Z CONFIG_NR_CPUS_RANGE_END=512
2024-05-16T17:19:44.8685656Z CONFIG_NR_CPUS_DEFAULT=64
2024-05-16T17:19:44.8685957Z CONFIG_NR_CPUS=128
2024-05-16T17:19:44.8686245Z CONFIG_SCHED_CLUSTER=y
2024-05-16T17:19:44.8686535Z CONFIG_SCHED_SMT=y
2024-05-16T17:19:44.8686813Z CONFIG_SCHED_MC=y
2024-05-16T17:19:44.8687097Z CONFIG_SCHED_MC_PRIO=y
2024-05-16T17:19:44.8687393Z CONFIG_X86_LOCAL_APIC=y
2024-05-16T17:19:44.8687702Z CONFIG_X86_IO_APIC=y
2024-05-16T17:19:44.8688076Z # CONFIG_X86_REROUTE_FOR_BROKEN_BOOT_IRQS is not set
2024-05-16T17:19:44.8688516Z CONFIG_X86_MCE=y
2024-05-16T17:19:44.8688824Z # CONFIG_X86_MCELOG_LEGACY is not set
2024-05-16T17:19:44.8689210Z CONFIG_X86_MCE_INTEL=y
2024-05-16T17:19:44.8689501Z CONFIG_X86_MCE_AMD=y
2024-05-16T17:19:44.8689801Z CONFIG_X86_MCE_THRESHOLD=y
2024-05-16T17:19:44.8690146Z # CONFIG_X86_MCE_INJECT is not set
2024-05-16T17:19:44.8690406Z 
2024-05-16T17:19:44.8690492Z #
2024-05-16T17:19:44.8690795Z # Performance monitoring
2024-05-16T17:19:44.8691105Z #
2024-05-16T17:19:44.8691347Z CONFIG_PERF_EVENTS_INTEL_UNCORE=y
2024-05-16T17:19:44.8691733Z CONFIG_PERF_EVENTS_INTEL_RAPL=y
2024-05-16T17:19:44.8692121Z CONFIG_PERF_EVENTS_INTEL_CSTATE=y
2024-05-16T17:19:44.8692509Z # CONFIG_PERF_EVENTS_AMD_POWER is not set
2024-05-16T17:19:44.8692928Z CONFIG_PERF_EVENTS_AMD_UNCORE=y
2024-05-16T17:19:44.8693314Z # CONFIG_PERF_EVENTS_AMD_BRS is not set
2024-05-16T17:19:44.8693716Z # end of Performance monitoring
2024-05-16T17:19:44.8693981Z 
2024-05-16T17:19:44.8694080Z CONFIG_X86_16BIT=y
2024-05-16T17:19:44.8694366Z CONFIG_X86_ESPFIX64=y
2024-05-16T17:19:44.8694673Z CONFIG_X86_VSYSCALL_EMULATION=y
2024-05-16T17:19:44.8695031Z CONFIG_X86_IOPL_IOPERM=y
2024-05-16T17:19:44.8695348Z CONFIG_MICROCODE=y
2024-05-16T17:19:44.8695665Z # CONFIG_MICROCODE_LATE_LOADING is not set
2024-05-16T17:19:44.8696077Z CONFIG_X86_MSR=y
2024-05-16T17:19:44.8696351Z CONFIG_X86_CPUID=y
2024-05-16T17:19:44.8696617Z CONFIG_X86_5LEVEL=y
2024-05-16T17:19:44.8696913Z CONFIG_X86_DIRECT_GBPAGES=y
2024-05-16T17:19:44.8697277Z # CONFIG_X86_CPA_STATISTICS is not set
2024-05-16T17:19:44.8697675Z # CONFIG_AMD_MEM_ENCRYPT is not set
2024-05-16T17:19:44.8698050Z CONFIG_NUMA=y
2024-05-16T17:19:44.8698526Z CONFIG_AMD_NUMA=y
2024-05-16T17:19:44.8698807Z CONFIG_X86_64_ACPI_NUMA=y
2024-05-16T17:19:44.8699139Z # CONFIG_NUMA_EMU is not set
2024-05-16T17:19:44.8699477Z CONFIG_NODES_SHIFT=6
2024-05-16T17:19:44.8699777Z CONFIG_ARCH_SPARSEMEM_ENABLE=y
2024-05-16T17:19:44.8700147Z CONFIG_ARCH_SPARSEMEM_DEFAULT=y
2024-05-16T17:19:44.8700517Z CONFIG_ARCH_PROC_KCORE_TEXT=y
2024-05-16T17:19:44.8700912Z CONFIG_ILLEGAL_POINTER_VALUE=0xdead000000000000
2024-05-16T17:19:44.8701367Z # CONFIG_X86_PMEM_LEGACY is not set
2024-05-16T17:19:44.8701795Z # CONFIG_X86_CHECK_BIOS_CORRUPTION is not set
2024-05-16T17:19:44.8702200Z CONFIG_MTRR=y
2024-05-16T17:19:44.8702478Z CONFIG_MTRR_SANITIZER=y
2024-05-16T17:19:44.8702826Z CONFIG_MTRR_SANITIZER_ENABLE_DEFAULT=0
2024-05-16T17:19:44.8703253Z CONFIG_MTRR_SANITIZER_SPARE_REG_NR_DEFAULT=1
2024-05-16T17:19:44.8703753Z CONFIG_X86_PAT=y
2024-05-16T17:19:44.8704051Z CONFIG_ARCH_USES_PG_UNCACHED=y
2024-05-16T17:19:44.8704382Z CONFIG_X86_UMIP=y
2024-05-16T17:19:44.8704669Z CONFIG_CC_HAS_IBT=y
2024-05-16T17:19:44.8704993Z CONFIG_X86_CET=y
2024-05-16T17:19:44.8705263Z CONFIG_X86_KERNEL_IBT=y
2024-05-16T17:19:44.8705612Z CONFIG_X86_INTEL_MEMORY_PROTECTION_KEYS=y
2024-05-16T17:19:44.8706030Z CONFIG_X86_INTEL_TSX_MODE_OFF=y
2024-05-16T17:19:44.8706403Z # CONFIG_X86_INTEL_TSX_MODE_ON is not set
2024-05-16T17:19:44.8706847Z # CONFIG_X86_INTEL_TSX_MODE_AUTO is not set
2024-05-16T17:19:44.8707296Z # CONFIG_X86_USER_SHADOW_STACK is not set
2024-05-16T17:19:44.8707676Z CONFIG_EFI=y
2024-05-16T17:19:44.8707935Z CONFIG_EFI_STUB=y
2024-05-16T17:19:44.8708236Z CONFIG_EFI_HANDOVER_PROTOCOL=y
2024-05-16T17:19:44.8708589Z # CONFIG_EFI_MIXED is not set
2024-05-16T17:19:44.8708958Z # CONFIG_EFI_FAKE_MEMMAP is not set
2024-05-16T17:19:44.8709346Z CONFIG_EFI_RUNTIME_MAP=y
2024-05-16T17:19:44.8709662Z # CONFIG_HZ_100 is not set
2024-05-16T17:19:44.8709999Z # CONFIG_HZ_250 is not set
2024-05-16T17:19:44.8710327Z # CONFIG_HZ_300 is not set
2024-05-16T17:19:44.8710632Z CONFIG_HZ_1000=y
2024-05-16T17:19:44.8710911Z CONFIG_HZ=1000
2024-05-16T17:19:44.8711173Z CONFIG_SCHED_HRTICK=y
2024-05-16T17:19:44.8711489Z CONFIG_ARCH_SUPPORTS_KEXEC=y
2024-05-16T17:19:44.8711848Z CONFIG_ARCH_SUPPORTS_KEXEC_FILE=y
2024-05-16T17:19:44.8712240Z CONFIG_ARCH_SUPPORTS_KEXEC_PURGATORY=y
2024-05-16T17:19:44.8712651Z CONFIG_ARCH_SUPPORTS_KEXEC_SIG=y
2024-05-16T17:19:44.8713040Z CONFIG_ARCH_SUPPORTS_KEXEC_SIG_FORCE=y
2024-05-16T17:19:44.8713480Z CONFIG_ARCH_SUPPORTS_KEXEC_BZIMAGE_VERIFY_SIG=y
2024-05-16T17:19:44.8713937Z CONFIG_ARCH_SUPPORTS_KEXEC_JUMP=y
2024-05-16T17:19:44.8714321Z CONFIG_ARCH_SUPPORTS_CRASH_DUMP=y
2024-05-16T17:19:44.8714702Z CONFIG_ARCH_SUPPORTS_CRASH_HOTPLUG=y
2024-05-16T17:19:44.8715160Z CONFIG_ARCH_HAS_GENERIC_CRASHKERNEL_RESERVATION=y
2024-05-16T17:19:44.8715626Z CONFIG_PHYSICAL_START=0x1000000
2024-05-16T17:19:44.8715974Z CONFIG_RELOCATABLE=y
2024-05-16T17:19:44.8716285Z CONFIG_RANDOMIZE_BASE=y
2024-05-16T17:19:44.8716603Z CONFIG_X86_NEED_RELOCS=y
2024-05-16T17:19:44.8716918Z CONFIG_PHYSICAL_ALIGN=0x1000000
2024-05-16T17:19:44.8717293Z CONFIG_DYNAMIC_MEMORY_LAYOUT=y
2024-05-16T17:19:44.8717648Z CONFIG_RANDOMIZE_MEMORY=y
2024-05-16T17:19:44.8718015Z CONFIG_RANDOMIZE_MEMORY_PHYSICAL_PADDING=0x0
2024-05-16T17:19:44.8718467Z # CONFIG_ADDRESS_MASKING is not set
2024-05-16T17:19:44.8718844Z CONFIG_HOTPLUG_CPU=y
2024-05-16T17:19:44.8719201Z # CONFIG_LEGACY_VSYSCALL_XONLY is not set
2024-05-16T17:19:44.8719619Z CONFIG_LEGACY_VSYSCALL_NONE=y
2024-05-16T17:19:44.8720024Z # CONFIG_CMDLINE_BOOL is not set
2024-05-16T17:19:44.8720378Z CONFIG_MODIFY_LDT_SYSCALL=y
2024-05-16T17:19:44.8720758Z # CONFIG_STRICT_SIGALTSTACK_SIZE is not set
2024-05-16T17:19:44.8721188Z CONFIG_HAVE_LIVEPATCH=y
2024-05-16T17:19:44.8721505Z # CONFIG_LIVEPATCH is not set
2024-05-16T17:19:44.8721883Z # end of Processor type and features
2024-05-16T17:19:44.8722165Z 
2024-05-16T17:19:44.8722287Z CONFIG_CC_HAS_NAMED_AS=y
2024-05-16T17:19:44.8722602Z CONFIG_USE_X86_SEG_SUPPORT=y
2024-05-16T17:19:44.8722950Z CONFIG_CC_HAS_RETURN_THUNK=y
2024-05-16T17:19:44.8723362Z CONFIG_CC_HAS_ENTRY_PADDING=y
2024-05-16T17:19:44.8723714Z CONFIG_FUNCTION_PADDING_CFI=11
2024-05-16T17:19:44.8724083Z CONFIG_FUNCTION_PADDING_BYTES=16
2024-05-16T17:19:44.8724449Z CONFIG_CALL_PADDING=y
2024-05-16T17:19:44.8724747Z CONFIG_HAVE_CALL_THUNKS=y
2024-05-16T17:19:44.8725068Z CONFIG_CALL_THUNKS=y
2024-05-16T17:19:44.8725374Z CONFIG_PREFIX_SYMBOLS=y
2024-05-16T17:19:44.8725687Z CONFIG_CPU_MITIGATIONS=y
2024-05-16T17:19:44.8726051Z CONFIG_MITIGATION_PAGE_TABLE_ISOLATION=y
2024-05-16T17:19:44.8726469Z CONFIG_MITIGATION_RETPOLINE=y
2024-05-16T17:19:44.8726816Z CONFIG_MITIGATION_RETHUNK=y
2024-05-16T17:19:44.8727170Z CONFIG_MITIGATION_UNRET_ENTRY=y
2024-05-16T17:19:44.8727554Z CONFIG_MITIGATION_CALL_DEPTH_TRACKING=y
2024-05-16T17:19:44.8727966Z # CONFIG_CALL_THUNKS_DEBUG is not set
2024-05-16T17:19:44.8728364Z CONFIG_MITIGATION_IBPB_ENTRY=y
2024-05-16T17:19:44.8728788Z CONFIG_MITIGATION_IBRS_ENTRY=y
2024-05-16T17:19:44.8729131Z CONFIG_MITIGATION_SRSO=y
2024-05-16T17:19:44.8729490Z # CONFIG_MITIGATION_GDS_FORCE is not set
2024-05-16T17:19:44.8729896Z CONFIG_MITIGATION_RFDS=y
2024-05-16T17:19:44.8730220Z CONFIG_MITIGATION_SPECTRE_BHI=y
2024-05-16T17:19:44.8730633Z CONFIG_ARCH_HAS_ADD_PAGES=y
2024-05-16T17:19:44.8730856Z 
2024-05-16T17:19:44.8730954Z #
2024-05-16T17:19:44.8731203Z # Power management and ACPI options
2024-05-16T17:19:44.8731570Z #
2024-05-16T17:19:44.8731799Z CONFIG_SUSPEND=y
2024-05-16T17:19:44.8732078Z CONFIG_SUSPEND_FREEZER=y
2024-05-16T17:19:44.8732430Z # CONFIG_SUSPEND_SKIP_SYNC is not set
2024-05-16T17:19:44.8732831Z # CONFIG_HIBERNATION is not set
2024-05-16T17:19:44.8733173Z CONFIG_PM_SLEEP=y
2024-05-16T17:19:44.8733458Z CONFIG_PM_SLEEP_SMP=y
2024-05-16T17:19:44.8733781Z # CONFIG_PM_AUTOSLEEP is not set
2024-05-16T17:19:44.8734173Z # CONFIG_PM_USERSPACE_AUTOSLEEP is not set
2024-05-16T17:19:44.8734607Z # CONFIG_PM_WAKELOCKS is not set
2024-05-16T17:19:44.8734966Z CONFIG_PM=y
2024-05-16T17:19:44.8735223Z # CONFIG_PM_DEBUG is not set
2024-05-16T17:19:44.8735622Z # CONFIG_WQ_POWER_EFFICIENT_DEFAULT is not set
2024-05-16T17:19:44.8736068Z # CONFIG_ENERGY_MODEL is not set
2024-05-16T17:19:44.8736426Z CONFIG_ARCH_SUPPORTS_ACPI=y
2024-05-16T17:19:44.8736760Z CONFIG_ACPI=y
2024-05-16T17:19:44.8737054Z CONFIG_ACPI_LEGACY_TABLES_LOOKUP=y
2024-05-16T17:19:44.8737432Z CONFIG_ARCH_MIGHT_HAVE_ACPI_PDC=y
2024-05-16T17:19:44.8737839Z CONFIG_ACPI_SYSTEM_POWER_STATES_SUPPORT=y
2024-05-16T17:19:44.8738253Z CONFIG_ACPI_THERMAL_LIB=y
2024-05-16T17:19:44.8738973Z # CONFIG_ACPI_DEBUGGER is not set
2024-05-16T17:19:44.8739358Z CONFIG_ACPI_SPCR_TABLE=y
2024-05-16T17:19:44.8739696Z # CONFIG_ACPI_FPDT is not set
2024-05-16T17:19:44.8740026Z CONFIG_ACPI_LPIT=y
2024-05-16T17:19:44.8740314Z CONFIG_ACPI_SLEEP=y
2024-05-16T17:19:44.8740634Z CONFIG_ACPI_REV_OVERRIDE_POSSIBLE=y
2024-05-16T17:19:44.8741023Z # CONFIG_ACPI_EC_DEBUGFS is not set
2024-05-16T17:19:44.8741400Z CONFIG_ACPI_AC=y
2024-05-16T17:19:44.8741689Z CONFIG_ACPI_BATTERY=y
2024-05-16T17:19:44.8741981Z CONFIG_ACPI_BUTTON=y
2024-05-16T17:19:44.8742286Z CONFIG_ACPI_FAN=y
2024-05-16T17:19:44.8742583Z # CONFIG_ACPI_TAD is not set
2024-05-16T17:19:44.8742925Z # CONFIG_ACPI_DOCK is not set
2024-05-16T17:19:44.8743284Z CONFIG_ACPI_CPU_FREQ_PSS=y
2024-05-16T17:19:44.8743629Z CONFIG_ACPI_PROCESSOR_CSTATE=y
2024-05-16T17:19:44.8743980Z CONFIG_ACPI_PROCESSOR_IDLE=y
2024-05-16T17:19:44.8744324Z CONFIG_ACPI_CPPC_LIB=y
2024-05-16T17:19:44.8744641Z CONFIG_ACPI_PROCESSOR=y
2024-05-16T17:19:44.8744955Z CONFIG_ACPI_HOTPLUG_CPU=y
2024-05-16T17:19:44.8745338Z # CONFIG_ACPI_PROCESSOR_AGGREGATOR is not set
2024-05-16T17:19:44.8745772Z CONFIG_ACPI_THERMAL=y
2024-05-16T17:19:44.8746086Z CONFIG_ARCH_HAS_ACPI_TABLE_UPGRADE=y
2024-05-16T17:19:44.8746482Z CONFIG_ACPI_TABLE_UPGRADE=y
2024-05-16T17:19:44.8746831Z # CONFIG_ACPI_DEBUG is not set
2024-05-16T17:19:44.8747183Z # CONFIG_ACPI_PCI_SLOT is not set
2024-05-16T17:19:44.8747559Z CONFIG_ACPI_CONTAINER=y
2024-05-16T17:19:44.8747887Z CONFIG_ACPI_HOTPLUG_IOAPIC=y
2024-05-16T17:19:44.8748226Z # CONFIG_ACPI_SBS is not set
2024-05-16T17:19:44.8748683Z # CONFIG_ACPI_HED is not set
2024-05-16T17:19:44.8749043Z # CONFIG_ACPI_BGRT is not set
2024-05-16T17:19:44.8749431Z # CONFIG_ACPI_REDUCED_HARDWARE_ONLY is not set
2024-05-16T17:19:44.8749875Z # CONFIG_ACPI_NFIT is not set
2024-05-16T17:19:44.8750214Z CONFIG_ACPI_NUMA=y
2024-05-16T17:19:44.8750502Z # CONFIG_ACPI_HMAT is not set
2024-05-16T17:19:44.8750848Z CONFIG_HAVE_ACPI_APEI=y
2024-05-16T17:19:44.8751177Z CONFIG_HAVE_ACPI_APEI_NMI=y
2024-05-16T17:19:44.8751510Z # CONFIG_ACPI_APEI is not set
2024-05-16T17:19:44.8751861Z # CONFIG_ACPI_DPTF is not set
2024-05-16T17:19:44.8752223Z # CONFIG_ACPI_CONFIGFS is not set
2024-05-16T17:19:44.8752589Z # CONFIG_ACPI_PFRUT is not set
2024-05-16T17:19:44.8752936Z CONFIG_ACPI_PCC=y
2024-05-16T17:19:44.8753230Z # CONFIG_ACPI_FFH is not set
2024-05-16T17:19:44.8753574Z # CONFIG_PMIC_OPREGION is not set
2024-05-16T17:19:44.8754012Z CONFIG_ACPI_PRMT=y
2024-05-16T17:19:44.8754290Z CONFIG_X86_PM_TIMER=y
2024-05-16T17:19:44.8754495Z 
2024-05-16T17:19:44.8754581Z #
2024-05-16T17:19:44.8754826Z # CPU Frequency scaling
2024-05-16T17:19:44.8755113Z #
2024-05-16T17:19:44.8755346Z CONFIG_CPU_FREQ=y
2024-05-16T17:19:44.8755643Z CONFIG_CPU_FREQ_GOV_ATTR_SET=y
2024-05-16T17:19:44.8755990Z CONFIG_CPU_FREQ_GOV_COMMON=y
2024-05-16T17:19:44.8756332Z CONFIG_CPU_FREQ_STAT=y
2024-05-16T17:19:44.8756682Z CONFIG_CPU_FREQ_DEFAULT_GOV_PERFORMANCE=y
2024-05-16T17:19:44.8757155Z # CONFIG_CPU_FREQ_DEFAULT_GOV_POWERSAVE is not set
2024-05-16T17:19:44.8757675Z # CONFIG_CPU_FREQ_DEFAULT_GOV_USERSPACE is not set
2024-05-16T17:19:44.8758199Z # CONFIG_CPU_FREQ_DEFAULT_GOV_SCHEDUTIL is not set
2024-05-16T17:19:44.8758656Z CONFIG_CPU_FREQ_GOV_PERFORMANCE=y
2024-05-16T17:19:44.8759064Z # CONFIG_CPU_FREQ_GOV_POWERSAVE is not set
2024-05-16T17:19:44.8759489Z CONFIG_CPU_FREQ_GOV_USERSPACE=y
2024-05-16T17:19:44.8759850Z CONFIG_CPU_FREQ_GOV_ONDEMAND=y
2024-05-16T17:19:44.8760223Z CONFIG_CPU_FREQ_GOV_CONSERVATIVE=y
2024-05-16T17:19:44.8760610Z CONFIG_CPU_FREQ_GOV_SCHEDUTIL=y
2024-05-16T17:19:44.8760858Z 
2024-05-16T17:19:44.8760962Z #
2024-05-16T17:19:44.8761201Z # CPU frequency scaling drivers
2024-05-16T17:19:44.8761541Z #
2024-05-16T17:19:44.8761767Z CONFIG_X86_INTEL_PSTATE=y
2024-05-16T17:19:44.8762109Z # CONFIG_X86_PCC_CPUFREQ is not set
2024-05-16T17:19:44.8762491Z CONFIG_X86_AMD_PSTATE=y
2024-05-16T17:19:44.8762814Z CONFIG_X86_AMD_PSTATE_DEFAULT_MODE=3
2024-05-16T17:19:44.8763221Z # CONFIG_X86_AMD_PSTATE_UT is not set
2024-05-16T17:19:44.8763612Z CONFIG_X86_ACPI_CPUFREQ=y
2024-05-16T17:19:44.8763936Z CONFIG_X86_ACPI_CPUFREQ_CPB=y
2024-05-16T17:19:44.8764285Z CONFIG_X86_POWERNOW_K8=y
2024-05-16T17:19:44.8764651Z # CONFIG_X86_AMD_FREQ_SENSITIVITY is not set
2024-05-16T17:19:44.8765105Z # CONFIG_X86_SPEEDSTEP_CENTRINO is not set
2024-05-16T17:19:44.8765539Z # CONFIG_X86_P4_CLOCKMOD is not set
2024-05-16T17:19:44.8765818Z 
2024-05-16T17:19:44.8765908Z #
2024-05-16T17:19:44.8766126Z # shared options
2024-05-16T17:19:44.8766388Z #
2024-05-16T17:19:44.8766635Z # end of CPU Frequency scaling
2024-05-16T17:19:44.8766877Z 
2024-05-16T17:19:44.8766972Z #
2024-05-16T17:19:44.8767196Z # CPU Idle
2024-05-16T17:19:44.8767433Z #
2024-05-16T17:19:44.8767651Z CONFIG_CPU_IDLE=y
2024-05-16T17:19:44.8767995Z CONFIG_CPU_IDLE_GOV_LADDER=y
2024-05-16T17:19:44.8768341Z CONFIG_CPU_IDLE_GOV_MENU=y
2024-05-16T17:19:44.8768680Z # CONFIG_CPU_IDLE_GOV_TEO is not set
2024-05-16T17:19:44.8769059Z # end of CPU Idle
2024-05-16T17:19:44.8769234Z 
2024-05-16T17:19:44.8769362Z # CONFIG_INTEL_IDLE is not set
2024-05-16T17:19:44.8769750Z # end of Power management and ACPI options
2024-05-16T17:19:44.8770072Z 
2024-05-16T17:19:44.8770156Z #
2024-05-16T17:19:44.8770399Z # Bus options (PCI etc.)
2024-05-16T17:19:44.8770763Z #
2024-05-16T17:19:44.8770997Z CONFIG_PCI_DIRECT=y
2024-05-16T17:19:44.8771292Z CONFIG_PCI_MMCONFIG=y
2024-05-16T17:19:44.8771587Z CONFIG_MMCONF_FAM10H=y
2024-05-16T17:19:44.8771933Z # CONFIG_PCI_CNB20LE_QUIRK is not set
2024-05-16T17:19:44.8772328Z # CONFIG_ISA_BUS is not set
2024-05-16T17:19:44.8772650Z CONFIG_ISA_DMA_API=y
2024-05-16T17:19:44.8773025Z CONFIG_AMD_NB=y
2024-05-16T17:19:44.8773327Z # end of Bus options (PCI etc.)
2024-05-16T17:19:44.8773579Z 
2024-05-16T17:19:44.8773663Z #
2024-05-16T17:19:44.8773900Z # Binary Emulations
2024-05-16T17:19:44.8774181Z #
2024-05-16T17:19:44.8774415Z # CONFIG_IA32_EMULATION is not set
2024-05-16T17:19:44.8774803Z # CONFIG_X86_X32_ABI is not set
2024-05-16T17:19:44.8775167Z # end of Binary Emulations
2024-05-16T17:19:44.8775386Z 
2024-05-16T17:19:44.8775499Z CONFIG_VIRTUALIZATION=y
2024-05-16T17:19:44.8775820Z # CONFIG_KVM is not set
2024-05-16T17:19:44.8776130Z CONFIG_AS_AVX512=y
2024-05-16T17:19:44.8776405Z CONFIG_AS_SHA1_NI=y
2024-05-16T17:19:44.8776698Z CONFIG_AS_SHA256_NI=y
2024-05-16T17:19:44.8776999Z CONFIG_AS_TPAUSE=y
2024-05-16T17:19:44.8777268Z CONFIG_AS_GFNI=y
2024-05-16T17:19:44.8777546Z CONFIG_AS_VAES=y
2024-05-16T17:19:44.8777917Z CONFIG_AS_VPCLMULQDQ=y
2024-05-16T17:19:44.8778209Z CONFIG_AS_WRUSS=y
2024-05-16T17:19:44.8778535Z CONFIG_ARCH_CONFIGURES_CPU_MITIGATIONS=y
2024-05-16T17:19:44.8778838Z 
2024-05-16T17:19:44.8778938Z #
2024-05-16T17:19:44.8779357Z # General architecture-dependent options
2024-05-16T17:19:44.8779753Z #
2024-05-16T17:19:44.8779992Z CONFIG_HOTPLUG_SMT=y
2024-05-16T17:19:44.8780290Z CONFIG_HOTPLUG_CORE_SYNC=y
2024-05-16T17:19:44.8780638Z CONFIG_HOTPLUG_CORE_SYNC_DEAD=y
2024-05-16T17:19:44.8781013Z CONFIG_HOTPLUG_CORE_SYNC_FULL=y
2024-05-16T17:19:44.8781373Z CONFIG_HOTPLUG_SPLIT_STARTUP=y
2024-05-16T17:19:44.8781736Z CONFIG_HOTPLUG_PARALLEL=y
2024-05-16T17:19:44.8782070Z CONFIG_GENERIC_ENTRY=y
2024-05-16T17:19:44.8782362Z CONFIG_KPROBES=y
2024-05-16T17:19:44.8782643Z CONFIG_JUMP_LABEL=y
2024-05-16T17:19:44.8782969Z # CONFIG_STATIC_KEYS_SELFTEST is not set
2024-05-16T17:19:44.8783389Z # CONFIG_STATIC_CALL_SELFTEST is not set
2024-05-16T17:19:44.8783790Z CONFIG_OPTPROBES=y
2024-05-16T17:19:44.8784095Z CONFIG_KPROBES_ON_FTRACE=y
2024-05-16T17:19:44.8784408Z CONFIG_UPROBES=y
2024-05-16T17:19:44.8784728Z CONFIG_HAVE_EFFICIENT_UNALIGNED_ACCESS=y
2024-05-16T17:19:44.8785150Z CONFIG_ARCH_USE_BUILTIN_BSWAP=y
2024-05-16T17:19:44.8785498Z CONFIG_KRETPROBES=y
2024-05-16T17:19:44.8785808Z CONFIG_KRETPROBE_ON_RETHOOK=y
2024-05-16T17:19:44.8786169Z CONFIG_HAVE_IOREMAP_PROT=y
2024-05-16T17:19:44.8786487Z CONFIG_HAVE_KPROBES=y
2024-05-16T17:19:44.8786801Z CONFIG_HAVE_KRETPROBES=y
2024-05-16T17:19:44.8787133Z CONFIG_HAVE_OPTPROBES=y
2024-05-16T17:19:44.8787451Z CONFIG_HAVE_KPROBES_ON_FTRACE=y
2024-05-16T17:19:44.8787870Z CONFIG_ARCH_CORRECT_STACKTRACE_ON_KRETPROBE=y
