2024-05-21T19:04:10.1075690Z Current runner version: '2.316.1'
2024-05-21T19:04:10.1081524Z Runner name: 'bm-i-0864f0822a521acb1-worker-04'
2024-05-21T19:04:10.1082294Z Runner group name: 'Default'
2024-05-21T19:04:10.1083072Z Machine name: '7d3b6eff9612'
2024-05-21T19:04:10.1085297Z ##[group]GITHUB_TOKEN Permissions
2024-05-21T19:04:10.1086966Z Contents: read
2024-05-21T19:04:10.1087492Z Metadata: read
2024-05-21T19:04:10.1087871Z ##[endgroup]
2024-05-21T19:04:10.1090063Z Secret source: Actions
2024-05-21T19:04:10.1090742Z Prepare workflow directory
2024-05-21T19:04:10.2111126Z Prepare all required actions
2024-05-21T19:04:10.2285219Z Getting action download info
2024-05-21T19:04:10.3762864Z Download action repository 'actions/checkout@v4' (SHA:a5ac7e51b41094c92402da3b24376905380afc29)
2024-05-21T19:04:10.6795088Z Download action repository 'actions/download-artifact@v4' (SHA:65a9edc5881444af0b9093a5e628f2fe47ea3b2e)
2024-05-21T19:04:10.9555479Z Download action repository 'libbpf/ci@main' (SHA:5618ba5cc00e40916ecddccbd5f885b29b83b68e)
2024-05-21T19:04:11.2602338Z Uses: kernel-patches/bpf/.github/workflows/kernel-test.yml@refs/pull/7057/merge (b5d4ef6375935c4c56280df9770e915a0d698261)
2024-05-21T19:04:11.2604854Z ##[group] Inputs
2024-05-21T19:04:11.2605262Z   arch: x86_64
2024-05-21T19:04:11.2605629Z   toolchain_full: llvm-17
2024-05-21T19:04:11.2606066Z   runs_on: [
  "self-hosted",
  "x86_64"
]
2024-05-21T19:04:11.2606567Z   kernel: LATEST
2024-05-21T19:04:11.2606922Z   test: test_progs
2024-05-21T19:04:11.2607279Z   continue_on_error: false
2024-05-21T19:04:11.2608190Z   timeout_minutes: 360
2024-05-21T19:04:11.2608591Z ##[endgroup]
2024-05-21T19:04:11.2609509Z Complete job name: x86_64-llvm-17 / test (test_progs, false, 360) / test_progs on x86_64 with llvm-17
2024-05-21T19:04:11.3337372Z ##[group]Run actions/checkout@v4
2024-05-21T19:04:11.3337989Z with:
2024-05-21T19:04:11.3338347Z   repository: kernel-patches/bpf
2024-05-21T19:04:11.3339032Z   token: ***
2024-05-21T19:04:11.3339386Z   ssh-strict: true
2024-05-21T19:04:11.3339743Z   ssh-user: git
2024-05-21T19:04:11.3340132Z   persist-credentials: true
2024-05-21T19:04:11.3340551Z   clean: true
2024-05-21T19:04:11.3340920Z   sparse-checkout-cone-mode: true
2024-05-21T19:04:11.3341374Z   fetch-depth: 1
2024-05-21T19:04:11.3341733Z   fetch-tags: false
2024-05-21T19:04:11.3342109Z   show-progress: true
2024-05-21T19:04:11.3342469Z   lfs: false
2024-05-21T19:04:11.3342799Z   submodules: false
2024-05-21T19:04:11.3343182Z   set-safe-directory: true
2024-05-21T19:04:11.3343573Z env:
2024-05-21T19:04:11.3343877Z   KERNEL: LATEST
2024-05-21T19:04:11.3344252Z   REPO_ROOT: /tmp/work/bpf/bpf
2024-05-21T19:04:11.3344669Z   REPO_PATH: 
2024-05-21T19:04:11.3345029Z   KBUILD_OUTPUT: kbuild-output/
2024-05-21T19:04:11.3345533Z   CONTINUE_ON_ERROR: false
2024-05-21T19:04:11.3345941Z ##[endgroup]
2024-05-21T19:04:11.4656975Z Syncing repository: kernel-patches/bpf
2024-05-21T19:04:11.4659108Z ##[group]Getting Git version info
2024-05-21T19:04:11.4659861Z Working directory is '/tmp/work/bpf/bpf'
2024-05-21T19:04:11.4660943Z [command]/usr/bin/git version
2024-05-21T19:04:11.4661453Z git version 2.45.1
2024-05-21T19:04:11.4663191Z ##[endgroup]
2024-05-21T19:04:11.4674907Z Copying '/root/.gitconfig' to '/tmp/work/_temp/0f678f1a-035f-444a-baaa-ac76bc239302/.gitconfig'
2024-05-21T19:04:11.4676563Z Temporarily overriding HOME='/tmp/work/_temp/0f678f1a-035f-444a-baaa-ac76bc239302' before making global git config changes
2024-05-21T19:04:11.4678166Z Adding repository directory to the temporary git global config as a safe directory
2024-05-21T19:04:11.4679328Z [command]/usr/bin/git config --global --add safe.directory /tmp/work/bpf/bpf
2024-05-21T19:04:11.4680964Z Deleting the contents of '/tmp/work/bpf/bpf'
2024-05-21T19:04:11.4682090Z ##[group]Initializing the repository
2024-05-21T19:04:11.4682760Z [command]/usr/bin/git init /tmp/work/bpf/bpf
2024-05-21T19:04:11.4691664Z hint: Using 'master' as the name for the initial branch. This default branch name
2024-05-21T19:04:11.4692801Z hint: is subject to change. To configure the initial branch name to use in all
2024-05-21T19:04:11.4694168Z hint: of your new repositories, which will suppress this warning, call:
2024-05-21T19:04:11.4694897Z hint:
2024-05-21T19:04:11.4695564Z hint: 	git config --global init.defaultBranch <name>
2024-05-21T19:04:11.4696254Z hint:
2024-05-21T19:04:11.4696905Z hint: Names commonly chosen instead of 'master' are 'main', 'trunk' and
2024-05-21T19:04:11.4698153Z hint: 'development'. The just-created branch can be renamed via this command:
2024-05-21T19:04:11.4698965Z hint:
2024-05-21T19:04:11.4699373Z hint: 	git branch -m <name>
2024-05-21T19:04:11.4700036Z Initialized empty Git repository in /tmp/work/bpf/bpf/.git/
2024-05-21T19:04:11.4701799Z [command]/usr/bin/git remote add origin https://github.com/kernel-patches/bpf
2024-05-21T19:04:11.4718365Z ##[endgroup]
2024-05-21T19:04:11.4719237Z ##[group]Disabling automatic garbage collection
2024-05-21T19:04:11.4720914Z [command]/usr/bin/git config --local gc.auto 0
2024-05-21T19:04:11.4742118Z ##[endgroup]
2024-05-21T19:04:11.4742949Z ##[group]Setting up auth
2024-05-21T19:04:11.4746690Z [command]/usr/bin/git config --local --name-only --get-regexp core\.sshCommand
2024-05-21T19:04:11.4769727Z [command]/usr/bin/git submodule foreach --recursive sh -c "git config --local --name-only --get-regexp 'core\.sshCommand' && git config --local --unset-all 'core.sshCommand' || :"
2024-05-21T19:04:11.4940740Z [command]/usr/bin/git config --local --name-only --get-regexp http\.https\:\/\/github\.com\/\.extraheader
2024-05-21T19:04:11.4966803Z [command]/usr/bin/git submodule foreach --recursive sh -c "git config --local --name-only --get-regexp 'http\.https\:\/\/github\.com\/\.extraheader' && git config --local --unset-all 'http.https://github.com/.extraheader' || :"
2024-05-21T19:04:11.5132258Z [command]/usr/bin/git config --local http.https://github.com/.extraheader AUTHORIZATION: basic ***
2024-05-21T19:04:11.5157907Z ##[endgroup]
2024-05-21T19:04:11.5158652Z ##[group]Fetching the repository
2024-05-21T19:04:11.5166001Z [command]/usr/bin/git -c protocol.version=2 fetch --no-tags --prune --no-recurse-submodules --depth=1 origin +b5d4ef6375935c4c56280df9770e915a0d698261:refs/remotes/pull/7057/merge
2024-05-21T19:05:00.9230288Z From https://github.com/kernel-patches/bpf
2024-05-21T19:05:00.9231247Z  * [new ref]             b5d4ef6375935c4c56280df9770e915a0d698261 -> pull/7057/merge
2024-05-21T19:05:00.9251935Z ##[endgroup]
2024-05-21T19:05:00.9252501Z ##[group]Determining the checkout info
2024-05-21T19:05:00.9253110Z ##[endgroup]
2024-05-21T19:05:00.9254206Z [command]/usr/bin/git sparse-checkout disable
2024-05-21T19:05:00.9284203Z [command]/usr/bin/git config --local --unset-all extensions.worktreeConfig
2024-05-21T19:05:00.9304095Z ##[group]Checking out the ref
2024-05-21T19:05:00.9306984Z [command]/usr/bin/git checkout --progress --force refs/remotes/pull/7057/merge
2024-05-21T19:05:02.0163333Z Updating files:  33% (28591/84874)
2024-05-21T19:05:02.0551933Z Updating files:  34% (28858/84874)
2024-05-21T19:05:02.1067710Z Updating files:  35% (29706/84874)
2024-05-21T19:05:02.1509740Z Updating files:  36% (30555/84874)
2024-05-21T19:05:02.2020728Z Updating files:  37% (31404/84874)
2024-05-21T19:05:02.2582716Z Updating files:  38% (32253/84874)
2024-05-21T19:05:02.3083162Z Updating files:  39% (33101/84874)
2024-05-21T19:05:03.0019167Z Updating files:  40% (33950/84874)
2024-05-21T19:05:03.2297891Z Updating files:  40% (34226/84874)
2024-05-21T19:05:03.2851851Z Updating files:  41% (34799/84874)
2024-05-21T19:05:03.3301001Z Updating files:  42% (35648/84874)
2024-05-21T19:05:03.3638815Z Updating files:  43% (36496/84874)
2024-05-21T19:05:03.3988406Z Updating files:  44% (37345/84874)
2024-05-21T19:05:03.4483631Z Updating files:  45% (38194/84874)
2024-05-21T19:05:03.4940256Z Updating files:  46% (39043/84874)
2024-05-21T19:05:03.5438063Z Updating files:  47% (39891/84874)
2024-05-21T19:05:03.6053270Z Updating files:  48% (40740/84874)
2024-05-21T19:05:03.6568909Z Updating files:  49% (41589/84874)
2024-05-21T19:05:03.7095630Z Updating files:  50% (42437/84874)
2024-05-21T19:05:03.7677165Z Updating files:  51% (43286/84874)
2024-05-21T19:05:03.8152505Z Updating files:  52% (44135/84874)
2024-05-21T19:05:03.8587757Z Updating files:  53% (44984/84874)
2024-05-21T19:05:03.9114431Z Updating files:  54% (45832/84874)
2024-05-21T19:05:03.9727559Z Updating files:  55% (46681/84874)
2024-05-21T19:05:03.9969460Z Updating files:  56% (47530/84874)
2024-05-21T19:05:04.0542351Z Updating files:  56% (47767/84874)
2024-05-21T19:05:04.1299588Z Updating files:  57% (48379/84874)
2024-05-21T19:05:04.1968074Z Updating files:  58% (49227/84874)
2024-05-21T19:05:04.2685361Z Updating files:  59% (50076/84874)
2024-05-21T19:05:04.3504811Z Updating files:  60% (50925/84874)
2024-05-21T19:05:04.4120107Z Updating files:  61% (51774/84874)
2024-05-21T19:05:04.4796040Z Updating files:  62% (52622/84874)
2024-05-21T19:05:04.5302872Z Updating files:  63% (53471/84874)
2024-05-21T19:05:04.5943460Z Updating files:  64% (54320/84874)
2024-05-21T19:05:04.6394282Z Updating files:  65% (55169/84874)
2024-05-21T19:05:04.7127264Z Updating files:  66% (56017/84874)
2024-05-21T19:05:04.7922194Z Updating files:  67% (56866/84874)
2024-05-21T19:05:04.8243933Z Updating files:  68% (57715/84874)
2024-05-21T19:05:04.8667585Z Updating files:  69% (58564/84874)
2024-05-21T19:05:04.9289222Z Updating files:  70% (59412/84874)
2024-05-21T19:05:04.9872002Z Updating files:  71% (60261/84874)
2024-05-21T19:05:04.9972666Z Updating files:  72% (61110/84874)
2024-05-21T19:05:05.0364573Z Updating files:  72% (61276/84874)
2024-05-21T19:05:05.1022588Z Updating files:  73% (61959/84874)
2024-05-21T19:05:05.1676777Z Updating files:  74% (62807/84874)
2024-05-21T19:05:05.2184940Z Updating files:  75% (63656/84874)
2024-05-21T19:05:05.2437648Z Updating files:  76% (64505/84874)
2024-05-21T19:05:05.2693523Z Updating files:  77% (65353/84874)
2024-05-21T19:05:05.3035973Z Updating files:  78% (66202/84874)
2024-05-21T19:05:05.3324967Z Updating files:  79% (67051/84874)
2024-05-21T19:05:05.3676054Z Updating files:  80% (67900/84874)
2024-05-21T19:05:05.4025367Z Updating files:  81% (68748/84874)
2024-05-21T19:05:05.4320588Z Updating files:  82% (69597/84874)
2024-05-21T19:05:05.4973537Z Updating files:  83% (70446/84874)
2024-05-21T19:05:05.5579619Z Updating files:  84% (71295/84874)
2024-05-21T19:05:05.6224917Z Updating files:  85% (72143/84874)
2024-05-21T19:05:05.6797629Z Updating files:  86% (72992/84874)
2024-05-21T19:05:05.7072753Z Updating files:  87% (73841/84874)
2024-05-21T19:05:05.7526592Z Updating files:  88% (74690/84874)
2024-05-21T19:05:05.8190118Z Updating files:  89% (75538/84874)
2024-05-21T19:05:05.8742539Z Updating files:  90% (76387/84874)
2024-05-21T19:05:05.9092842Z Updating files:  91% (77236/84874)
2024-05-21T19:05:05.9469808Z Updating files:  92% (78085/84874)
2024-05-21T19:05:05.9886420Z Updating files:  93% (78933/84874)
2024-05-21T19:05:05.9967714Z Updating files:  94% (79782/84874)
2024-05-21T19:05:06.0215114Z Updating files:  94% (80072/84874)
2024-05-21T19:05:06.0515186Z Updating files:  95% (80631/84874)
2024-05-21T19:05:06.0726921Z Updating files:  96% (81480/84874)
2024-05-21T19:05:06.0983552Z Updating files:  97% (82328/84874)
2024-05-21T19:05:06.1269200Z Updating files:  98% (83177/84874)
2024-05-21T19:05:06.1503535Z Updating files:  99% (84026/84874)
2024-05-21T19:05:06.1504107Z Updating files: 100% (84874/84874)
2024-05-21T19:05:06.1505067Z Updating files: 100% (84874/84874), done.
2024-05-21T19:05:06.2326228Z Note: switching to 'refs/remotes/pull/7057/merge'.
2024-05-21T19:05:06.2326650Z 
2024-05-21T19:05:06.2327278Z You are in 'detached HEAD' state. You can look around, make experimental
2024-05-21T19:05:06.2328079Z changes and commit them, and you can discard any commits you make in this
2024-05-21T19:05:06.2328864Z state without impacting any branches by switching back to a branch.
2024-05-21T19:05:06.2329309Z 
2024-05-21T19:05:06.2329613Z If you want to create a new branch to retain commits you create, you may
2024-05-21T19:05:06.2332714Z do so (now or later) by using -c with the switch command. Example:
2024-05-21T19:05:06.2333463Z 
2024-05-21T19:05:06.2333672Z   git switch -c <new-branch-name>
2024-05-21T19:05:06.2333939Z 
2024-05-21T19:05:06.2334082Z Or undo this operation with:
2024-05-21T19:05:06.2334321Z 
2024-05-21T19:05:06.2334427Z   git switch -
2024-05-21T19:05:06.2334607Z 
2024-05-21T19:05:06.2334946Z Turn off this advice by setting config variable advice.detachedHead to false
2024-05-21T19:05:06.2335444Z 
2024-05-21T19:05:06.2336004Z HEAD is now at b5d4ef637 Merge 61f06bcba7ecdd613203894cc106661d632fca38 into fb42b3debe846543d4153133ee06c3e6ff5d5f7f
2024-05-21T19:05:06.2582399Z ##[endgroup]
2024-05-21T19:05:06.2622248Z [command]/usr/bin/git log -1 --format='%H'
2024-05-21T19:05:06.2643955Z 'b5d4ef6375935c4c56280df9770e915a0d698261'
2024-05-21T19:05:06.2977178Z ##[group]Run actions/download-artifact@v4
2024-05-21T19:05:06.2977598Z with:
2024-05-21T19:05:06.2977927Z   name: vmlinux-x86_64-llvm-17
2024-05-21T19:05:06.2978279Z   path: .
2024-05-21T19:05:06.2978560Z   merge-multiple: false
2024-05-21T19:05:06.2978909Z   repository: kernel-patches/bpf
2024-05-21T19:05:06.2979279Z   run-id: 9179531832
2024-05-21T19:05:06.2979546Z env:
2024-05-21T19:05:06.2979788Z   KERNEL: LATEST
2024-05-21T19:05:06.2980090Z   REPO_ROOT: /tmp/work/bpf/bpf
2024-05-21T19:05:06.2980424Z   REPO_PATH: 
2024-05-21T19:05:06.2980719Z   KBUILD_OUTPUT: kbuild-output/
2024-05-21T19:05:06.2981097Z   CONTINUE_ON_ERROR: false
2024-05-21T19:05:06.2981410Z ##[endgroup]
2024-05-21T19:05:06.5351715Z Downloading single artifact
2024-05-21T19:05:06.6520234Z Preparing to download the following artifacts:
2024-05-21T19:05:06.6520941Z - vmlinux-x86_64-llvm-17 (ID: 1524145447, Size: 85026420)
2024-05-21T19:05:06.7273975Z Redirecting to blob download url: https://productionresultssa7.blob.core.windows.net/actions-results/40db9e43-3ebd-44b6-b142-c6540fdaf61d/workflow-job-run-29b527e0-a241-5ac7-76c7-abe6adb30a85/artifacts/1575d5c6c688959c889c7be365f94ca3293e8efccf5e02e58440ad9b23ee4c72.zip
2024-05-21T19:05:06.7276245Z Starting download of artifact to: /tmp/work/bpf/bpf
2024-05-21T19:05:06.8568134Z (node:338) [DEP0005] DeprecationWarning: Buffer() is deprecated due to security and usability issues. Please use the Buffer.alloc(), Buffer.allocUnsafe(), or Buffer.from() methods instead.
2024-05-21T19:05:06.8569708Z (Use `node --trace-deprecation ...` to show where the warning was created)
2024-05-21T19:05:08.0088798Z Artifact download completed successfully.
2024-05-21T19:05:08.0090145Z Total of 1 artifact(s) downloaded
2024-05-21T19:05:08.0094740Z Download artifact has finished successfully
2024-05-21T19:05:08.0266021Z ##[group]Run zstd -d -T0  vmlinux-x86_64-llvm-17.tar.zst --stdout | tar -xf -
2024-05-21T19:05:08.0266873Z [36;1mzstd -d -T0  vmlinux-x86_64-llvm-17.tar.zst --stdout | tar -xf -[0m
2024-05-21T19:05:08.0282856Z shell: /usr/bin/bash -e {0}
2024-05-21T19:05:08.0283200Z env:
2024-05-21T19:05:08.0283449Z   KERNEL: LATEST
2024-05-21T19:05:08.0283748Z   REPO_ROOT: /tmp/work/bpf/bpf
2024-05-21T19:05:08.0284115Z   REPO_PATH: 
2024-05-21T19:05:08.0284411Z   KBUILD_OUTPUT: kbuild-output/
2024-05-21T19:05:08.0284776Z   CONTINUE_ON_ERROR: false
2024-05-21T19:05:08.0285104Z ##[endgroup]
2024-05-21T19:05:08.9605690Z ##[group]Run libbpf/ci/run-vmtest@main
2024-05-21T19:05:08.9606093Z with:
2024-05-21T19:05:08.9606344Z   arch: x86_64
2024-05-21T19:05:08.9606624Z   img: /tmp/root.img
2024-05-21T19:05:08.9606937Z   vmlinuz: /tmp/work/bpf/bpf/vmlinuz
2024-05-21T19:05:08.9607322Z   kernel-root: .
2024-05-21T19:05:08.9607602Z   max-cpu: 8
2024-05-21T19:05:08.9607868Z   kernel-test: test_progs
2024-05-21T19:05:08.9608181Z env:
2024-05-21T19:05:08.9608418Z   KERNEL: LATEST
2024-05-21T19:05:08.9608704Z   REPO_ROOT: /tmp/work/bpf/bpf
2024-05-21T19:05:08.9609054Z   REPO_PATH: 
2024-05-21T19:05:08.9609350Z   KBUILD_OUTPUT: kbuild-output/
2024-05-21T19:05:08.9609710Z   CONTINUE_ON_ERROR: false
2024-05-21T19:05:08.9610037Z ##[endgroup]
2024-05-21T19:05:08.9809701Z ##[group]Run BUILDDIR=$(realpath kbuild-output)
2024-05-21T19:05:08.9810383Z [36;1mBUILDDIR=$(realpath kbuild-output)[0m
2024-05-21T19:05:08.9811045Z [36;1mvmlinuz="$BUILDDIR/$(KBUILD_OUTPUT="${BUILDDIR}" make -C "." -s image_name)"[0m
2024-05-21T19:05:08.9811793Z [36;1mcp "$vmlinuz" /tmp/work/bpf/bpf/vmlinuz[0m
2024-05-21T19:05:08.9826010Z shell: /usr/bin/bash --noprofile --norc -e -o pipefail {0}
2024-05-21T19:05:08.9826505Z env:
2024-05-21T19:05:08.9826748Z   KERNEL: LATEST
2024-05-21T19:05:08.9827042Z   REPO_ROOT: /tmp/work/bpf/bpf
2024-05-21T19:05:08.9827388Z   REPO_PATH: 
2024-05-21T19:05:08.9827681Z   KBUILD_OUTPUT: kbuild-output/
2024-05-21T19:05:08.9828043Z   CONTINUE_ON_ERROR: false
2024-05-21T19:05:08.9828368Z ##[endgroup]
2024-05-21T19:05:09.0127561Z ##[group]Run curl -L https://github.com/chantra/danobi-vmtest/releases/download/v2.2.0/vmtest-$(uname -m) > /usr/bin/vmtest && chmod 755 /usr/bin/vmtest
2024-05-21T19:05:09.0129201Z [36;1mcurl -L https://github.com/chantra/danobi-vmtest/releases/download/v2.2.0/vmtest-$(uname -m) > /usr/bin/vmtest && chmod 755 /usr/bin/vmtest[0m
2024-05-21T19:05:09.0140917Z shell: /usr/bin/bash --noprofile --norc -e -o pipefail {0}
2024-05-21T19:05:09.0141414Z env:
2024-05-21T19:05:09.0141668Z   KERNEL: LATEST
2024-05-21T19:05:09.0141961Z   REPO_ROOT: /tmp/work/bpf/bpf
2024-05-21T19:05:09.0142305Z   REPO_PATH: 
2024-05-21T19:05:09.0142596Z   KBUILD_OUTPUT: kbuild-output/
2024-05-21T19:05:09.0142954Z   CONTINUE_ON_ERROR: false
2024-05-21T19:05:09.0143277Z ##[endgroup]
2024-05-21T19:05:09.0235800Z   % Total    % Received % Xferd  Average Speed   Time    Time     Time  Current
2024-05-21T19:05:09.0236577Z                                  Dload  Upload   Total   Spent    Left  Speed
2024-05-21T19:05:09.0236957Z 
2024-05-21T19:05:09.0633553Z   0     0    0     0    0     0      0      0 --:--:-- --:--:-- --:--:--     0
2024-05-21T19:05:09.0634811Z   0     0    0     0    0     0      0      0 --:--:-- --:--:-- --:--:--     0
2024-05-21T19:05:09.2601705Z 
2024-05-21T19:05:09.2602489Z 100 10.6M  100 10.6M    0     0  45.3M      0 --:--:-- --:--:-- --:--:-- 45.3M
2024-05-21T19:05:09.2659706Z ##[group]Run source "${GITHUB_ACTION_PATH}/../helpers.sh"
2024-05-21T19:05:09.2660403Z [36;1msource "${GITHUB_ACTION_PATH}/../helpers.sh"[0m
2024-05-21T19:05:09.2661082Z [36;1mfoldable start install_qemu "Installing QEMU tools"[0m
2024-05-21T19:05:09.2661710Z [36;1m# need gawk to support `--field-separator`[0m
2024-05-21T19:05:09.2662912Z [36;1msudo apt-get update && sudo apt-get install -y cpu-checker qemu-kvm qemu-utils qemu-system-x86 qemu-system-s390x qemu-system-arm qemu-guest-agent \[0m
2024-05-21T19:05:09.2664066Z [36;1m  ethtool keyutils iptables \[0m
2024-05-21T19:05:09.2664497Z [36;1m  gawk[0m
2024-05-21T19:05:09.2664873Z [36;1mfoldable end install_qemu[0m
2024-05-21T19:05:09.2675948Z shell: /usr/bin/bash --noprofile --norc -e -o pipefail {0}
2024-05-21T19:05:09.2676474Z env:
2024-05-21T19:05:09.2676838Z   KERNEL: LATEST
2024-05-21T19:05:09.2677271Z   REPO_ROOT: /tmp/work/bpf/bpf
2024-05-21T19:05:09.2677652Z   REPO_PATH: 
2024-05-21T19:05:09.2678041Z   KBUILD_OUTPUT: kbuild-output/
2024-05-21T19:05:09.2678559Z   CONTINUE_ON_ERROR: false
2024-05-21T19:05:09.2678915Z ##[endgroup]
2024-05-21T19:05:09.2707400Z ##[group]install_qemu - [1;33mInstalling QEMU tools[0m
2024-05-21T19:05:09.3594753Z Hit:1 https://download.docker.com/linux/ubuntu focal InRelease
2024-05-21T19:05:09.3771008Z Hit:2 http://security.ubuntu.com/ubuntu focal-security InRelease
2024-05-21T19:05:09.3806692Z Hit:3 http://archive.ubuntu.com/ubuntu focal InRelease
2024-05-21T19:05:09.3823702Z Hit:4 https://apt.llvm.org/focal llvm-toolchain-focal InRelease
2024-05-21T19:05:09.4043656Z Get:5 http://archive.ubuntu.com/ubuntu focal-updates InRelease [114 kB]
2024-05-21T19:05:09.4981918Z Hit:6 http://ppa.launchpad.net/git-core/ppa/ubuntu focal InRelease
2024-05-21T19:05:09.5029807Z Hit:7 http://archive.ubuntu.com/ubuntu focal-backports InRelease
2024-05-21T19:05:09.8065174Z Fetched 114 kB in 0s (236 kB/s)
2024-05-21T19:05:10.7438646Z Reading package lists...
2024-05-21T19:05:11.6639371Z Reading package lists...
2024-05-21T19:05:11.8298210Z Building dependency tree...
2024-05-21T19:05:11.8302455Z Reading state information...
2024-05-21T19:05:11.9895100Z cpu-checker is already the newest version (0.7-1.1).
2024-05-21T19:05:11.9895904Z ethtool is already the newest version (1:5.4-1).
2024-05-21T19:05:11.9896899Z gawk is already the newest version (1:5.0.1+dfsg-1ubuntu0.1).
2024-05-21T19:05:11.9897896Z iptables is already the newest version (1.8.4-3ubuntu2.1).
2024-05-21T19:05:11.9898706Z keyutils is already the newest version (1.6-6ubuntu1.1).
2024-05-21T19:05:11.9899419Z qemu-kvm is already the newest version (1:4.2-3ubuntu6.28).
2024-05-21T19:05:11.9900225Z qemu-system-arm is already the newest version (1:4.2-3ubuntu6.28).
2024-05-21T19:05:11.9901136Z qemu-system-s390x is already the newest version (1:4.2-3ubuntu6.28).
2024-05-21T19:05:11.9901960Z qemu-system-x86 is already the newest version (1:4.2-3ubuntu6.28).
2024-05-21T19:05:11.9902805Z qemu-utils is already the newest version (1:4.2-3ubuntu6.28).
2024-05-21T19:05:11.9903652Z qemu-guest-agent is already the newest version (1:4.2-3ubuntu6.28).
2024-05-21T19:05:11.9904397Z 0 upgraded, 0 newly installed, 0 to remove and 1 not upgraded.
2024-05-21T19:05:11.9939931Z ##[endgroup]
2024-05-21T19:05:11.9964026Z ##[group]Run ${GITHUB_ACTION_PATH}/run.sh
2024-05-21T19:05:11.9964516Z [36;1m${GITHUB_ACTION_PATH}/run.sh[0m
2024-05-21T19:05:11.9977118Z shell: /usr/bin/bash --noprofile --norc -e -o pipefail {0}
2024-05-21T19:05:11.9977620Z env:
2024-05-21T19:05:11.9978008Z   KERNEL: LATEST
2024-05-21T19:05:11.9978355Z   REPO_ROOT: /tmp/work/bpf/bpf
2024-05-21T19:05:11.9978714Z   REPO_PATH: 
2024-05-21T19:05:11.9979040Z   KBUILD_OUTPUT: kbuild-output/
2024-05-21T19:05:11.9979451Z   CONTINUE_ON_ERROR: false
2024-05-21T19:05:11.9979816Z   VMLINUZ: /tmp/work/bpf/bpf/vmlinuz
2024-05-21T19:05:11.9980234Z   IMG: /tmp/root.img
2024-05-21T19:05:11.9980574Z   KERNEL_ROOT: .
2024-05-21T19:05:11.9980860Z   MAX_CPU: 8
2024-05-21T19:05:11.9981171Z   KERNEL_TEST: test_progs
2024-05-21T19:05:11.9981542Z   OUTPUT_DIR: 
2024-05-21T19:05:11.9981845Z   PROJECT_NAME: /mnt/vmtest
2024-05-21T19:05:11.9982213Z ##[endgroup]
2024-05-21T19:05:12.0039002Z ##[group]bpftool_checks - [1;33mRunning bpftool checks...[0m
2024-05-21T19:05:12.0353733Z bpftool checks passed successfully.
2024-05-21T19:05:12.0354411Z ##[endgroup]
2024-05-21T19:05:12.0355096Z ##[group]vmtest - [1;33mStarting virtual machine...[0m
2024-05-21T19:05:12.0381331Z => vmlinuz
2024-05-21T19:05:12.0381692Z ===> Booting
2024-05-21T19:05:12.1134401Z No EFI environment detected.
2024-05-21T19:05:12.1134959Z early console in extract_kernel
2024-05-21T19:05:12.1137134Z input_data: 0x0000000003c372c4
2024-05-21T19:05:12.1139826Z input_len: 0x0000000000bad812
2024-05-21T19:05:12.1142033Z output: 0x0000000001000000
2024-05-21T19:05:12.1144576Z output_len: 0x0000000002e695ec
2024-05-21T19:05:12.1147547Z kernel_total_size: 0x0000000003830000
2024-05-21T19:05:12.1150118Z needed_size: 0x0000000003a00000
2024-05-21T19:05:12.1153095Z trampoline_32bit: 0x0000000000000000
2024-05-21T19:05:12.1156243Z Physical KASLR using RDRAND RDTSC...
2024-05-21T19:05:12.1159609Z Virtual KASLR using RDRAND RDTSC...
2024-05-21T19:05:12.1159918Z 
2024-05-21T19:05:12.2713412Z Decompressing Linux... Parsing ELF... Performing relocations... done.
2024-05-21T19:05:12.2714229Z Booting the kernel (entry_offset: 0x0000000000000000).
2024-05-21T19:05:12.2825854Z [    0.000000] Linux version 6.9.0-gb5d4ef637593-dirty (root@06c167904bd9) (Ubuntu clang version 17.0.6 (++20231208085846+6009708b4367-1~exp1~20231208085949.74), Ubuntu LLD 17.0.6) #212 SMP PREEMPT_DYNAMIC Tue May 21 18:39:44 UTC 2024
2024-05-21T19:05:12.2846348Z [    0.000000] Command line: rootfstype=9p rootflags=trans=virtio,cache=loose,msize=1048576 rw earlyprintk=serial,0,115200 printk.devkmsg=on console=0,115200 loglevel=7 raid=noautodetect init=/tmp/vmtest-init0LCpN.sh panic=-1 panic=-1 sysctl.vm.panic_on_oom=1
2024-05-21T19:05:12.2848071Z [    0.000000] BIOS-provided physical RAM map:
2024-05-21T19:05:12.2852289Z [    0.000000] BIOS-e820: [mem 0x0000000000000000-0x000000000009fbff] usable
2024-05-21T19:05:12.2858470Z [    0.000000] BIOS-e820: [mem 0x000000000009fc00-0x000000000009ffff] reserved
2024-05-21T19:05:12.2864554Z [    0.000000] BIOS-e820: [mem 0x00000000000f0000-0x00000000000fffff] reserved
2024-05-21T19:05:12.2870522Z [    0.000000] BIOS-e820: [mem 0x0000000000100000-0x00000000bffdffff] usable
2024-05-21T19:05:12.2876640Z [    0.000000] BIOS-e820: [mem 0x00000000bffe0000-0x00000000bfffffff] reserved
2024-05-21T19:05:12.2882813Z [    0.000000] BIOS-e820: [mem 0x00000000feffc000-0x00000000feffffff] reserved
2024-05-21T19:05:12.2888912Z [    0.000000] BIOS-e820: [mem 0x00000000fffc0000-0x00000000ffffffff] reserved
2024-05-21T19:05:12.2894906Z [    0.000000] BIOS-e820: [mem 0x0000000100000000-0x000000013fffffff] usable
2024-05-21T19:05:12.2899647Z [    0.000000] printk: legacy bootconsole [earlyser0] enabled
2024-05-21T19:05:12.2904290Z [    0.000000] NX (Execute Disable) protection: active
2024-05-21T19:05:12.2908702Z [    0.000000] APIC: Static calls initialized
2024-05-21T19:05:12.2912717Z [    0.000000] SMBIOS 2.8 present.
2024-05-21T19:05:12.2920440Z [    0.000000] DMI: QEMU Standard PC (i440FX + PIIX, 1996), BIOS 1.13.0-1ubuntu1.1 04/01/2014
2024-05-21T19:05:12.3055577Z [    0.000000] tsc: Fast TSC calibration using PIT
2024-05-21T19:05:12.3057449Z [    0.000000] tsc: Detected 2999.919 MHz processor
2024-05-21T19:05:12.3065377Z [    0.000293] last_pfn = 0x140000 max_arch_pfn = 0x400000000
2024-05-21T19:05:12.3073116Z [    0.000811] MTRR map: 4 entries (3 fixed + 1 variable; max 19), built from 8 variable MTRRs
2024-05-21T19:05:12.3079206Z [    0.001547] x86/PAT: Configuration [0-7]: WB  WC  UC- UC  WB  WP  UC- WT
2024-05-21T19:05:12.3082076Z Memory KASLR using RDRAND RDTSC...
2024-05-21T19:05:12.3086927Z [    0.002471] last_pfn = 0xbffe0 max_arch_pfn = 0x400000000
2024-05-21T19:05:12.3154547Z [    0.008910] found SMP MP-table at [mem 0x000f5c70-0x000f5c7f]
2024-05-21T19:05:12.3155900Z [    0.009439] Using GB pages for direct mapping
2024-05-21T19:05:12.3166489Z [    0.010395] ACPI: Early table checksum verification disabled
2024-05-21T19:05:12.3171695Z [    0.010906] ACPI: RSDP 0x00000000000F5A40 000014 (v00 BOCHS )
2024-05-21T19:05:12.3179565Z [    0.011423] ACPI: RSDT 0x00000000BFFE15A2 000030 (v01 BOCHS  BXPCRSDT 00000001 BXPC 00000001)
2024-05-21T19:05:12.3187074Z [    0.012193] ACPI: FACP 0x00000000BFFE1476 000074 (v01 BOCHS  BXPCFACP 00000001 BXPC 00000001)
2024-05-21T19:05:12.3194558Z [    0.012947] ACPI: DSDT 0x00000000BFFE0040 001436 (v01 BOCHS  BXPCDSDT 00000001 BXPC 00000001)
2024-05-21T19:05:12.3198451Z [    0.013694] ACPI: FACS 0x00000000BFFE0000 000040
2024-05-21T19:05:12.3206188Z [    0.014102] ACPI: APIC 0x00000000BFFE14EA 000080 (v01 BOCHS  BXPCAPIC 00000001 BXPC 00000001)
2024-05-21T19:05:12.3213790Z [    0.014856] ACPI: HPET 0x00000000BFFE156A 000038 (v01 BOCHS  BXPCHPET 00000001 BXPC 00000001)
2024-05-21T19:05:12.3220101Z [    0.015610] ACPI: Reserving FACP table memory at [mem 0xbffe1476-0xbffe14e9]
2024-05-21T19:05:12.3226222Z [    0.016238] ACPI: Reserving DSDT table memory at [mem 0xbffe0040-0xbffe1475]
2024-05-21T19:05:12.3232991Z [    0.016854] ACPI: Reserving FACS table memory at [mem 0xbffe0000-0xbffe003f]
2024-05-21T19:05:12.3240748Z [    0.017494] ACPI: Reserving APIC table memory at [mem 0xbffe14ea-0xbffe1569]
2024-05-21T19:05:12.3248633Z [    0.018310] ACPI: Reserving HPET table memory at [mem 0xbffe156a-0xbffe15a1]
2024-05-21T19:05:12.3253597Z [    0.019282] No NUMA configuration found
2024-05-21T19:05:12.3259777Z [    0.019620] Faking a node at [mem 0x0000000000000000-0x000000013fffffff]
2024-05-21T19:05:12.3264959Z [    0.020218] NODE_DATA(0) allocated [mem 0x13fffa000-0x13fffdfff]
2024-05-21T19:05:12.3267261Z [    0.020760] Zone ranges:
2024-05-21T19:05:12.3272901Z [    0.020990]   DMA      [mem 0x0000000000001000-0x0000000000ffffff]
2024-05-21T19:05:12.3278282Z [    0.021535]   DMA32    [mem 0x0000000001000000-0x00000000ffffffff]
2024-05-21T19:05:12.3283806Z [    0.022073]   Normal   [mem 0x0000000100000000-0x000000013fffffff]
2024-05-21T19:05:12.3287354Z [    0.022624] Movable zone start for each node
2024-05-21T19:05:12.3290412Z [    0.022994] Early memory node ranges
2024-05-21T19:05:12.3296123Z [    0.023303]   node   0: [mem 0x0000000000001000-0x000000000009efff]
2024-05-21T19:05:12.3301644Z [    0.023856]   node   0: [mem 0x0000000000100000-0x00000000bffdffff]
2024-05-21T19:05:12.3307062Z [    0.024407]   node   0: [mem 0x0000000100000000-0x000000013fffffff]
2024-05-21T19:05:12.3313384Z [    0.024951] Initmem setup node 0 [mem 0x0000000000001000-0x000000013fffffff]
2024-05-21T19:05:12.3321994Z [    0.025926] On node 0, zone DMA: 1 pages in unavailable ranges
2024-05-21T19:05:12.3327505Z [    0.026477] On node 0, zone DMA: 97 pages in unavailable ranges
2024-05-21T19:05:12.3509849Z [    0.044305] On node 0, zone Normal: 32 pages in unavailable ranges
2024-05-21T19:05:12.3513209Z [    0.045170] ACPI: PM-Timer IO Port: 0x608
2024-05-21T19:05:12.3517984Z [    0.045545] ACPI: LAPIC_NMI (acpi_id[0xff] dfl dfl lint[0x1])
2024-05-21T19:05:12.3524535Z [    0.046082] IOAPIC[0]: apic_id 0, version 17, address 0xfec00000, GSI 0-23
2024-05-21T19:05:12.3530054Z [    0.046691] ACPI: INT_SRC_OVR (bus 0 bus_irq 0 global_irq 2 dfl dfl)
2024-05-21T19:05:12.3535995Z [    0.047252] ACPI: INT_SRC_OVR (bus 0 bus_irq 5 global_irq 5 high level)
2024-05-21T19:05:12.3541957Z [    0.047848] ACPI: INT_SRC_OVR (bus 0 bus_irq 9 global_irq 9 high level)
2024-05-21T19:05:12.3547999Z [    0.048446] ACPI: INT_SRC_OVR (bus 0 bus_irq 10 global_irq 10 high level)
2024-05-21T19:05:12.3553906Z [    0.049046] ACPI: INT_SRC_OVR (bus 0 bus_irq 11 global_irq 11 high level)
2024-05-21T19:05:12.3559627Z [    0.049641] ACPI: Using ACPI (MADT) for SMP configuration information
2024-05-21T19:05:12.3564076Z [    0.050211] ACPI: HPET id: 0x8086a201 base: 0xfed00000
2024-05-21T19:05:12.3567467Z [    0.050669] TSC deadline timer available
2024-05-21T19:05:12.3571694Z [    0.051013] CPU topo: Max. logical packages:   2
2024-05-21T19:05:12.3575728Z [    0.051429] CPU topo: Max. logical dies:       2
2024-05-21T19:05:12.3579860Z [    0.051833] CPU topo: Max. dies per package:   1
2024-05-21T19:05:12.3583975Z [    0.052248] CPU topo: Max. threads per core:   1
2024-05-21T19:05:12.3588245Z [    0.052654] CPU topo: Num. cores per package:     1
2024-05-21T19:05:12.3592530Z [    0.053083] CPU topo: Num. threads per package:   1
2024-05-21T19:05:12.3597966Z [    0.053512] CPU topo: Allowing 2 present CPUs plus 0 hotplug CPUs
2024-05-21T19:05:12.3603602Z [    0.054059] [mem 0xc0000000-0xfeffbfff] available for PCI devices
2024-05-21T19:05:12.3613131Z [    0.054601] clocksource: refined-jiffies: mask: 0xffffffff max_cycles: 0xffffffff, max_idle_ns: 1910969940391419 ns
2024-05-21T19:05:12.3671234Z [    0.060402] setup_percpu: NR_CPUS:128 nr_cpumask_bits:2 nr_cpu_ids:2 nr_node_ids:1
2024-05-21T19:05:12.3679882Z [    0.061631] percpu: Embedded 60 pages/cpu s206880 r8192 d30688 u1048576
2024-05-21T19:05:12.3704475Z [    0.062245] Kernel command line: rootfstype=9p rootflags=trans=virtio,cache=loose,msize=1048576 rw earlyprintk=serial,0,115200 printk.devkmsg=on console=0,115200 loglevel=7 raid=noautodetect init=/tmp/vmtest-init0LCpN.sh panic=-1 panic=-1 sysctl.vm.panic_on_oom=1
2024-05-21T19:05:12.3709697Z [    0.064373] Unknown kernel command line parameters "raid=noautodetect", will be passed to user space.
2024-05-21T19:05:12.3712508Z [    0.065215] random: crng init done
2024-05-21T19:05:12.3731455Z [    0.066452] Dentry cache hash table entries: 524288 (order: 10, 4194304 bytes, linear)
2024-05-21T19:05:12.3741221Z [    0.067636] Inode-cache hash table entries: 262144 (order: 9, 2097152 bytes, linear)
2024-05-21T19:05:12.3744985Z [    0.068398] Fallback order for Node 0: 0
2024-05-21T19:05:12.3751089Z [    0.068402] Built 1 zonelists, mobility grouping on.  Total pages: 1031904
2024-05-21T19:05:12.3753647Z [    0.069355] Policy zone: Normal
2024-05-21T19:05:12.3759755Z [    0.069633] mem auto-init: stack:all(zero), heap alloc:off, heap free:off
2024-05-21T19:05:12.3763009Z [    0.070216] software IO TLB: area num 2.
2024-05-21T19:05:12.4095482Z [    0.102165] Memory: 3996928K/4193784K available (16384K kernel code, 8952K rwdata, 9244K rodata, 2860K init, 14784K bss, 196596K reserved, 0K cma-reserved)
2024-05-21T19:05:12.4098428Z [    0.103473] SLUB: HWalign=64, Order=0-3, MinObjects=0, CPUs=2, Nodes=1
2024-05-21T19:05:12.4101216Z Poking KASLR using RDRAND RDTSC...
2024-05-21T19:05:12.4106179Z [    0.104397] ftrace: allocating 38522 entries in 151 pages
2024-05-21T19:05:12.4112467Z [    0.105055] ftrace: allocated 151 pages with 5 groups
2024-05-21T19:05:12.4116235Z [    0.105601] Dynamic Preempt: full
2024-05-21T19:05:12.4123340Z [    0.106300] Running RCU self tests
2024-05-21T19:05:12.4127173Z [    0.106598] Running RCU synchronous self tests
2024-05-21T19:05:12.4132261Z [    0.106980] rcu: Preemptible hierarchical RCU implementation.
2024-05-21T19:05:12.4136120Z [    0.107478] rcu: 	RCU event tracing is enabled.
2024-05-21T19:05:12.4140420Z [    0.107873] rcu: 	RCU lockdep checking is enabled.
2024-05-21T19:05:12.4146230Z [    0.108298] rcu: 	RCU restricting CPUs from NR_CPUS=128 to nr_cpu_ids=2.
2024-05-21T19:05:12.4150529Z [    0.108872] 	Trampoline variant of Tasks RCU enabled.
2024-05-21T19:05:12.4154346Z [    0.109307] 	Rude variant of Tasks RCU enabled.
2024-05-21T19:05:12.4158481Z [    0.109696] 	Tracing variant of Tasks RCU enabled.
2024-05-21T19:05:12.4165360Z [    0.110108] rcu: RCU calculated value of scheduler-enlistment delay is 100 jiffies.
2024-05-21T19:05:12.4170940Z [    0.110765] rcu: Adjusting geometry for rcu_fanout_leaf=16, nr_cpu_ids=2
2024-05-21T19:05:12.4174872Z [    0.111360] Running RCU synchronous self tests
2024-05-21T19:05:12.4181248Z [    0.111751] RCU Tasks: Setting shift to 1 and lim to 1 rcu_task_cb_adjust=1.
2024-05-21T19:05:12.4187755Z [    0.112371] RCU Tasks Rude: Setting shift to 1 and lim to 1 rcu_task_cb_adjust=1.
2024-05-21T19:05:12.4194245Z [    0.113018] RCU Tasks Trace: Setting shift to 1 and lim to 1 rcu_task_cb_adjust=1.
2024-05-21T19:05:12.4228671Z [    0.116441] NR_IRQS: 8448, nr_irqs: 440, preallocated irqs: 16
2024-05-21T19:05:12.4235412Z [    0.117182] rcu: srcu_init: Setting srcu_struct sizes based on contention.
2024-05-21T19:05:12.4240799Z [    0.118001] Console: colour *CGA 80x25
2024-05-21T19:05:12.4245412Z [    0.118380] printk: legacy console [ttyS0] enabled
2024-05-21T19:05:12.4249593Z [    0.118380] printk: legacy console [ttyS0] enabled
2024-05-21T19:05:12.4254520Z [    0.119214] printk: legacy bootconsole [earlyser0] disabled
2024-05-21T19:05:12.4259472Z [    0.119214] printk: legacy bootconsole [earlyser0] disabled
2024-05-21T19:05:12.4266447Z [    0.120210] Lock dependency validator: Copyright (c) 2006 Red Hat, Inc., Ingo Molnar
2024-05-21T19:05:12.4269906Z [    0.120886] ... MAX_LOCKDEP_SUBCLASSES:  8
2024-05-21T19:05:12.4273585Z [    0.121254] ... MAX_LOCK_DEPTH:          48
2024-05-21T19:05:12.4277460Z [    0.121625] ... MAX_LOCKDEP_KEYS:        8192
2024-05-21T19:05:12.4281390Z [    0.122014] ... CLASSHASH_SIZE:          4096
2024-05-21T19:05:12.4285324Z [    0.122407] ... MAX_LOCKDEP_ENTRIES:     32768
2024-05-21T19:05:12.4289668Z [    0.122800] ... MAX_LOCKDEP_CHAINS:      65536
2024-05-21T19:05:12.4293523Z [    0.123204] ... CHAINHASH_SIZE:          32768
2024-05-21T19:05:12.4298341Z [    0.123621]  memory used by lock dependency info: 6429 kB
2024-05-21T19:05:12.4302620Z [    0.124095]  memory used for stack traces: 4224 kB
2024-05-21T19:05:12.4307611Z [    0.124524]  per task-struct memory footprint: 1920 bytes
2024-05-21T19:05:12.4311176Z [    0.125036] ACPI: Core revision 20240322
2024-05-21T19:05:12.4320955Z [    0.125529] clocksource: hpet: mask: 0xffffffff max_cycles: 0xffffffff, max_idle_ns: 19112604467 ns
2024-05-21T19:05:12.4326876Z [    0.126484] APIC: Switch to symmetric I/O mode setup
2024-05-21T19:05:12.4341344Z [    0.127846] ..TIMER: vector=0x30 apic1=0 pin1=2 apic2=-1 pin2=-1
2024-05-21T19:05:12.4393427Z [    0.132408] clocksource: tsc-early: mask: 0xffffffffffffffff max_cycles: 0x2b3df8e9b63, max_idle_ns: 440795227657 ns
2024-05-21T19:05:12.4400675Z [    0.133334] Calibrating delay loop (skipped), value calculated using timer frequency.. 5999.83 BogoMIPS (lpj=2999919)
2024-05-21T19:05:12.4407081Z [    0.134415] x86/cpu: User Mode Instruction Prevention (UMIP) activated
2024-05-21T19:05:12.4413074Z [    0.135395] Last level iTLB entries: 4KB 0, 2MB 0, 4MB 0
2024-05-21T19:05:12.4418364Z [    0.136324] Last level dTLB entries: 4KB 0, 2MB 0, 4MB 0, 1GB 0
2024-05-21T19:05:12.4426274Z [    0.136859] Spectre V1 : Mitigation: usercopy/swapgs barriers and __user pointer sanitization
2024-05-21T19:05:12.4436395Z [    0.137325] Spectre V2 : WARNING: Unprivileged eBPF is enabled with eIBRS on, data leaks possible via Spectre v2 BHB attacks!
2024-05-21T19:05:12.4442178Z [    0.138326] Spectre V2 : Spectre BHI mitigation: SW BHB clearing on vm exit
2024-05-21T19:05:12.4448203Z [    0.139324] Spectre V2 : Spectre BHI mitigation: SW BHB clearing on syscall
2024-05-21T19:05:12.4453382Z [    0.139923] Spectre V2 : Mitigation: Enhanced / Automatic IBRS
2024-05-21T19:05:12.4460937Z [    0.140324] Spectre V2 : Spectre v2 / SpectreRSB mitigation: Filling RSB on context switch
2024-05-21T19:05:12.4467433Z [    0.141051] Spectre V2 : Spectre v2 / PBRSB-eIBRS: Retire a single CALL on VMEXIT
2024-05-21T19:05:12.4471129Z [    0.141324] RETBleed: Mitigation: Enhanced IBRS
2024-05-21T19:05:12.4478727Z [    0.141721] Spectre V2 : mitigation: Enabling conditional Indirect Branch Prediction Barrier
2024-05-21T19:05:12.4486179Z [    0.142325] Speculative Store Bypass: Mitigation: Speculative Store Bypass disabled via prctl
2024-05-21T19:05:12.4489517Z [    0.143334] TAA: Mitigation: TSX disabled
2024-05-21T19:05:12.4496337Z [    0.143683] MMIO Stale Data: Vulnerable: Clear CPU buffers attempted, no microcode
2024-05-21T19:05:12.4501045Z [    0.144324] GDS: Unknown: Dependent on hypervisor status
2024-05-21T19:05:12.4508338Z [    0.144833] x86/fpu: Supporting XSAVE feature 0x001: 'x87 floating point registers'
2024-05-21T19:05:12.4513924Z [    0.145324] x86/fpu: Supporting XSAVE feature 0x002: 'SSE registers'
2024-05-21T19:05:12.4519361Z [    0.146324] x86/fpu: Supporting XSAVE feature 0x004: 'AVX registers'
2024-05-21T19:05:12.4525579Z [    0.146868] x86/fpu: Supporting XSAVE feature 0x008: 'MPX bounds registers'
2024-05-21T19:05:12.4530598Z [    0.147324] x86/fpu: Supporting XSAVE feature 0x010: 'MPX CSR'
2024-05-21T19:05:12.4536338Z [    0.147830] x86/fpu: Supporting XSAVE feature 0x020: 'AVX-512 opmask'
2024-05-21T19:05:12.4542047Z [    0.148324] x86/fpu: Supporting XSAVE feature 0x040: 'AVX-512 Hi256'
2024-05-21T19:05:12.4547900Z [    0.149324] x86/fpu: Supporting XSAVE feature 0x080: 'AVX-512 ZMM_Hi256'
2024-05-21T19:05:12.4554794Z [    0.149904] x86/fpu: Supporting XSAVE feature 0x200: 'Protection Keys User registers'
2024-05-21T19:05:12.4560172Z [    0.150324] x86/fpu: xstate_offset[2]:  576, xstate_sizes[2]:  256
2024-05-21T19:05:12.4565497Z [    0.150867] x86/fpu: xstate_offset[3]:  832, xstate_sizes[3]:   64
2024-05-21T19:05:12.4571223Z [    0.151324] x86/fpu: xstate_offset[4]:  896, xstate_sizes[4]:   64
2024-05-21T19:05:12.4576771Z [    0.151893] x86/fpu: xstate_offset[5]:  960, xstate_sizes[5]:   64
2024-05-21T19:05:12.4582147Z [    0.152324] x86/fpu: xstate_offset[6]: 1024, xstate_sizes[6]:  512
2024-05-21T19:05:12.4587512Z [    0.153324] x86/fpu: xstate_offset[7]: 1536, xstate_sizes[7]: 1024
2024-05-21T19:05:12.4592941Z [    0.153856] x86/fpu: xstate_offset[9]: 2560, xstate_sizes[9]:    8
2024-05-21T19:05:12.4601568Z [    0.154324] x86/fpu: Enabled xstate features 0x2ff, context size is 2568 bytes, using 'compacted' format.
2024-05-21T19:05:12.4775501Z [    0.172029] Freeing SMP alternatives memory: 40K
2024-05-21T19:05:12.4777040Z [    0.172325] pid_max: default: 32768 minimum: 301
2024-05-21T19:05:12.4782418Z [    0.172770] LSM: initializing lsm=capability,selinux,bpf,ima
2024-05-21T19:05:12.4785426Z [    0.173328] SELinux:  Initializing.
2024-05-21T19:05:12.4789030Z [    0.173658] LSM support for eBPF active
2024-05-21T19:05:12.4800013Z [    0.174327] Mount-cache hash table entries: 8192 (order: 4, 65536 bytes, linear)
2024-05-21T19:05:12.4806675Z [    0.174967] Mountpoint-cache hash table entries: 8192 (order: 4, 65536 bytes, linear)
2024-05-21T19:05:12.4816104Z [    0.176389] Running RCU synchronous self tests
2024-05-21T19:05:12.4820145Z [    0.176787] Running RCU synchronous self tests
2024-05-21T19:05:12.4831307Z [    0.177364] smpboot: CPU0: Intel(R) Xeon(R) Platinum 8275CL CPU @ 3.00GHz (family: 0x6, model: 0x55, stepping: 0x7)
2024-05-21T19:05:12.4869388Z [    0.181453] Running RCU Tasks wait API self tests
2024-05-21T19:05:12.4873144Z [    0.181948] Running RCU Tasks Rude wait API self tests
2024-05-21T19:05:12.4879153Z [    0.182397] Running RCU Tasks Trace wait API self tests
2024-05-21T19:05:12.4887989Z [    0.182969] Performance Events: Skylake events, full-width counters, Intel PMU driver.
2024-05-21T19:05:12.4891200Z [    0.183331] ... version:                2
2024-05-21T19:05:12.4894819Z [    0.183683] ... bit width:              48
2024-05-21T19:05:12.4898398Z [    0.184045] ... generic registers:      4
2024-05-21T19:05:12.4903224Z [    0.184328] ... value mask:             0000ffffffffffff
2024-05-21T19:05:12.4907854Z [    0.184797] ... max period:             00007fffffffffff
2024-05-21T19:05:12.4911374Z [    0.185259] ... fixed-purpose events:   3
2024-05-21T19:05:12.4915978Z [    0.185325] ... event mask:             000000070000000f
2024-05-21T19:05:12.4921824Z [    0.185994] signal: max sigframe size: 3232
2024-05-21T19:05:12.4926792Z [    0.186396] rcu: Hierarchical SRCU implementation.
2024-05-21T19:05:12.4931385Z [    0.186817] rcu: 	Max phase no-delay instances is 400.
2024-05-21T19:05:12.4964406Z [    0.189806] NMI watchdog: Enabled. Permanently consumes one hw-PMU counter.
2024-05-21T19:05:12.4968202Z [    0.190350] Callback from call_rcu_tasks_trace() invoked.
2024-05-21T19:05:12.4973279Z [    0.190938] smp: Bringing up secondary CPUs ...
2024-05-21T19:05:12.4980772Z [    0.191606] smpboot: x86: Booting SMP configuration:
2024-05-21T19:05:12.5193101Z [    0.192069] .... node  #0, CPUs:      #1
2024-05-21T19:05:12.5194429Z [    0.193484] smp: Brought up 1 node, 2 CPUs
2024-05-21T19:05:12.5200276Z [    0.194095] smpboot: Total of 2 processors activated (11999.67 BogoMIPS)
2024-05-21T19:05:12.5216904Z [    0.195482] devtmpfs: initialized
2024-05-21T19:05:12.5226421Z [    0.196437] Running RCU synchronous self tests
2024-05-21T19:05:12.5230344Z [    0.196846] Running RCU synchronous self tests
2024-05-21T19:05:12.5239555Z [    0.197362] clocksource: jiffies: mask: 0xffffffff max_cycles: 0xffffffff, max_idle_ns: 1911260446275000 ns
2024-05-21T19:05:12.5245462Z [    0.198212] futex hash table entries: 512 (order: 4, 65536 bytes, linear)
2024-05-21T19:05:12.5264385Z [    0.199618] NET: Registered PF_NETLINK/PF_ROUTE protocol family
2024-05-21T19:05:12.5272160Z [    0.200483] audit: initializing netlink subsys (disabled)
2024-05-21T19:05:12.5280815Z [    0.201024] audit: type=2000 audit(1716318312.073:1): state=initialized audit_enabled=0 res=1
2024-05-21T19:05:12.5286310Z [    0.201024] thermal_sys: Registered thermal governor 'step_wise'
2024-05-21T19:05:12.5292289Z [    0.201332] thermal_sys: Registered thermal governor 'user_space'
2024-05-21T19:05:12.5295671Z [    0.201892] cpuidle: using governor ladder
2024-05-21T19:05:12.5299493Z [    0.202707] cpuidle: using governor menu
2024-05-21T19:05:12.5306550Z [    0.202886] PCI: Using configuration type 1 for base access
2024-05-21T19:05:12.5315961Z [    0.203383] kprobes: kprobe jump-optimization is enabled. All kprobes are optimized if possible.
2024-05-21T19:05:12.5347118Z [    0.206482] HugeTLB: registered 1.00 GiB page size, pre-allocated 0 pages
2024-05-21T19:05:12.5350623Z [    0.207090] HugeTLB: 16380 KiB vmemmap can be freed for a 1.00 GiB page
2024-05-21T19:05:12.5357289Z [    0.207326] HugeTLB: registered 2.00 MiB page size, pre-allocated 0 pages
2024-05-21T19:05:12.5362097Z [    0.207923] HugeTLB: 28 KiB vmemmap can be freed for a 2.00 MiB page
2024-05-21T19:05:12.5448635Z [    0.216327] Demotion targets for Node 0: null
2024-05-21T19:05:12.5454549Z [    0.217161] ACPI: Added _OSI(Module Device)
2024-05-21T19:05:12.5458617Z [    0.217327] ACPI: Added _OSI(Processor Device)
2024-05-21T19:05:12.5462784Z [    0.217735] ACPI: Added _OSI(3.0 _SCP Extensions)
2024-05-21T19:05:12.5467664Z [    0.218152] ACPI: Added _OSI(Processor Aggregator Device)
2024-05-21T19:05:12.5484068Z [    0.219170] ACPI: 1 ACPI AML tables successfully acquired and loaded
2024-05-21T19:05:12.5530403Z [    0.223375] ACPI: _OSC evaluation for CPUs failed, trying _PDC
2024-05-21T19:05:12.5534118Z [    0.223602] ACPI: Interpreter enabled
2024-05-21T19:05:12.5538066Z [    0.223964] ACPI: PM: (supports S0 S3 S5)
2024-05-21T19:05:12.5542773Z [    0.224331] ACPI: Using IOAPIC for interrupt routing
2024-05-21T19:05:12.5551227Z [    0.224810] PCI: Using host bridge windows from ACPI; if necessary, use "pci=nocrs" and report a bug
2024-05-21T19:05:12.5556250Z [    0.225326] PCI: Using E820 reservations for host bridge windows
2024-05-21T19:05:12.5562255Z [    0.226015] ACPI: Enabled 2 GPEs in block 00 to 0F
2024-05-21T19:05:12.5620109Z [    0.232228] ACPI: PCI Root Bridge [PCI0] (domain 0000 [bus 00-ff])
2024-05-21T19:05:12.5624581Z [    0.232330] acpi PNP0A03:00: _OSC: OS supports [ASPM ClockPM Segments MSI HPX-Type3]
2024-05-21T19:05:12.5633021Z [    0.233030] acpi PNP0A03:00: _OSC: not requesting OS control; OS requires [ExtendedConfig ASPM ClockPM MSI]
2024-05-21T19:05:12.5643110Z [    0.234359] acpi PNP0A03:00: fail to add MMCONFIG information, can't access extended configuration space under this bridge
2024-05-21T19:05:12.5650270Z [    0.235721] PCI host bridge to bus 0000:00
2024-05-21T19:05:12.5656431Z [    0.236080] pci_bus 0000:00: root bus resource [io  0x0000-0x0cf7 window]
2024-05-21T19:05:12.5662536Z [    0.236326] pci_bus 0000:00: root bus resource [io  0x0d00-0xffff window]
2024-05-21T19:05:12.5669074Z [    0.236926] pci_bus 0000:00: root bus resource [mem 0x000a0000-0x000bffff window]
2024-05-21T19:05:12.5675685Z [    0.237326] pci_bus 0000:00: root bus resource [mem 0xc0000000-0xfebfffff window]
2024-05-21T19:05:12.5682417Z [    0.237985] pci_bus 0000:00: root bus resource [mem 0x140000000-0x1bfffffff window]
2024-05-21T19:05:12.5687111Z [    0.238326] pci_bus 0000:00: root bus resource [bus 00-ff]
2024-05-21T19:05:12.5695140Z [    0.238883] pci 0000:00:00.0: [8086:1237] type 00 class 0x060000 conventional PCI endpoint
2024-05-21T19:05:12.5709100Z [    0.240838] pci 0000:00:01.0: [8086:7000] type 00 class 0x060100 conventional PCI endpoint
2024-05-21T19:05:12.5720312Z [    0.241822] pci 0000:00:01.1: [8086:7010] type 00 class 0x010180 conventional PCI endpoint
2024-05-21T19:05:12.5746737Z [    0.244327] pci 0000:00:01.1: BAR 4 [io  0xc100-0xc10f]
2024-05-21T19:05:12.5762036Z [    0.245549] pci 0000:00:01.1: BAR 0 [io  0x01f0-0x01f7]: legacy IDE quirk
2024-05-21T19:05:12.5765352Z [    0.246147] pci 0000:00:01.1: BAR 1 [io  0x03f6]: legacy IDE quirk
2024-05-21T19:05:12.5771265Z [    0.247327] pci 0000:00:01.1: BAR 2 [io  0x0170-0x0177]: legacy IDE quirk
2024-05-21T19:05:12.5776869Z [    0.247913] pci 0000:00:01.1: BAR 3 [io  0x0376]: legacy IDE quirk
2024-05-21T19:05:12.5785857Z [    0.248508] pci 0000:00:01.3: [8086:7113] type 00 class 0x068000 conventional PCI endpoint
2024-05-21T19:05:12.5795425Z [    0.249540] pci 0000:00:01.3: quirk: [io  0x0600-0x063f] claimed by PIIX4 ACPI
2024-05-21T19:05:12.5801658Z [    0.250193] pci 0000:00:01.3: quirk: [io  0x0700-0x070f] claimed by PIIX4 SMB
2024-05-21T19:05:12.5812111Z [    0.250648] pci 0000:00:02.0: [1af4:1003] type 00 class 0x078000 conventional PCI endpoint
2024-05-21T19:05:12.5832314Z [    0.253328] pci 0000:00:02.0: BAR 0 [io  0xc000-0xc03f]
2024-05-21T19:05:12.5842902Z [    0.254327] pci 0000:00:02.0: BAR 1 [mem 0xfebfc000-0xfebfcfff]
2024-05-21T19:05:12.5880010Z [    0.257327] pci 0000:00:02.0: BAR 4 [mem 0xfebec000-0xfebeffff 64bit pref]
2024-05-21T19:05:12.5904386Z [    0.259497] pci 0000:00:03.0: [1af4:1003] type 00 class 0x078000 conventional PCI endpoint
2024-05-21T19:05:12.5920242Z [    0.261894] pci 0000:00:03.0: BAR 0 [io  0xc040-0xc07f]
2024-05-21T19:05:12.5941771Z [    0.263697] pci 0000:00:03.0: BAR 1 [mem 0xfebfd000-0xfebfdfff]
2024-05-21T19:05:12.5970334Z [    0.267002] pci 0000:00:03.0: BAR 4 [mem 0xfebf0000-0xfebf3fff 64bit pref]
2024-05-21T19:05:12.5993533Z [    0.268974] pci 0000:00:04.0: [1af4:1009] type 00 class 0x000200 conventional PCI endpoint
2024-05-21T19:05:12.6002645Z [    0.270030] pci 0000:00:04.0: BAR 0 [io  0xc080-0xc0bf]
2024-05-21T19:05:12.6016657Z [    0.270950] pci 0000:00:04.0: BAR 1 [mem 0xfebfe000-0xfebfefff]
2024-05-21T19:05:12.6054770Z [    0.274668] pci 0000:00:04.0: BAR 4 [mem 0xfebf4000-0xfebf7fff 64bit pref]
2024-05-21T19:05:12.6073660Z [    0.277209] pci 0000:00:05.0: [1af4:1009] type 00 class 0x000200 conventional PCI endpoint
2024-05-21T19:05:12.6082287Z [    0.277966] pci 0000:00:05.0: BAR 0 [io  0xc0c0-0xc0ff]
2024-05-21T19:05:12.6096660Z [    0.279004] pci 0000:00:05.0: BAR 1 [mem 0xfebff000-0xfebfffff]
2024-05-21T19:05:12.6123690Z [    0.282327] pci 0000:00:05.0: BAR 4 [mem 0xfebf8000-0xfebfbfff 64bit pref]
2024-05-21T19:05:12.6154972Z [    0.284591] ACPI: PCI: Interrupt link LNKA configured for IRQ 10
2024-05-21T19:05:12.6159030Z [    0.285428] ACPI: PCI: Interrupt link LNKB configured for IRQ 10
2024-05-21T19:05:12.6165173Z [    0.286055] ACPI: PCI: Interrupt link LNKC configured for IRQ 11
2024-05-21T19:05:12.6170644Z [    0.287390] Callback from call_rcu_tasks_rude() invoked.
2024-05-21T19:05:12.6175917Z [    0.287492] ACPI: PCI: Interrupt link LNKD configured for IRQ 11
2024-05-21T19:05:12.6181787Z [    0.288375] ACPI: PCI: Interrupt link LNKS configured for IRQ 9
2024-05-21T19:05:12.6190403Z [    0.289365] iommu: Default domain type: Translated
2024-05-21T19:05:12.6195693Z [    0.289765] iommu: DMA domain TLB invalidation policy: lazy mode
2024-05-21T19:05:12.6201865Z [    0.290473] pps_core: LinuxPPS API ver. 1 registered
2024-05-21T19:05:12.6210418Z [    0.290911] pps_core: Software ver. 5.3.6 - Copyright 2005-2007 Rodolfo Giometti <giometti@linux.it>
2024-05-21T19:05:12.6213519Z [    0.291337] PTP clock support registered
2024-05-21T19:05:12.6221303Z [    0.292147] NetLabel: Initializing
2024-05-21T19:05:12.6225232Z [    0.292326] NetLabel:  domain hash size = 128
2024-05-21T19:05:12.6230199Z [    0.292713] NetLabel:  protocols = UNLABELED CIPSOv4 CALIPSO
2024-05-21T19:05:12.6235339Z [    0.293232] NetLabel:  unlabeled traffic allowed by default
2024-05-21T19:05:12.6239061Z [    0.294326] PCI: Using ACPI for IRQ routing
2024-05-21T19:05:12.6244432Z [    0.294998] vgaarb: loaded
2024-05-21T19:05:12.6249330Z [    0.295272] hpet0: at MMIO 0xfed00000, IRQs 2, 8, 0
2024-05-21T19:05:12.6255066Z [    0.295326] hpet0: 3 comparators, 64-bit 100.000000 MHz counter
2024-05-21T19:05:12.6304593Z [    0.300430] clocksource: Switched to clocksource tsc-early
2024-05-21T19:05:12.6309950Z [    0.301347] pnp: PnP ACPI init
2024-05-21T19:05:12.6319257Z [    0.302198] pnp: PnP ACPI: found 5 devices
2024-05-21T19:05:12.6423108Z [    0.311860] clocksource: acpi_pm: mask: 0xffffff max_cycles: 0xffffff, max_idle_ns: 2085701024 ns
2024-05-21T19:05:12.6425790Z [    0.312722] NET: Registered PF_INET protocol family
2024-05-21T19:05:12.6433782Z [    0.313342] IP idents hash table entries: 65536 (order: 7, 524288 bytes, linear)
2024-05-21T19:05:12.6528121Z [    0.322385] tcp_listen_portaddr_hash hash table entries: 2048 (order: 5, 147456 bytes, linear)
2024-05-21T19:05:12.6533170Z [    0.323209] Table-perturb hash table entries: 65536 (order: 6, 262144 bytes, linear)
2024-05-21T19:05:12.6539993Z [    0.323911] TCP established hash table entries: 32768 (order: 6, 262144 bytes, linear)
2024-05-21T19:05:12.6547890Z [    0.324658] TCP bind hash table entries: 32768 (order: 10, 4718592 bytes, vmalloc hugepage)
2024-05-21T19:05:12.6576207Z [    0.327436] TCP: Hash tables configured (established 32768 bind 32768)
2024-05-21T19:05:12.6585872Z [    0.328541] MPTCP token hash table entries: 4096 (order: 6, 360448 bytes, linear)
2024-05-21T19:05:12.6592481Z [    0.329274] UDP hash table entries: 2048 (order: 6, 327680 bytes, linear)
2024-05-21T19:05:12.6599839Z [    0.329948] UDP-Lite hash table entries: 2048 (order: 6, 327680 bytes, linear)
2024-05-21T19:05:12.6605909Z [    0.330724] NET: Registered PF_UNIX/PF_LOCAL protocol family
2024-05-21T19:05:12.6610393Z [    0.331245] NET: Registered PF_XDP protocol family
2024-05-21T19:05:12.6616052Z [    0.331683] pci_bus 0000:00: resource 4 [io  0x0000-0x0cf7 window]
2024-05-21T19:05:12.6621613Z [    0.332226] pci_bus 0000:00: resource 5 [io  0x0d00-0xffff window]
2024-05-21T19:05:12.6627659Z [    0.332784] pci_bus 0000:00: resource 6 [mem 0x000a0000-0x000bffff window]
2024-05-21T19:05:12.6633664Z [    0.333387] pci_bus 0000:00: resource 7 [mem 0xc0000000-0xfebfffff window]
2024-05-21T19:05:12.6639817Z [    0.333984] pci_bus 0000:00: resource 8 [mem 0x140000000-0x1bfffffff window]
2024-05-21T19:05:12.6645446Z [    0.334676] pci 0000:00:01.0: PIIX3: Enabling Passive Release
2024-05-21T19:05:12.6650732Z [    0.335185] pci 0000:00:00.0: Limiting direct PCI/PCI transfers
2024-05-21T19:05:12.6654702Z [    0.335763] PCI: CLS 0 bytes, default 64
2024-05-21T19:05:12.6660960Z [    0.336136] PCI-DMA: Using software bounce buffering for IO (SWIOTLB)
2024-05-21T19:05:12.6668006Z [    0.336715] software IO TLB: mapped [mem 0x00000000bbfe0000-0x00000000bffe0000] (64MB)
2024-05-21T19:05:12.6678128Z [    0.337667] RAPL PMU: API unit is 2^-32 Joules, 0 fixed counters, 10737418240 ms ovfl timer
2024-05-21T19:05:12.6701148Z [    0.340117] Initialise system trusted keyrings
2024-05-21T19:05:12.6705872Z [    0.340634] workingset: timestamp_bits=40 max_order=20 bucket_order=0
2024-05-21T19:05:12.6713616Z [    0.341512] 9p: Installing v9fs 9p2000 file system support
2024-05-21T19:05:12.6813483Z [    0.351302] NET: Registered PF_ALG protocol family
2024-05-21T19:05:12.6815025Z [    0.351742] Key type asymmetric registered
2024-05-21T19:05:12.6819684Z [    0.352143] Asymmetric key parser 'x509' registered
2024-05-21T19:05:12.6826387Z [    0.352619] Block layer SCSI generic (bsg) driver version 0.4 loaded (major 250)
2024-05-21T19:05:12.6831217Z [    0.353351] io scheduler mq-deadline registered
2024-05-21T19:05:12.6834636Z [    0.353751] io scheduler kyber registered
2024-05-21T19:05:12.6844608Z [    0.354430] input: Power Button as /devices/LNXSYSTM:00/LNXPWRBN:00/input/input0
2024-05-21T19:05:12.6884393Z [    0.358473] ACPI: button: Power Button [PWRF]
2024-05-21T19:05:12.7215141Z [    0.391396] Callback from call_rcu_tasks() invoked.
2024-05-21T19:05:12.7434951Z [    0.413445] ACPI: \_SB_.LNKB: Enabled at IRQ 10
2024-05-21T19:05:12.7983832Z [    0.468275] ACPI: \_SB_.LNKC: Enabled at IRQ 11
2024-05-21T19:05:12.8531823Z [    0.523092] ACPI: \_SB_.LNKD: Enabled at IRQ 11
2024-05-21T19:05:12.9077539Z [    0.577685] ACPI: \_SB_.LNKA: Enabled at IRQ 10
2024-05-21T19:05:12.9302524Z [    0.599982] Serial: 8250/16550 driver, 4 ports, IRQ sharing enabled
2024-05-21T19:05:12.9310256Z [    0.600948] 00:04: ttyS0 at I/O 0x3f8 (irq = 4, base_baud = 115200) is a 16550A
2024-05-21T19:05:12.9614178Z [    0.631353] Linux agpgart interface v0.103
2024-05-21T19:05:12.9660571Z [    0.636127] brd: module loaded
2024-05-21T19:05:12.9693732Z [    0.639454] loop: module loaded
2024-05-21T19:05:12.9706996Z [    0.640695] tun: Universal TUN/TAP device driver, 1.6
2024-05-21T19:05:12.9714959Z [    0.641399] i8042: PNP: PS/2 Controller [PNP0303:KBD,PNP0f13:MOU] at 0x60,0x64 irq 1,12
2024-05-21T19:05:12.9725256Z [    0.642722] serio: i8042 KBD port at 0x60,0x64 irq 1
2024-05-21T19:05:12.9730000Z [    0.643187] serio: i8042 AUX port at 0x60,0x64 irq 12
2024-05-21T19:05:12.9746520Z [    0.644257] input: AT Translated Set 2 keyboard as /devices/platform/i8042/serio0/input/input1
2024-05-21T19:05:12.9749534Z [    0.645186] Registered IR keymap rc-empty
2024-05-21T19:05:12.9756751Z [    0.645700] rc rc0: rc-core loopback device as /devices/virtual/rc/rc0
2024-05-21T19:05:12.9767460Z [    0.646453] rc rc0: lirc_dev: driver rc-loopback registered at minor = 0, raw IR receiver, raw IR transmitter
2024-05-21T19:05:12.9774864Z [    0.647458] input: rc-core loopback device as /devices/virtual/rc/rc0/input2
2024-05-21T19:05:12.9781242Z [    0.648248] intel_powerclamp: CPU does not support MWAIT
2024-05-21T19:05:12.9785696Z [    0.648781] intel_pstate: CPU model not supported
2024-05-21T19:05:12.9806161Z [    0.650514] ipip: IPv4 and MPLS over IPv4 tunneling driver
2024-05-21T19:05:12.9811287Z [    0.651258] gre: GRE over IPv4 demultiplexor driver
2024-05-21T19:05:12.9815152Z [    0.651710] ip_gre: GRE over IPv4 tunneling driver
2024-05-21T19:05:12.9825401Z [    0.652786] Initializing XFRM netlink socket
2024-05-21T19:05:12.9828878Z [    0.653202] IPsec XFRM device driver
2024-05-21T19:05:12.9834025Z [    0.653592] NET: Registered PF_INET6 protocol family
2024-05-21T19:05:12.9842973Z [    0.654587] Segment Routing with IPv6
2024-05-21T19:05:12.9846787Z [    0.654947] In-situ OAM (IOAM) with IPv6
2024-05-21T19:05:12.9849616Z [    0.655338] mip6: Mobile IPv6
2024-05-21T19:05:12.9855148Z [    0.655620] sit: IPv6, IPv4 and MPLS over IPv4 tunneling driver
2024-05-21T19:05:12.9869256Z [    0.657005] ip6_gre: GRE over IPv6 tunneling driver
2024-05-21T19:05:12.9875038Z [    0.657673] NET: Registered PF_PACKET protocol family
2024-05-21T19:05:12.9879408Z [    0.658193] 8021q: 802.1Q VLAN Support v1.8
2024-05-21T19:05:12.9883925Z [    0.658629] 9pnet: Installing 9P2000 support
2024-05-21T19:05:12.9905138Z [    0.660613] Key type dns_resolver registered
2024-05-21T19:05:12.9909214Z [    0.661084] NET: Registered PF_VSOCK protocol family
2024-05-21T19:05:12.9912935Z [    0.661596] mpls_gso: MPLS GSO support
2024-05-21T19:05:12.9920569Z [    0.662304] IPI shorthand broadcast: enabled
2024-05-21T19:05:12.9960762Z [    0.665748] sched_clock: Marking stable (655835929, 9490053)->(688957832, -23631850)
2024-05-21T19:05:12.9969429Z [    0.666829] Timer migration: 1 hierarchy levels; 8 children per group; 1 crossnode level
2024-05-21T19:05:12.9974497Z [    0.667710] registered taskstats version 1
2024-05-21T19:05:13.0058160Z [    0.675697] Loading compiled-in X.509 certificates
2024-05-21T19:05:13.0076444Z [    0.677113] Loaded X.509 cert 'Build time autogenerated kernel key: 335efc01beb1bf742da164c0f5736ce9c9ae07f3'
2024-05-21T19:05:13.0147926Z [    0.684672] ima: No TPM chip found, activating TPM-bypass!
2024-05-21T19:05:13.0149558Z [    0.685166] ima: Allocated hash algorithm: sha1
2024-05-21T19:05:13.0153790Z [    0.685612] ima: No architecture policies found
2024-05-21T19:05:13.6029158Z [    1.272762] input: ImExPS/2 Generic Explorer Mouse as /devices/platform/i8042/serio1/input/input4
2024-05-21T19:05:13.6034553Z [    1.273743] 9pnet_virtio: no channels available for device
2024-05-21T19:05:13.6040561Z [    1.274115] 9pnet: Limiting 'msize' to 512000 as this is the maximum supported by transport virtio
2024-05-21T19:05:13.6054587Z [    1.275574] VFS: Mounted root (9p filesystem) on device 0:21.
2024-05-21T19:05:13.6059347Z [    1.276369] devtmpfs: mounted
2024-05-21T19:05:13.6091033Z [    1.279222] Freeing unused kernel image (initmem) memory: 2860K
2024-05-21T19:05:13.6093891Z [    1.279616] Write protecting the kernel read-only data: 26624k
2024-05-21T19:05:13.6102896Z [    1.280517] Freeing unused kernel image (rodata/data gap) memory: 996K
2024-05-21T19:05:13.6263931Z [    1.296537] Run /tmp/vmtest-init0LCpN.sh as init process
2024-05-21T19:05:13.6691651Z [    1.339363] vmtest: Mounting tmpfs at /dev/shm
2024-05-21T19:05:13.6815330Z [    1.351756] vmtest: Mounting tmpfs at /tmp
2024-05-21T19:05:13.6879991Z [    1.358196] vmtest: Mounting tmpfs at /run
2024-05-21T19:05:13.6977621Z [    1.368003] vmtest: Mounting sysfs at /sys
2024-05-21T19:05:13.7042403Z [    1.374393] vmtest: Mounting debugfs at /sys/kernel/debug
2024-05-21T19:05:13.7053341Z [    1.375570] tsc: Refined TSC clocksource calibration: 2999.981 MHz
2024-05-21T19:05:13.7059823Z [    1.375984] clocksource: tsc: mask: 0xffffffffffffffff max_cycles: 0x2b3e33590a2, max_idle_ns: 440795283507 ns
2024-05-21T19:05:13.7063864Z [    1.376670] clocksource: Switched to clocksource tsc
2024-05-21T19:05:13.7119284Z [    1.382094] vmtest: Mounting tracefs at /sys/kernel/debug/tracing
2024-05-21T19:05:13.7183437Z [    1.388453] vmtest: Mounting cgroup2 at /sys/fs/cgroup
2024-05-21T19:05:13.7245608Z [    1.394839] vmtest: Mounting tmpfs at /mnt
2024-05-21T19:05:13.7309303Z [    1.401159] vmtest: Symlink /dev/fd to /proc/self/fd
2024-05-21T19:05:13.7336507Z [    1.404014] vmtest: Init done
2024-05-21T19:05:13.7448066Z [    1.414893] vmtest: Located qemu-guest-agent virtio port: /dev/vport0p1
2024-05-21T19:05:13.7449622Z [    1.415379] vmtest: Spawning qemu-ga
2024-05-21T19:05:13.7596084Z ===> Setting up VM
2024-05-21T19:05:13.9703482Z [    1.640142] 9pnet: Limiting 'msize' to 512000 as this is the maximum supported by transport virtio
2024-05-21T19:05:14.1660379Z ===> Running command
2024-05-21T19:05:14.2547672Z ##[endgroup]
2024-05-21T19:05:14.2548538Z ##[group]kernel_config - Kconfig
2024-05-21T19:05:14.2614831Z #
2024-05-21T19:05:14.2615454Z # Automatically generated file; DO NOT EDIT.
2024-05-21T19:05:14.2615988Z # Linux/x86 6.9.0 Kernel Configuration
2024-05-21T19:05:14.2616380Z #
2024-05-21T19:05:14.2617159Z CONFIG_CC_VERSION_TEXT="Ubuntu clang version 17.0.6 (++20231208085846+6009708b4367-1~exp1~20231208085949.74)"
2024-05-21T19:05:14.2617977Z CONFIG_GCC_VERSION=0
2024-05-21T19:05:14.2618340Z CONFIG_CC_IS_CLANG=y
2024-05-21T19:05:14.2618642Z CONFIG_CLANG_VERSION=170006
2024-05-21T19:05:14.2618984Z CONFIG_AS_IS_LLVM=y
2024-05-21T19:05:14.2619284Z CONFIG_AS_VERSION=170006
2024-05-21T19:05:14.2619596Z CONFIG_LD_VERSION=0
2024-05-21T19:05:14.2619894Z CONFIG_LD_IS_LLD=y
2024-05-21T19:05:14.2620203Z CONFIG_LLD_VERSION=170006
2024-05-21T19:05:14.2620517Z CONFIG_CC_CAN_LINK=y
2024-05-21T19:05:14.2620830Z CONFIG_CC_CAN_LINK_STATIC=y
2024-05-21T19:05:14.2621281Z CONFIG_CC_HAS_ASM_GOTO_OUTPUT=y
2024-05-21T19:05:14.2621692Z CONFIG_CC_HAS_ASM_GOTO_TIED_OUTPUT=y
2024-05-21T19:05:14.2622086Z CONFIG_TOOLS_SUPPORT_RELR=y
2024-05-21T19:05:14.2622453Z CONFIG_CC_HAS_ASM_INLINE=y
2024-05-21T19:05:14.2622819Z CONFIG_CC_HAS_NO_PROFILE_FN_ATTR=y
2024-05-21T19:05:14.2623204Z CONFIG_PAHOLE_VERSION=126
2024-05-21T19:05:14.2623550Z CONFIG_IRQ_WORK=y
2024-05-21T19:05:14.2623872Z CONFIG_BUILDTIME_TABLE_SORT=y
2024-05-21T19:05:14.2624239Z CONFIG_THREAD_INFO_IN_TASK=y
2024-05-21T19:05:14.2624502Z 
2024-05-21T19:05:14.2624598Z #
2024-05-21T19:05:14.2624866Z # General setup
2024-05-21T19:05:14.2625146Z #
2024-05-21T19:05:14.2625434Z CONFIG_INIT_ENV_ARG_LIMIT=32
2024-05-21T19:05:14.2625841Z # CONFIG_COMPILE_TEST is not set
2024-05-21T19:05:14.2626223Z # CONFIG_WERROR is not set
2024-05-21T19:05:14.2626603Z CONFIG_LOCALVERSION=""
2024-05-21T19:05:14.2626956Z CONFIG_LOCALVERSION_AUTO=y
2024-05-21T19:05:14.2627294Z CONFIG_BUILD_SALT=""
2024-05-21T19:05:14.2627637Z CONFIG_HAVE_KERNEL_GZIP=y
2024-05-21T19:05:14.2628009Z CONFIG_HAVE_KERNEL_BZIP2=y
2024-05-21T19:05:14.2628351Z CONFIG_HAVE_KERNEL_LZMA=y
2024-05-21T19:05:14.2628710Z CONFIG_HAVE_KERNEL_XZ=y
2024-05-21T19:05:14.2629073Z CONFIG_HAVE_KERNEL_LZO=y
2024-05-21T19:05:14.2629410Z CONFIG_HAVE_KERNEL_LZ4=y
2024-05-21T19:05:14.2629775Z CONFIG_HAVE_KERNEL_ZSTD=y
2024-05-21T19:05:14.2630367Z CONFIG_KERNEL_GZIP=y
2024-05-21T19:05:14.2630710Z # CONFIG_KERNEL_BZIP2 is not set
2024-05-21T19:05:14.2631131Z # CONFIG_KERNEL_LZMA is not set
2024-05-21T19:05:14.2631536Z # CONFIG_KERNEL_XZ is not set
2024-05-21T19:05:14.2631908Z # CONFIG_KERNEL_LZO is not set
2024-05-21T19:05:14.2632305Z # CONFIG_KERNEL_LZ4 is not set
2024-05-21T19:05:14.2632701Z # CONFIG_KERNEL_ZSTD is not set
2024-05-21T19:05:14.2633073Z CONFIG_DEFAULT_INIT=""
2024-05-21T19:05:14.2633425Z CONFIG_DEFAULT_HOSTNAME="(none)"
2024-05-21T19:05:14.2633817Z CONFIG_SYSVIPC=y
2024-05-21T19:05:14.2634112Z CONFIG_SYSVIPC_SYSCTL=y
2024-05-21T19:05:14.2634460Z CONFIG_POSIX_MQUEUE=y
2024-05-21T19:05:14.2634805Z CONFIG_POSIX_MQUEUE_SYSCTL=y
2024-05-21T19:05:14.2635164Z # CONFIG_WATCH_QUEUE is not set
2024-05-21T19:05:14.2635568Z CONFIG_CROSS_MEMORY_ATTACH=y
2024-05-21T19:05:14.2636063Z # CONFIG_USELIB is not set
2024-05-21T19:05:14.2636399Z CONFIG_AUDIT=y
2024-05-21T19:05:14.2636732Z CONFIG_HAVE_ARCH_AUDITSYSCALL=y
2024-05-21T19:05:14.2637135Z CONFIG_AUDITSYSCALL=y
2024-05-21T19:05:14.2637341Z 
2024-05-21T19:05:14.2637437Z #
2024-05-21T19:05:14.2637712Z # IRQ subsystem
2024-05-21T19:05:14.2638004Z #
2024-05-21T19:05:14.2638256Z CONFIG_GENERIC_IRQ_PROBE=y
2024-05-21T19:05:14.2638631Z CONFIG_GENERIC_IRQ_SHOW=y
2024-05-21T19:05:14.2639019Z CONFIG_GENERIC_IRQ_EFFECTIVE_AFF_MASK=y
2024-05-21T19:05:14.2639439Z CONFIG_GENERIC_PENDING_IRQ=y
2024-05-21T19:05:14.2639829Z CONFIG_GENERIC_IRQ_MIGRATION=y
2024-05-21T19:05:14.2640217Z CONFIG_HARDIRQS_SW_RESEND=y
2024-05-21T19:05:14.2640558Z CONFIG_IRQ_DOMAIN=y
2024-05-21T19:05:14.2640892Z CONFIG_IRQ_DOMAIN_HIERARCHY=y
2024-05-21T19:05:14.2641271Z CONFIG_GENERIC_MSI_IRQ=y
2024-05-21T19:05:14.2641599Z CONFIG_IRQ_MSI_IOMMU=y
2024-05-21T19:05:14.2641964Z CONFIG_GENERIC_IRQ_MATRIX_ALLOCATOR=y
2024-05-21T19:05:14.2642404Z CONFIG_GENERIC_IRQ_RESERVATION_MODE=y
2024-05-21T19:05:14.2642812Z CONFIG_IRQ_FORCED_THREADING=y
2024-05-21T19:05:14.2643189Z CONFIG_SPARSE_IRQ=y
2024-05-21T19:05:14.2643532Z # CONFIG_GENERIC_IRQ_DEBUGFS is not set
2024-05-21T19:05:14.2643964Z # end of IRQ subsystem
2024-05-21T19:05:14.2644196Z 
2024-05-21T19:05:14.2644330Z CONFIG_CLOCKSOURCE_WATCHDOG=y
2024-05-21T19:05:14.2644726Z CONFIG_ARCH_CLOCKSOURCE_INIT=y
2024-05-21T19:05:14.2645122Z CONFIG_CLOCKSOURCE_VALIDATE_LAST_CYCLE=y
2024-05-21T19:05:14.2645572Z CONFIG_GENERIC_TIME_VSYSCALL=y
2024-05-21T19:05:14.2645965Z CONFIG_GENERIC_CLOCKEVENTS=y
2024-05-21T19:05:14.2646347Z CONFIG_GENERIC_CLOCKEVENTS_BROADCAST=y
2024-05-21T19:05:14.2646825Z CONFIG_GENERIC_CLOCKEVENTS_BROADCAST_IDLE=y
2024-05-21T19:05:14.2647312Z CONFIG_GENERIC_CLOCKEVENTS_MIN_ADJUST=y
2024-05-21T19:05:14.2647732Z CONFIG_GENERIC_CMOS_UPDATE=y
2024-05-21T19:05:14.2648145Z CONFIG_HAVE_POSIX_CPU_TIMERS_TASK_WORK=y
2024-05-21T19:05:14.2648617Z CONFIG_POSIX_CPU_TIMERS_TASK_WORK=y
2024-05-21T19:05:14.2649013Z CONFIG_CONTEXT_TRACKING=y
2024-05-21T19:05:14.2649399Z CONFIG_CONTEXT_TRACKING_IDLE=y
2024-05-21T19:05:14.2649653Z 
2024-05-21T19:05:14.2649780Z #
2024-05-21T19:05:14.2650032Z # Timers subsystem
2024-05-21T19:05:14.2650346Z #
2024-05-21T19:05:14.2650619Z CONFIG_TICK_ONESHOT=y
2024-05-21T19:05:14.2650934Z CONFIG_NO_HZ_COMMON=y
2024-05-21T19:05:14.2651285Z # CONFIG_HZ_PERIODIC is not set
2024-05-21T19:05:14.2651682Z CONFIG_NO_HZ_IDLE=y
2024-05-21T19:05:14.2651995Z # CONFIG_NO_HZ_FULL is not set
2024-05-21T19:05:14.2652372Z CONFIG_NO_HZ=y
2024-05-21T19:05:14.2652659Z CONFIG_HIGH_RES_TIMERS=y
2024-05-21T19:05:14.2653063Z CONFIG_CLOCKSOURCE_WATCHDOG_MAX_SKEW_US=125
2024-05-21T19:05:14.2653530Z # end of Timers subsystem
2024-05-21T19:05:14.2654486Z 
2024-05-21T19:05:14.2654593Z CONFIG_BPF=y
2024-05-21T19:05:14.2654892Z CONFIG_HAVE_EBPF_JIT=y
2024-05-21T19:05:14.2655233Z CONFIG_ARCH_WANT_DEFAULT_BPF_JIT=y
2024-05-21T19:05:14.2655529Z 
2024-05-21T19:05:14.2655627Z #
2024-05-21T19:05:14.2655893Z # BPF subsystem
2024-05-21T19:05:14.2656170Z #
2024-05-21T19:05:14.2656436Z CONFIG_BPF_SYSCALL=y
2024-05-21T19:05:14.2656744Z CONFIG_BPF_JIT=y
2024-05-21T19:05:14.2657073Z CONFIG_BPF_JIT_ALWAYS_ON=y
2024-05-21T19:05:14.2657550Z CONFIG_BPF_JIT_DEFAULT_ON=y
2024-05-21T19:05:14.2658019Z # CONFIG_BPF_UNPRIV_DEFAULT_OFF is not set
2024-05-21T19:05:14.2658475Z CONFIG_USERMODE_DRIVER=y
2024-05-21T19:05:14.2658834Z CONFIG_BPF_PRELOAD=y
2024-05-21T19:05:14.2659156Z CONFIG_BPF_PRELOAD_UMD=y
2024-05-21T19:05:14.2659509Z CONFIG_BPF_LSM=y
2024-05-21T19:05:14.2659835Z # end of BPF subsystem
2024-05-21T19:05:14.2660045Z 
2024-05-21T19:05:14.2660163Z CONFIG_PREEMPT_BUILD=y
2024-05-21T19:05:14.2660530Z # CONFIG_PREEMPT_NONE is not set
2024-05-21T19:05:14.2660955Z # CONFIG_PREEMPT_VOLUNTARY is not set
2024-05-21T19:05:14.2661351Z CONFIG_PREEMPT=y
2024-05-21T19:05:14.2661670Z CONFIG_PREEMPT_COUNT=y
2024-05-21T19:05:14.2662012Z CONFIG_PREEMPTION=y
2024-05-21T19:05:14.2662327Z CONFIG_PREEMPT_DYNAMIC=y
2024-05-21T19:05:14.2662697Z # CONFIG_SCHED_CORE is not set
2024-05-21T19:05:14.2663130Z 
2024-05-21T19:05:14.2663255Z #
2024-05-21T19:05:14.2663530Z # CPU/Task time and stats accounting
2024-05-21T19:05:14.2663941Z #
2024-05-21T19:05:14.2664230Z CONFIG_TICK_CPU_ACCOUNTING=y
2024-05-21T19:05:14.2664632Z # CONFIG_VIRT_CPU_ACCOUNTING_GEN is not set
2024-05-21T19:05:14.2665115Z # CONFIG_IRQ_TIME_ACCOUNTING is not set
2024-05-21T19:05:14.2665556Z CONFIG_BSD_PROCESS_ACCT=y
2024-05-21T19:05:14.2665922Z # CONFIG_BSD_PROCESS_ACCT_V3 is not set
2024-05-21T19:05:14.2666346Z CONFIG_TASKSTATS=y
2024-05-21T19:05:14.2666677Z CONFIG_TASK_DELAY_ACCT=y
2024-05-21T19:05:14.2667001Z CONFIG_TASK_XACCT=y
2024-05-21T19:05:14.2667335Z CONFIG_TASK_IO_ACCOUNTING=y
2024-05-21T19:05:14.2667702Z # CONFIG_PSI is not set
2024-05-21T19:05:14.2668076Z # end of CPU/Task time and stats accounting
2024-05-21T19:05:14.2668419Z 
2024-05-21T19:05:14.2668538Z CONFIG_CPU_ISOLATION=y
2024-05-21T19:05:14.2668750Z 
2024-05-21T19:05:14.2668866Z #
2024-05-21T19:05:14.2669111Z # RCU Subsystem
2024-05-21T19:05:14.2669409Z #
2024-05-21T19:05:14.2669672Z CONFIG_TREE_RCU=y
2024-05-21T19:05:14.2669973Z CONFIG_PREEMPT_RCU=y
2024-05-21T19:05:14.2670325Z # CONFIG_RCU_EXPERT is not set
2024-05-21T19:05:14.2670711Z CONFIG_TREE_SRCU=y
2024-05-21T19:05:14.2671014Z CONFIG_TASKS_RCU_GENERIC=y
2024-05-21T19:05:14.2671380Z CONFIG_NEED_TASKS_RCU=y
2024-05-21T19:05:14.2671731Z CONFIG_TASKS_RCU=y
2024-05-21T19:05:14.2672039Z CONFIG_TASKS_RUDE_RCU=y
2024-05-21T19:05:14.2672395Z CONFIG_TASKS_TRACE_RCU=y
2024-05-21T19:05:14.2672757Z CONFIG_RCU_STALL_COMMON=y
2024-05-21T19:05:14.2673104Z CONFIG_RCU_NEED_SEGCBLIST=y
2024-05-21T19:05:14.2673476Z # end of RCU Subsystem
2024-05-21T19:05:14.2673686Z 
2024-05-21T19:05:14.2673826Z CONFIG_IKCONFIG=y
2024-05-21T19:05:14.2674122Z CONFIG_IKCONFIG_PROC=y
2024-05-21T19:05:14.2674480Z # CONFIG_IKHEADERS is not set
2024-05-21T19:05:14.2674866Z CONFIG_LOG_BUF_SHIFT=21
2024-05-21T19:05:14.2675203Z CONFIG_LOG_CPU_MAX_BUF_SHIFT=0
2024-05-21T19:05:14.2675604Z # CONFIG_PRINTK_INDEX is not set
2024-05-21T19:05:14.2676028Z CONFIG_HAVE_UNSTABLE_SCHED_CLOCK=y
2024-05-21T19:05:14.2676298Z 
2024-05-21T19:05:14.2676397Z #
2024-05-21T19:05:14.2676671Z # Scheduler features
2024-05-21T19:05:14.2676984Z #
2024-05-21T19:05:14.2677243Z # CONFIG_UCLAMP_TASK is not set
2024-05-21T19:05:14.2677647Z # end of Scheduler features
2024-05-21T19:05:14.2677882Z 
2024-05-21T19:05:14.2678049Z CONFIG_ARCH_SUPPORTS_NUMA_BALANCING=y
2024-05-21T19:05:14.2678486Z CONFIG_ARCH_WANT_BATCHED_UNMAP_TLB_FLUSH=y
2024-05-21T19:05:14.2678931Z CONFIG_CC_HAS_INT128=y
2024-05-21T19:05:14.2679479Z CONFIG_CC_IMPLICIT_FALLTHROUGH="-Wimplicit-fallthrough"
2024-05-21T19:05:14.2679989Z CONFIG_GCC10_NO_ARRAY_BOUNDS=y
2024-05-21T19:05:14.2680393Z CONFIG_GCC_NO_STRINGOP_OVERFLOW=y
2024-05-21T19:05:14.2680808Z CONFIG_ARCH_SUPPORTS_INT128=y
2024-05-21T19:05:14.2681168Z CONFIG_NUMA_BALANCING=y
2024-05-21T19:05:14.2681549Z CONFIG_NUMA_BALANCING_DEFAULT_ENABLED=y
2024-05-21T19:05:14.2681975Z CONFIG_CGROUPS=y
2024-05-21T19:05:14.2682270Z CONFIG_PAGE_COUNTER=y
2024-05-21T19:05:14.2682651Z # CONFIG_CGROUP_FAVOR_DYNMODS is not set
2024-05-21T19:05:14.2683079Z CONFIG_MEMCG=y
2024-05-21T19:05:14.2683370Z CONFIG_MEMCG_KMEM=y
2024-05-21T19:05:14.2683806Z CONFIG_BLK_CGROUP=y
2024-05-21T19:05:14.2684148Z CONFIG_CGROUP_WRITEBACK=y
2024-05-21T19:05:14.2684487Z CONFIG_CGROUP_SCHED=y
2024-05-21T19:05:14.2684845Z CONFIG_FAIR_GROUP_SCHED=y
2024-05-21T19:05:14.2685211Z CONFIG_CFS_BANDWIDTH=y
2024-05-21T19:05:14.2685547Z # CONFIG_RT_GROUP_SCHED is not set
2024-05-21T19:05:14.2685957Z CONFIG_SCHED_MM_CID=y
2024-05-21T19:05:14.2686317Z # CONFIG_CGROUP_PIDS is not set
2024-05-21T19:05:14.2686706Z # CONFIG_CGROUP_RDMA is not set
2024-05-21T19:05:14.2687106Z CONFIG_CGROUP_FREEZER=y
2024-05-21T19:05:14.2687459Z CONFIG_CGROUP_HUGETLB=y
2024-05-21T19:05:14.2687783Z CONFIG_CPUSETS=y
2024-05-21T19:05:14.2688119Z CONFIG_PROC_PID_CPUSET=y
2024-05-21T19:05:14.2688480Z CONFIG_CGROUP_DEVICE=y
2024-05-21T19:05:14.2688804Z CONFIG_CGROUP_CPUACCT=y
2024-05-21T19:05:14.2689148Z CONFIG_CGROUP_PERF=y
2024-05-21T19:05:14.2689548Z CONFIG_CGROUP_BPF=y
2024-05-21T19:05:14.2689867Z # CONFIG_CGROUP_MISC is not set
2024-05-21T19:05:14.2690275Z # CONFIG_CGROUP_DEBUG is not set
2024-05-21T19:05:14.2691174Z CONFIG_SOCK_CGROUP_DATA=y
2024-05-21T19:05:14.2691575Z CONFIG_NAMESPACES=y
2024-05-21T19:05:14.2691896Z CONFIG_UTS_NS=y
2024-05-21T19:05:14.2692206Z CONFIG_TIME_NS=y
2024-05-21T19:05:14.2692500Z CONFIG_IPC_NS=y
2024-05-21T19:05:14.2692810Z CONFIG_USER_NS=y
2024-05-21T19:05:14.2693122Z CONFIG_PID_NS=y
2024-05-21T19:05:14.2693398Z CONFIG_NET_NS=y
2024-05-21T19:05:14.2693742Z # CONFIG_CHECKPOINT_RESTORE is not set
2024-05-21T19:05:14.2694170Z # CONFIG_SCHED_AUTOGROUP is not set
2024-05-21T19:05:14.2694574Z CONFIG_RELAY=y
2024-05-21T19:05:14.2694882Z CONFIG_BLK_DEV_INITRD=y
2024-05-21T19:05:14.2695218Z CONFIG_INITRAMFS_SOURCE=""
2024-05-21T19:05:14.2695576Z CONFIG_RD_GZIP=y
2024-05-21T19:05:14.2695896Z CONFIG_RD_BZIP2=y
2024-05-21T19:05:14.2696185Z CONFIG_RD_LZMA=y
2024-05-21T19:05:14.2696489Z CONFIG_RD_XZ=y
2024-05-21T19:05:14.2696790Z CONFIG_RD_LZO=y
2024-05-21T19:05:14.2697059Z CONFIG_RD_LZ4=y
2024-05-21T19:05:14.2697361Z CONFIG_RD_ZSTD=y
2024-05-21T19:05:14.2697727Z CONFIG_BOOT_CONFIG=y
2024-05-21T19:05:14.2698074Z # CONFIG_BOOT_CONFIG_FORCE is not set
2024-05-21T19:05:14.2698518Z # CONFIG_BOOT_CONFIG_EMBED is not set
2024-05-21T19:05:14.2698957Z CONFIG_INITRAMFS_PRESERVE_MTIME=y
2024-05-21T19:05:14.2699503Z CONFIG_CC_OPTIMIZE_FOR_PERFORMANCE=y
2024-05-21T19:05:14.2700166Z # CONFIG_CC_OPTIMIZE_FOR_SIZE is not set
2024-05-21T19:05:14.2700704Z CONFIG_LD_ORPHAN_WARN=y
2024-05-21T19:05:14.2701046Z CONFIG_LD_ORPHAN_WARN_LEVEL="warn"
2024-05-21T19:05:14.2701450Z CONFIG_SYSCTL=y
2024-05-21T19:05:14.2701778Z CONFIG_SYSCTL_EXCEPTION_TRACE=y
2024-05-21T19:05:14.2702161Z CONFIG_HAVE_PCSPKR_PLATFORM=y
2024-05-21T19:05:14.2702539Z CONFIG_EXPERT=y
2024-05-21T19:05:14.2702850Z CONFIG_MULTIUSER=y
2024-05-21T19:05:14.2703152Z CONFIG_SGETMASK_SYSCALL=y
2024-05-21T19:05:14.2703506Z CONFIG_SYSFS_SYSCALL=y
2024-05-21T19:05:14.2703841Z CONFIG_FHANDLE=y
2024-05-21T19:05:14.2704141Z CONFIG_POSIX_TIMERS=y
2024-05-21T19:05:14.2704480Z CONFIG_PRINTK=y
2024-05-21T19:05:14.2704790Z CONFIG_BUG=y
2024-05-21T19:05:14.2705066Z CONFIG_ELF_CORE=y
2024-05-21T19:05:14.2705394Z CONFIG_PCSPKR_PLATFORM=y
2024-05-21T19:05:14.2705760Z # CONFIG_BASE_SMALL is not set
2024-05-21T19:05:14.2706107Z CONFIG_FUTEX=y
2024-05-21T19:05:14.2706407Z CONFIG_FUTEX_PI=y
2024-05-21T19:05:14.2706725Z CONFIG_EPOLL=y
2024-05-21T19:05:14.2707005Z CONFIG_SIGNALFD=y
2024-05-21T19:05:14.2707317Z CONFIG_TIMERFD=y
2024-05-21T19:05:14.2707621Z CONFIG_EVENTFD=y
2024-05-21T19:05:14.2707901Z CONFIG_SHMEM=y
2024-05-21T19:05:14.2708197Z CONFIG_AIO=y
2024-05-21T19:05:14.2708468Z CONFIG_IO_URING=y
2024-05-21T19:05:14.2708790Z CONFIG_ADVISE_SYSCALLS=y
2024-05-21T19:05:14.2709185Z CONFIG_MEMBARRIER=y
2024-05-21T19:05:14.2709492Z # CONFIG_KCMP is not set
2024-05-21T19:05:14.2710034Z CONFIG_RSEQ=y
2024-05-21T19:05:14.2710417Z # CONFIG_DEBUG_RSEQ is not set
2024-05-21T19:05:14.2710816Z CONFIG_CACHESTAT_SYSCALL=y
2024-05-21T19:05:14.2711327Z # CONFIG_PC104 is not set
2024-05-21T19:05:14.2711757Z CONFIG_KALLSYMS=y
2024-05-21T19:05:14.2712111Z # CONFIG_KALLSYMS_SELFTEST is not set
2024-05-21T19:05:14.2712758Z CONFIG_KALLSYMS_ALL=y
2024-05-21T19:05:14.2713175Z CONFIG_KALLSYMS_ABSOLUTE_PERCPU=y
2024-05-21T19:05:14.2713633Z CONFIG_KALLSYMS_BASE_RELATIVE=y
2024-05-21T19:05:14.2714106Z CONFIG_ARCH_HAS_MEMBARRIER_SYNC_CORE=y
2024-05-21T19:05:14.2714600Z CONFIG_HAVE_PERF_EVENTS=y
2024-05-21T19:05:14.2714874Z 
2024-05-21T19:05:14.2714986Z #
2024-05-21T19:05:14.2715345Z # Kernel Performance Events And Counters
2024-05-21T19:05:14.2715851Z #
2024-05-21T19:05:14.2716129Z CONFIG_PERF_EVENTS=y
2024-05-21T19:05:14.2716552Z # CONFIG_DEBUG_PERF_USE_VMALLOC is not set
2024-05-21T19:05:14.2717144Z # end of Kernel Performance Events And Counters
2024-05-21T19:05:14.2717502Z 
2024-05-21T19:05:14.2717696Z CONFIG_SYSTEM_DATA_VERIFICATION=y
2024-05-21T19:05:14.2718108Z CONFIG_PROFILING=y
2024-05-21T19:05:14.2718517Z CONFIG_TRACEPOINTS=y
2024-05-21T19:05:14.2718844Z 
2024-05-21T19:05:14.2718995Z #
2024-05-21T19:05:14.2719286Z # Kexec and crash features
2024-05-21T19:05:14.2719708Z #
2024-05-21T19:05:14.2719989Z CONFIG_CRASH_RESERVE=y
2024-05-21T19:05:14.2720411Z CONFIG_VMCORE_INFO=y
2024-05-21T19:05:14.2720792Z CONFIG_KEXEC_CORE=y
2024-05-21T19:05:14.2721125Z CONFIG_KEXEC=y
2024-05-21T19:05:14.2721639Z # CONFIG_KEXEC_FILE is not set
2024-05-21T19:05:14.2722070Z CONFIG_CRASH_DUMP=y
2024-05-21T19:05:14.2722410Z CONFIG_CRASH_HOTPLUG=y
2024-05-21T19:05:14.2722853Z CONFIG_CRASH_MAX_MEMORY_RANGES=8192
2024-05-21T19:05:14.2723347Z # end of Kexec and crash features
2024-05-21T19:05:14.2723761Z # end of General setup
2024-05-21T19:05:14.2724072Z 
2024-05-21T19:05:14.2724197Z CONFIG_64BIT=y
2024-05-21T19:05:14.2724545Z CONFIG_X86_64=y
2024-05-21T19:05:14.2724889Z CONFIG_X86=y
2024-05-21T19:05:14.2725256Z CONFIG_INSTRUCTION_DECODER=y
2024-05-21T19:05:14.2809310Z CONFIG_OUTPUT_FORMAT="elf64-x86-64"
2024-05-21T19:05:14.2809746Z CONFIG_LOCKDEP_SUPPORT=y
2024-05-21T19:05:14.2810082Z CONFIG_STACKTRACE_SUPPORT=y
2024-05-21T19:05:14.2810399Z CONFIG_MMU=y
2024-05-21T19:05:14.2810692Z CONFIG_ARCH_MMAP_RND_BITS_MIN=28
2024-05-21T19:05:14.2811060Z CONFIG_ARCH_MMAP_RND_BITS_MAX=32
2024-05-21T19:05:14.2811498Z CONFIG_ARCH_MMAP_RND_COMPAT_BITS_MIN=8
2024-05-21T19:05:14.2811921Z CONFIG_ARCH_MMAP_RND_COMPAT_BITS_MAX=16
2024-05-21T19:05:14.2812310Z CONFIG_GENERIC_ISA_DMA=y
2024-05-21T19:05:14.2812614Z CONFIG_GENERIC_BUG=y
2024-05-21T19:05:14.2812950Z CONFIG_GENERIC_BUG_RELATIVE_POINTERS=y
2024-05-21T19:05:14.2813364Z CONFIG_ARCH_MAY_HAVE_PC_FDC=y
2024-05-21T19:05:14.2813760Z CONFIG_GENERIC_CALIBRATE_DELAY=y
2024-05-21T19:05:14.2814160Z CONFIG_ARCH_HAS_CPU_RELAX=y
2024-05-21T19:05:14.2814517Z CONFIG_ARCH_HIBERNATION_POSSIBLE=y
2024-05-21T19:05:14.2814940Z CONFIG_ARCH_SUSPEND_POSSIBLE=y
2024-05-21T19:05:14.2815323Z CONFIG_AUDIT_ARCH=y
2024-05-21T19:05:14.2815622Z CONFIG_X86_64_SMP=y
2024-05-21T19:05:14.2815949Z CONFIG_ARCH_SUPPORTS_UPROBES=y
2024-05-21T19:05:14.2816322Z CONFIG_FIX_EARLYCON_MEM=y
2024-05-21T19:05:14.2816660Z CONFIG_PGTABLE_LEVELS=5
2024-05-21T19:05:14.2817026Z CONFIG_CC_HAS_SANE_STACKPROTECTOR=y
2024-05-21T19:05:14.2817310Z 
2024-05-21T19:05:14.2817423Z #
2024-05-21T19:05:14.2817747Z # Processor type and features
2024-05-21T19:05:14.2818107Z #
2024-05-21T19:05:14.2818358Z CONFIG_SMP=y
2024-05-21T19:05:14.2818631Z CONFIG_X86_MPPARSE=y
2024-05-21T19:05:14.2818981Z # CONFIG_X86_CPU_RESCTRL is not set
2024-05-21T19:05:14.2819397Z # CONFIG_X86_FRED is not set
2024-05-21T19:05:14.2819755Z CONFIG_X86_EXTENDED_PLATFORM=y
2024-05-21T19:05:14.2820140Z # CONFIG_X86_VSMP is not set
2024-05-21T19:05:14.2820517Z # CONFIG_X86_GOLDFISH is not set
2024-05-21T19:05:14.2820902Z # CONFIG_X86_INTEL_MID is not set
2024-05-21T19:05:14.2821309Z # CONFIG_X86_INTEL_LPSS is not set
2024-05-21T19:05:14.2821745Z # CONFIG_X86_AMD_PLATFORM_DEVICE is not set
2024-05-21T19:05:14.2822175Z # CONFIG_IOSF_MBI is not set
2024-05-21T19:05:14.2822562Z CONFIG_X86_SUPPORTS_MEMORY_FAILURE=y
2024-05-21T19:05:14.2823001Z CONFIG_SCHED_OMIT_FRAME_POINTER=y
2024-05-21T19:05:14.2823400Z # CONFIG_HYPERVISOR_GUEST is not set
2024-05-21T19:05:14.2823817Z # CONFIG_MK8 is not set
2024-05-21T19:05:14.2824328Z # CONFIG_MPSC is not set
2024-05-21T19:05:14.2824662Z CONFIG_MCORE2=y
2024-05-21T19:05:14.2824987Z # CONFIG_MATOM is not set
2024-05-21T19:05:14.2825361Z # CONFIG_GENERIC_CPU is not set
2024-05-21T19:05:14.2825742Z CONFIG_X86_INTERNODE_CACHE_SHIFT=6
2024-05-21T19:05:14.2826147Z CONFIG_X86_L1_CACHE_SHIFT=6
2024-05-21T19:05:14.2826507Z CONFIG_X86_INTEL_USERCOPY=y
2024-05-21T19:05:14.2826848Z CONFIG_X86_USE_PPRO_CHECKSUM=y
2024-05-21T19:05:14.2827209Z CONFIG_X86_P6_NOP=y
2024-05-21T19:05:14.2827518Z CONFIG_X86_TSC=y
2024-05-21T19:05:14.2827808Z CONFIG_X86_HAVE_PAE=y
2024-05-21T19:05:14.2828133Z CONFIG_X86_CMPXCHG64=y
2024-05-21T19:05:14.2828440Z CONFIG_X86_CMOV=y
2024-05-21T19:05:14.2828767Z CONFIG_X86_MINIMUM_CPU_FAMILY=64
2024-05-21T19:05:14.2829151Z CONFIG_X86_DEBUGCTLMSR=y
2024-05-21T19:05:14.2829478Z CONFIG_IA32_FEAT_CTL=y
2024-05-21T19:05:14.2829911Z CONFIG_X86_VMX_FEATURE_NAMES=y
2024-05-21T19:05:14.2830311Z # CONFIG_PROCESSOR_SELECT is not set
2024-05-21T19:05:14.2830709Z CONFIG_CPU_SUP_INTEL=y
2024-05-21T19:05:14.2831040Z CONFIG_CPU_SUP_AMD=y
2024-05-21T19:05:14.2831366Z CONFIG_CPU_SUP_HYGON=y
2024-05-21T19:05:14.2831686Z CONFIG_CPU_SUP_CENTAUR=y
2024-05-21T19:05:14.2832032Z CONFIG_CPU_SUP_ZHAOXIN=y
2024-05-21T19:05:14.2832368Z CONFIG_HPET_TIMER=y
2024-05-21T19:05:14.2832655Z CONFIG_DMI=y
2024-05-21T19:05:14.2832942Z CONFIG_GART_IOMMU=y
2024-05-21T19:05:14.2833271Z CONFIG_BOOT_VESA_SUPPORT=y
2024-05-21T19:05:14.2833614Z # CONFIG_MAXSMP is not set
2024-05-21T19:05:14.2833978Z CONFIG_NR_CPUS_RANGE_BEGIN=2
2024-05-21T19:05:14.2834356Z CONFIG_NR_CPUS_RANGE_END=512
2024-05-21T19:05:14.2834701Z CONFIG_NR_CPUS_DEFAULT=64
2024-05-21T19:05:14.2835048Z CONFIG_NR_CPUS=128
2024-05-21T19:05:14.2835370Z CONFIG_SCHED_CLUSTER=y
2024-05-21T19:05:14.2835678Z CONFIG_SCHED_SMT=y
2024-05-21T19:05:14.2835985Z CONFIG_SCHED_MC=y
2024-05-21T19:05:14.2836303Z CONFIG_SCHED_MC_PRIO=y
2024-05-21T19:05:14.2836613Z CONFIG_X86_LOCAL_APIC=y
2024-05-21T19:05:14.2836948Z CONFIG_X86_IO_APIC=y
2024-05-21T19:05:14.2837347Z # CONFIG_X86_REROUTE_FOR_BROKEN_BOOT_IRQS is not set
2024-05-21T19:05:14.2837797Z CONFIG_X86_MCE=y
2024-05-21T19:05:14.2838117Z # CONFIG_X86_MCELOG_LEGACY is not set
2024-05-21T19:05:14.2838516Z CONFIG_X86_MCE_INTEL=y
2024-05-21T19:05:14.2838819Z CONFIG_X86_MCE_AMD=y
2024-05-21T19:05:14.2839140Z CONFIG_X86_MCE_THRESHOLD=y
2024-05-21T19:05:14.2839510Z # CONFIG_X86_MCE_INJECT is not set
2024-05-21T19:05:14.2839776Z 
2024-05-21T19:05:14.2839869Z #
2024-05-21T19:05:14.2840142Z # Performance monitoring
2024-05-21T19:05:14.2840473Z #
2024-05-21T19:05:14.2840709Z CONFIG_PERF_EVENTS_INTEL_UNCORE=y
2024-05-21T19:05:14.2841109Z CONFIG_PERF_EVENTS_INTEL_RAPL=y
2024-05-21T19:05:14.2841470Z CONFIG_PERF_EVENTS_INTEL_CSTATE=y
2024-05-21T19:05:14.2841875Z # CONFIG_PERF_EVENTS_AMD_POWER is not set
2024-05-21T19:05:14.2842303Z CONFIG_PERF_EVENTS_AMD_UNCORE=y
2024-05-21T19:05:14.2842713Z # CONFIG_PERF_EVENTS_AMD_BRS is not set
2024-05-21T19:05:14.2843133Z # end of Performance monitoring
2024-05-21T19:05:14.2843410Z 
2024-05-21T19:05:14.2843520Z CONFIG_X86_16BIT=y
2024-05-21T19:05:14.2843835Z CONFIG_X86_ESPFIX64=y
2024-05-21T19:05:14.2844160Z CONFIG_X86_VSYSCALL_EMULATION=y
2024-05-21T19:05:14.2844551Z CONFIG_X86_IOPL_IOPERM=y
2024-05-21T19:05:14.2844900Z CONFIG_MICROCODE=y
2024-05-21T19:05:14.2845232Z # CONFIG_MICROCODE_LATE_LOADING is not set
2024-05-21T19:05:14.2845673Z CONFIG_X86_MSR=y
2024-05-21T19:05:14.2845979Z CONFIG_X86_CPUID=y
2024-05-21T19:05:14.2846268Z CONFIG_X86_5LEVEL=y
2024-05-21T19:05:14.2846597Z CONFIG_X86_DIRECT_GBPAGES=y
2024-05-21T19:05:14.2846990Z # CONFIG_X86_CPA_STATISTICS is not set
2024-05-21T19:05:14.2847403Z # CONFIG_AMD_MEM_ENCRYPT is not set
2024-05-21T19:05:14.2847797Z CONFIG_NUMA=y
2024-05-21T19:05:14.2848091Z CONFIG_AMD_NUMA=y
2024-05-21T19:05:14.2848388Z CONFIG_X86_64_ACPI_NUMA=y
2024-05-21T19:05:14.2848751Z # CONFIG_NUMA_EMU is not set
2024-05-21T19:05:14.2849122Z CONFIG_NODES_SHIFT=6
2024-05-21T19:05:14.2849452Z CONFIG_ARCH_SPARSEMEM_ENABLE=y
2024-05-21T19:05:14.2849981Z CONFIG_ARCH_SPARSEMEM_DEFAULT=y
2024-05-21T19:05:14.2850385Z CONFIG_ARCH_PROC_KCORE_TEXT=y
2024-05-21T19:05:14.2850803Z CONFIG_ILLEGAL_POINTER_VALUE=0xdead000000000000
2024-05-21T19:05:14.2851285Z # CONFIG_X86_PMEM_LEGACY is not set
2024-05-21T19:05:14.2851745Z # CONFIG_X86_CHECK_BIOS_CORRUPTION is not set
2024-05-21T19:05:14.2852170Z CONFIG_MTRR=y
2024-05-21T19:05:14.2852467Z CONFIG_MTRR_SANITIZER=y
2024-05-21T19:05:14.2852833Z CONFIG_MTRR_SANITIZER_ENABLE_DEFAULT=0
2024-05-21T19:05:14.2853275Z CONFIG_MTRR_SANITIZER_SPARE_REG_NR_DEFAULT=1
2024-05-21T19:05:14.2853717Z CONFIG_X86_PAT=y
2024-05-21T19:05:14.2854038Z CONFIG_ARCH_USES_PG_UNCACHED=y
2024-05-21T19:05:14.2854382Z CONFIG_X86_UMIP=y
2024-05-21T19:05:14.2854691Z CONFIG_CC_HAS_IBT=y
2024-05-21T19:05:14.2854981Z CONFIG_X86_CET=y
2024-05-21T19:05:14.2855290Z CONFIG_X86_KERNEL_IBT=y
2024-05-21T19:05:14.2855664Z CONFIG_X86_INTEL_MEMORY_PROTECTION_KEYS=y
2024-05-21T19:05:14.2856158Z CONFIG_X86_INTEL_TSX_MODE_OFF=y
2024-05-21T19:05:14.2856578Z # CONFIG_X86_INTEL_TSX_MODE_ON is not set
2024-05-21T19:05:14.2857058Z # CONFIG_X86_INTEL_TSX_MODE_AUTO is not set
2024-05-21T19:05:14.2857508Z # CONFIG_X86_USER_SHADOW_STACK is not set
2024-05-21T19:05:14.2857979Z CONFIG_EFI=y
2024-05-21T19:05:14.2858277Z CONFIG_EFI_STUB=y
2024-05-21T19:05:14.2858586Z CONFIG_EFI_HANDOVER_PROTOCOL=y
2024-05-21T19:05:14.2858976Z # CONFIG_EFI_MIXED is not set
2024-05-21T19:05:14.2859373Z # CONFIG_EFI_FAKE_MEMMAP is not set
2024-05-21T19:05:14.2859765Z CONFIG_EFI_RUNTIME_MAP=y
2024-05-21T19:05:14.2860121Z # CONFIG_HZ_100 is not set
2024-05-21T19:05:14.2860483Z # CONFIG_HZ_250 is not set
2024-05-21T19:05:14.2860820Z # CONFIG_HZ_300 is not set
2024-05-21T19:05:14.2861158Z CONFIG_HZ_1000=y
2024-05-21T19:05:14.2861460Z CONFIG_HZ=1000
2024-05-21T19:05:14.2861740Z CONFIG_SCHED_HRTICK=y
2024-05-21T19:05:14.2862089Z CONFIG_ARCH_SUPPORTS_KEXEC=y
2024-05-21T19:05:14.2862478Z CONFIG_ARCH_SUPPORTS_KEXEC_FILE=y
2024-05-21T19:05:14.2862878Z CONFIG_ARCH_SUPPORTS_KEXEC_PURGATORY=y
2024-05-21T19:05:14.2863318Z CONFIG_ARCH_SUPPORTS_KEXEC_SIG=y
2024-05-21T19:05:14.2863734Z CONFIG_ARCH_SUPPORTS_KEXEC_SIG_FORCE=y
2024-05-21T19:05:14.2864197Z CONFIG_ARCH_SUPPORTS_KEXEC_BZIMAGE_VERIFY_SIG=y
2024-05-21T19:05:14.2864674Z CONFIG_ARCH_SUPPORTS_KEXEC_JUMP=y
2024-05-21T19:05:14.2865090Z CONFIG_ARCH_SUPPORTS_CRASH_DUMP=y
2024-05-21T19:05:14.2865476Z CONFIG_ARCH_SUPPORTS_CRASH_HOTPLUG=y
2024-05-21T19:05:14.2865963Z CONFIG_ARCH_HAS_GENERIC_CRASHKERNEL_RESERVATION=y
2024-05-21T19:05:14.2866442Z CONFIG_PHYSICAL_START=0x1000000
2024-05-21T19:05:14.2866793Z CONFIG_RELOCATABLE=y
2024-05-21T19:05:14.2867108Z CONFIG_RANDOMIZE_BASE=y
2024-05-21T19:05:14.2867430Z CONFIG_X86_NEED_RELOCS=y
2024-05-21T19:05:14.2867747Z CONFIG_PHYSICAL_ALIGN=0x1000000
2024-05-21T19:05:14.2868121Z CONFIG_DYNAMIC_MEMORY_LAYOUT=y
2024-05-21T19:05:14.2868484Z CONFIG_RANDOMIZE_MEMORY=y
2024-05-21T19:05:14.2868853Z CONFIG_RANDOMIZE_MEMORY_PHYSICAL_PADDING=0x0
2024-05-21T19:05:14.2869304Z # CONFIG_ADDRESS_MASKING is not set
2024-05-21T19:05:14.2869686Z CONFIG_HOTPLUG_CPU=y
2024-05-21T19:05:14.2870019Z # CONFIG_LEGACY_VSYSCALL_XONLY is not set
2024-05-21T19:05:14.2870435Z CONFIG_LEGACY_VSYSCALL_NONE=y
2024-05-21T19:05:14.2870804Z # CONFIG_CMDLINE_BOOL is not set
2024-05-21T19:05:14.2871164Z CONFIG_MODIFY_LDT_SYSCALL=y
2024-05-21T19:05:14.2871543Z # CONFIG_STRICT_SIGALTSTACK_SIZE is not set
2024-05-21T19:05:14.2871967Z CONFIG_HAVE_LIVEPATCH=y
2024-05-21T19:05:14.2872284Z # CONFIG_LIVEPATCH is not set
2024-05-21T19:05:14.2872664Z # end of Processor type and features
2024-05-21T19:05:14.2872943Z 
2024-05-21T19:05:14.2873060Z CONFIG_CC_HAS_SLS=y
2024-05-21T19:05:14.2873349Z CONFIG_CC_HAS_RETURN_THUNK=y
2024-05-21T19:05:14.2873700Z CONFIG_CC_HAS_ENTRY_PADDING=y
2024-05-21T19:05:14.2874061Z CONFIG_FUNCTION_PADDING_CFI=11
2024-05-21T19:05:14.2874420Z CONFIG_FUNCTION_PADDING_BYTES=16
2024-05-21T19:05:14.2874785Z CONFIG_CALL_PADDING=y
2024-05-21T19:05:14.2875104Z CONFIG_HAVE_CALL_THUNKS=y
2024-05-21T19:05:14.2875417Z CONFIG_CALL_THUNKS=y
2024-05-21T19:05:14.2875727Z CONFIG_PREFIX_SYMBOLS=y
2024-05-21T19:05:14.2876155Z CONFIG_CPU_MITIGATIONS=y
2024-05-21T19:05:14.2876511Z CONFIG_MITIGATION_PAGE_TABLE_ISOLATION=y
2024-05-21T19:05:14.2876936Z CONFIG_MITIGATION_RETPOLINE=y
2024-05-21T19:05:14.2877299Z CONFIG_MITIGATION_RETHUNK=y
2024-05-21T19:05:14.2877642Z CONFIG_MITIGATION_UNRET_ENTRY=y
2024-05-21T19:05:14.2878036Z CONFIG_MITIGATION_CALL_DEPTH_TRACKING=y
2024-05-21T19:05:14.2878465Z # CONFIG_CALL_THUNKS_DEBUG is not set
2024-05-21T19:05:14.2878853Z CONFIG_MITIGATION_IBPB_ENTRY=y
2024-05-21T19:05:14.2879218Z CONFIG_MITIGATION_IBRS_ENTRY=y
2024-05-21T19:05:14.2879574Z CONFIG_MITIGATION_SRSO=y
2024-05-21T19:05:14.2879904Z # CONFIG_MITIGATION_SLS is not set
2024-05-21T19:05:14.2880312Z # CONFIG_MITIGATION_GDS_FORCE is not set
2024-05-21T19:05:14.2880721Z CONFIG_MITIGATION_RFDS=y
2024-05-21T19:05:14.2881053Z CONFIG_MITIGATION_SPECTRE_BHI=y
2024-05-21T19:05:14.2881499Z CONFIG_ARCH_HAS_ADD_PAGES=y
2024-05-21T19:05:14.2881719Z 
2024-05-21T19:05:14.2881820Z #
2024-05-21T19:05:14.2882073Z # Power management and ACPI options
2024-05-21T19:05:14.2882447Z #
2024-05-21T19:05:14.2882682Z CONFIG_SUSPEND=y
2024-05-21T19:05:14.2882966Z CONFIG_SUSPEND_FREEZER=y
2024-05-21T19:05:14.2883316Z # CONFIG_SUSPEND_SKIP_SYNC is not set
2024-05-21T19:05:14.2883722Z # CONFIG_HIBERNATION is not set
2024-05-21T19:05:14.2884071Z CONFIG_PM_SLEEP=y
2024-05-21T19:05:14.2884363Z CONFIG_PM_SLEEP_SMP=y
2024-05-21T19:05:14.2884690Z # CONFIG_PM_AUTOSLEEP is not set
2024-05-21T19:05:14.2885084Z # CONFIG_PM_USERSPACE_AUTOSLEEP is not set
2024-05-21T19:05:14.2885515Z # CONFIG_PM_WAKELOCKS is not set
2024-05-21T19:05:14.2885869Z CONFIG_PM=y
2024-05-21T19:05:14.2886131Z # CONFIG_PM_DEBUG is not set
2024-05-21T19:05:14.2886529Z # CONFIG_WQ_POWER_EFFICIENT_DEFAULT is not set
2024-05-21T19:05:14.2886973Z # CONFIG_ENERGY_MODEL is not set
2024-05-21T19:05:14.2887334Z CONFIG_ARCH_SUPPORTS_ACPI=y
2024-05-21T19:05:14.2887673Z CONFIG_ACPI=y
2024-05-21T19:05:14.2887972Z CONFIG_ACPI_LEGACY_TABLES_LOOKUP=y
2024-05-21T19:05:14.2888352Z CONFIG_ARCH_MIGHT_HAVE_ACPI_PDC=y
2024-05-21T19:05:14.2888765Z CONFIG_ACPI_SYSTEM_POWER_STATES_SUPPORT=y
2024-05-21T19:05:14.2889181Z CONFIG_ACPI_THERMAL_LIB=y
2024-05-21T19:05:14.2889511Z # CONFIG_ACPI_DEBUGGER is not set
2024-05-21T19:05:14.2889882Z CONFIG_ACPI_SPCR_TABLE=y
2024-05-21T19:05:14.2890222Z # CONFIG_ACPI_FPDT is not set
2024-05-21T19:05:14.2890556Z CONFIG_ACPI_LPIT=y
2024-05-21T19:05:14.2890846Z CONFIG_ACPI_SLEEP=y
2024-05-21T19:05:14.2891165Z CONFIG_ACPI_REV_OVERRIDE_POSSIBLE=y
2024-05-21T19:05:14.2891552Z # CONFIG_ACPI_EC_DEBUGFS is not set
2024-05-21T19:05:14.2891926Z CONFIG_ACPI_AC=y
2024-05-21T19:05:14.2892215Z CONFIG_ACPI_BATTERY=y
2024-05-21T19:05:14.2892510Z CONFIG_ACPI_BUTTON=y
2024-05-21T19:05:14.2892811Z CONFIG_ACPI_FAN=y
2024-05-21T19:05:14.2893113Z # CONFIG_ACPI_TAD is not set
2024-05-21T19:05:14.2893451Z # CONFIG_ACPI_DOCK is not set
2024-05-21T19:05:14.2893808Z CONFIG_ACPI_CPU_FREQ_PSS=y
2024-05-21T19:05:14.2894160Z CONFIG_ACPI_PROCESSOR_CSTATE=y
2024-05-21T19:05:14.2894513Z CONFIG_ACPI_PROCESSOR_IDLE=y
2024-05-21T19:05:14.2894863Z CONFIG_ACPI_CPPC_LIB=y
2024-05-21T19:05:14.2895180Z CONFIG_ACPI_PROCESSOR=y
2024-05-21T19:05:14.2895496Z CONFIG_ACPI_HOTPLUG_CPU=y
2024-05-21T19:05:14.2895879Z # CONFIG_ACPI_PROCESSOR_AGGREGATOR is not set
2024-05-21T19:05:14.2896304Z CONFIG_ACPI_THERMAL=y
2024-05-21T19:05:14.2896620Z CONFIG_ARCH_HAS_ACPI_TABLE_UPGRADE=y
2024-05-21T19:05:14.2897014Z CONFIG_ACPI_TABLE_UPGRADE=y
2024-05-21T19:05:14.2897365Z # CONFIG_ACPI_DEBUG is not set
2024-05-21T19:05:14.2897762Z # CONFIG_ACPI_PCI_SLOT is not set
2024-05-21T19:05:14.2898142Z CONFIG_ACPI_CONTAINER=y
2024-05-21T19:05:14.2898480Z CONFIG_ACPI_HOTPLUG_IOAPIC=y
2024-05-21T19:05:14.2898838Z # CONFIG_ACPI_SBS is not set
2024-05-21T19:05:14.2899189Z # CONFIG_ACPI_HED is not set
2024-05-21T19:05:14.2899528Z # CONFIG_ACPI_BGRT is not set
2024-05-21T19:05:14.2899932Z # CONFIG_ACPI_REDUCED_HARDWARE_ONLY is not set
2024-05-21T19:05:14.2900376Z # CONFIG_ACPI_NFIT is not set
2024-05-21T19:05:14.2900709Z CONFIG_ACPI_NUMA=y
2024-05-21T19:05:14.2901109Z # CONFIG_ACPI_HMAT is not set
2024-05-21T19:05:14.2901464Z CONFIG_HAVE_ACPI_APEI=y
2024-05-21T19:05:14.2901781Z CONFIG_HAVE_ACPI_APEI_NMI=y
2024-05-21T19:05:14.2902133Z # CONFIG_ACPI_APEI is not set
2024-05-21T19:05:14.2902492Z # CONFIG_ACPI_DPTF is not set
2024-05-21T19:05:14.2902844Z # CONFIG_ACPI_CONFIGFS is not set
2024-05-21T19:05:14.2903231Z # CONFIG_ACPI_PFRUT is not set
2024-05-21T19:05:14.2903582Z CONFIG_ACPI_PCC=y
2024-05-21T19:05:14.2903868Z # CONFIG_ACPI_FFH is not set
2024-05-21T19:05:14.2904231Z # CONFIG_PMIC_OPREGION is not set
2024-05-21T19:05:14.2904598Z CONFIG_ACPI_PRMT=y
2024-05-21T19:05:14.2904875Z CONFIG_X86_PM_TIMER=y
2024-05-21T19:05:14.2905078Z 
2024-05-21T19:05:14.2905166Z #
2024-05-21T19:05:14.2905410Z # CPU Frequency scaling
2024-05-21T19:05:14.2905697Z #
2024-05-21T19:05:14.2905928Z CONFIG_CPU_FREQ=y
2024-05-21T19:05:14.2906298Z CONFIG_CPU_FREQ_GOV_ATTR_SET=y
2024-05-21T19:05:14.2906645Z CONFIG_CPU_FREQ_GOV_COMMON=y
2024-05-21T19:05:14.2906998Z CONFIG_CPU_FREQ_STAT=y
2024-05-21T19:05:14.2907359Z CONFIG_CPU_FREQ_DEFAULT_GOV_PERFORMANCE=y
2024-05-21T19:05:14.2907832Z # CONFIG_CPU_FREQ_DEFAULT_GOV_POWERSAVE is not set
2024-05-21T19:05:14.2908352Z # CONFIG_CPU_FREQ_DEFAULT_GOV_USERSPACE is not set
2024-05-21T19:05:14.2908904Z # CONFIG_CPU_FREQ_DEFAULT_GOV_SCHEDUTIL is not set
2024-05-21T19:05:14.2909357Z CONFIG_CPU_FREQ_GOV_PERFORMANCE=y
2024-05-21T19:05:14.2909768Z # CONFIG_CPU_FREQ_GOV_POWERSAVE is not set
2024-05-21T19:05:14.2910196Z CONFIG_CPU_FREQ_GOV_USERSPACE=y
2024-05-21T19:05:14.2910559Z CONFIG_CPU_FREQ_GOV_ONDEMAND=y
2024-05-21T19:05:14.2910932Z CONFIG_CPU_FREQ_GOV_CONSERVATIVE=y
2024-05-21T19:05:14.2911317Z CONFIG_CPU_FREQ_GOV_SCHEDUTIL=y
2024-05-21T19:05:14.2911565Z 
2024-05-21T19:05:14.2911650Z #
2024-05-21T19:05:14.2911905Z # CPU frequency scaling drivers
2024-05-21T19:05:14.2912249Z #
2024-05-21T19:05:14.2912481Z CONFIG_X86_INTEL_PSTATE=y
2024-05-21T19:05:14.2912822Z # CONFIG_X86_PCC_CPUFREQ is not set
2024-05-21T19:05:14.2913205Z CONFIG_X86_AMD_PSTATE=y
2024-05-21T19:05:14.2913537Z CONFIG_X86_AMD_PSTATE_DEFAULT_MODE=3
2024-05-21T19:05:14.2913955Z # CONFIG_X86_AMD_PSTATE_UT is not set
2024-05-21T19:05:14.2914374Z CONFIG_X86_ACPI_CPUFREQ=y
2024-05-21T19:05:14.2914718Z CONFIG_X86_ACPI_CPUFREQ_CPB=y
2024-05-21T19:05:14.2915107Z CONFIG_X86_POWERNOW_K8=y
2024-05-21T19:05:14.2915509Z # CONFIG_X86_AMD_FREQ_SENSITIVITY is not set
2024-05-21T19:05:14.2915980Z # CONFIG_X86_SPEEDSTEP_CENTRINO is not set
2024-05-21T19:05:14.2916429Z # CONFIG_X86_P4_CLOCKMOD is not set
2024-05-21T19:05:14.2916704Z 
2024-05-21T19:05:14.2916821Z #
2024-05-21T19:05:14.2917060Z # shared options
2024-05-21T19:05:14.2917352Z #
2024-05-21T19:05:14.2917632Z # end of CPU Frequency scaling
2024-05-21T19:05:14.2917882Z 
2024-05-21T19:05:14.2917979Z #
2024-05-21T19:05:14.2918235Z # CPU Idle
2024-05-21T19:05:14.2918506Z #
2024-05-21T19:05:14.2918745Z CONFIG_CPU_IDLE=y
2024-05-21T19:05:14.2919080Z CONFIG_CPU_IDLE_GOV_LADDER=y
2024-05-21T19:05:14.2919462Z CONFIG_CPU_IDLE_GOV_MENU=y
2024-05-21T19:05:14.2919821Z # CONFIG_CPU_IDLE_GOV_TEO is not set
2024-05-21T19:05:14.2920233Z # end of CPU Idle
2024-05-21T19:05:14.2920421Z 
2024-05-21T19:05:14.2920568Z # CONFIG_INTEL_IDLE is not set
2024-05-21T19:05:14.2920974Z # end of Power management and ACPI options
2024-05-21T19:05:14.2921317Z 
2024-05-21T19:05:14.2921413Z #
2024-05-21T19:05:14.2921688Z # Bus options (PCI etc.)
2024-05-21T19:05:14.2921995Z #
2024-05-21T19:05:14.2922253Z CONFIG_PCI_DIRECT=y
2024-05-21T19:05:14.2922577Z CONFIG_PCI_MMCONFIG=y
2024-05-21T19:05:14.2922890Z CONFIG_MMCONF_FAM10H=y
2024-05-21T19:05:14.2923252Z # CONFIG_PCI_CNB20LE_QUIRK is not set
2024-05-21T19:05:14.2923672Z # CONFIG_ISA_BUS is not set
2024-05-21T19:05:14.2924012Z CONFIG_ISA_DMA_API=y
2024-05-21T19:05:14.2924329Z CONFIG_AMD_NB=y
2024-05-21T19:05:14.2924651Z # end of Bus options (PCI etc.)
2024-05-21T19:05:14.2924908Z 
2024-05-21T19:05:14.2925008Z #
2024-05-21T19:05:14.2925269Z # Binary Emulations
2024-05-21T19:05:14.2925566Z #
2024-05-21T19:05:14.2925825Z # CONFIG_IA32_EMULATION is not set
2024-05-21T19:05:14.2926302Z # end of Binary Emulations
2024-05-21T19:05:14.2926537Z 
2024-05-21T19:05:14.2926689Z CONFIG_VIRTUALIZATION=y
2024-05-21T19:05:14.2927020Z # CONFIG_KVM is not set
2024-05-21T19:05:14.2927366Z CONFIG_AS_AVX512=y
2024-05-21T19:05:14.2927687Z CONFIG_AS_SHA1_NI=y
2024-05-21T19:05:14.2927995Z CONFIG_AS_SHA256_NI=y
2024-05-21T19:05:14.2928329Z CONFIG_AS_TPAUSE=y
2024-05-21T19:05:14.2928644Z CONFIG_AS_GFNI=y
2024-05-21T19:05:14.2928924Z CONFIG_AS_VAES=y
2024-05-21T19:05:14.2929232Z CONFIG_AS_VPCLMULQDQ=y
2024-05-21T19:05:14.2929565Z CONFIG_AS_WRUSS=y
2024-05-21T19:05:14.2929902Z CONFIG_ARCH_CONFIGURES_CPU_MITIGATIONS=y
2024-05-21T19:05:14.2930224Z 
2024-05-21T19:05:14.2930318Z #
2024-05-21T19:05:14.2930738Z # General architecture-dependent options
2024-05-21T19:05:14.2931141Z #
2024-05-21T19:05:14.2931411Z CONFIG_HOTPLUG_SMT=y
2024-05-21T19:05:14.2931845Z CONFIG_HOTPLUG_CORE_SYNC=y
2024-05-21T19:05:14.2932202Z CONFIG_HOTPLUG_CORE_SYNC_DEAD=y
2024-05-21T19:05:14.2932608Z CONFIG_HOTPLUG_CORE_SYNC_FULL=y
2024-05-21T19:05:14.2933021Z CONFIG_HOTPLUG_SPLIT_STARTUP=y
2024-05-21T19:05:14.2933388Z CONFIG_HOTPLUG_PARALLEL=y
2024-05-21T19:05:14.2933744Z CONFIG_GENERIC_ENTRY=y
2024-05-21T19:05:14.2934075Z CONFIG_KPROBES=y
2024-05-21T19:05:14.2934365Z CONFIG_JUMP_LABEL=y
2024-05-21T19:05:14.2934719Z # CONFIG_STATIC_KEYS_SELFTEST is not set
2024-05-21T19:05:14.2935185Z # CONFIG_STATIC_CALL_SELFTEST is not set
2024-05-21T19:05:14.2935585Z CONFIG_OPTPROBES=y
2024-05-21T19:05:14.2935915Z CONFIG_KPROBES_ON_FTRACE=y
2024-05-21T19:05:14.2936266Z CONFIG_UPROBES=y
2024-05-21T19:05:14.2936593Z CONFIG_HAVE_EFFICIENT_UNALIGNED_ACCESS=y
2024-05-21T19:05:14.2937035Z CONFIG_ARCH_USE_BUILTIN_BSWAP=y
2024-05-21T19:05:14.2937417Z CONFIG_KRETPROBES=y
2024-05-21T19:05:14.2937767Z CONFIG_KRETPROBE_ON_RETHOOK=y
2024-05-21T19:05:14.2938157Z CONFIG_HAVE_IOREMAP_PROT=y
2024-05-21T19:05:14.2938528Z CONFIG_HAVE_KPROBES=y
2024-05-21T19:05:14.2938850Z CONFIG_HAVE_KRETPROBES=y
2024-05-21T19:05:14.2939212Z CONFIG_HAVE_OPTPROBES=y
2024-05-21T19:05:14.2939553Z CONFIG_HAVE_KPROBES_ON_FTRACE=y
2024-05-21T19:05:14.2940002Z CONFIG_ARCH_CORRECT_STACKTRACE_ON_KRETPROBE=y
2024-05-21T19:05:14.2940491Z CONFIG_HAVE_FUNCTION_ERROR_INJECTION=y
2024-05-21T19:05:14.2940877Z CONFIG_HAVE_NMI=y
2024-05-21T19:05:14.2941203Z CONFIG_TRACE_IRQFLAGS_SUPPORT=y
2024-05-21T19:05:14.2941614Z CONFIG_TRACE_IRQFLAGS_NMI_SUPPORT=y
2024-05-21T19:05:14.2942006Z CONFIG_HAVE_ARCH_TRACEHOOK=y
2024-05-21T19:05:14.2942383Z CONFIG_HAVE_DMA_CONTIGUOUS=y
